task,duration_seconds
edge_acquisition,0.5825
edge_acquisition,0.5991
edge_acquisition,0.5928
edge_acquisition,0.6016
edge_acquisition,0.6114
edge_acquisition,0.6196
edge_acquisition,0.6194
edge_acquisition,0.6528
edge_acquisition,0.5946
edge_acquisition,0.5974
edge_acquisition,0.6007
edge_acquisition,0.6165
edge_acquisition,0.6137
edge_acquisition,0.5883
edge_acquisition,0.5903
edge_acquisition,0.5906
edge_acquisition,0.5910
edge_acquisition,0.6205
edge_acquisition,0.6212
edge_acquisition,0.6100
edge_acquisition,0.6092
edge_acquisition,0.6157
edge_acquisition,0.6215
edge_acquisition,0.6344
edge_acquisition,0.5849
edge_acquisition,0.5994
edge_acquisition,0.6045
edge_acquisition,0.6316
edge_acquisition,0.6126
edge_acquisition,0.6419
edge_acquisition,0.6336
edge_acquisition,0.6337
edge_acquisition,0.6001
edge_acquisition,0.5812
edge_acquisition,0.6086
edge_acquisition,0.5955
edge_acquisition,0.6122
edge_acquisition,0.6327
edge_acquisition,0.6339
edge_acquisition,0.6665
edge_acquisition,0.5960
edge_acquisition,0.6033
edge_acquisition,0.6421
edge_acquisition,0.6247
edge_acquisition,0.6462
edge_acquisition,0.6232
edge_acquisition,0.6260
edge_acquisition,0.6533
edge_acquisition,0.6006
edge_acquisition,0.6081
edge_acquisition,0.6107
edge_acquisition,0.6301
edge_acquisition,0.6657
edge_acquisition,0.6269
edge_acquisition,0.6622
edge_acquisition,0.6640
edge_acquisition,0.6052
edge_acquisition,0.6145
edge_acquisition,0.6101
edge_acquisition,0.6412
edge_acquisition,0.6389
edge_acquisition,0.7600
edge_acquisition,0.7694
edge_acquisition,0.7850
edge_acquisition,0.7499
edge_acquisition,0.7381
edge_acquisition,0.7327
edge_acquisition,0.7325
edge_acquisition,0.7230
edge_acquisition,0.6070
edge_acquisition,0.6047
edge_acquisition,0.5886
edge_acquisition,0.5161
edge_acquisition,0.5259
edge_acquisition,0.5159
edge_acquisition,0.5119
edge_acquisition,0.5067
edge_acquisition,0.5236
edge_acquisition,0.5147
edge_acquisition,0.5329
edge_acquisition,0.5124
edge_acquisition,0.5179
edge_acquisition,0.5187
edge_acquisition,0.5114
edge_acquisition,0.4979
edge_acquisition,0.5159
edge_acquisition,0.5090
edge_acquisition,0.5297
edge_acquisition,0.5160
edge_acquisition,0.5204
edge_acquisition,0.5124
edge_acquisition,0.5233
edge_acquisition,0.5262
edge_acquisition,0.5241
edge_acquisition,0.5109
edge_acquisition,0.5277
integrity_out,0.3147
integrity_out,0.3089
integrity_out,0.3069
edge_acquisition,0.5094
edge_acquisition,0.5123
edge_acquisition,0.5046
edge_acquisition,0.5126
integrity_out,0.3122
integrity_out,0.3000
integrity_out,0.3020
integrity_out,0.2997
integrity_out,0.3010
integrity_out,0.2957
integrity_out,0.2893
integrity_out,0.2787
integrity_out,0.2737
integrity_out,0.2764
integrity_out,0.2827
integrity_out,0.2814
integrity_out,0.2847
integrity_out,0.2779
integrity_out,0.2822
integrity_out,0.2685
integrity_out,0.2751
integrity_out,0.2753
integrity_out,0.2831
integrity_out,0.2844
integrity_out,0.2838
integrity_out,0.2763
integrity_out,0.2805
integrity_out,0.2829
integrity_out,0.2727
integrity_out,0.2974
integrity_out,0.2966
integrity_out,0.2838
integrity_out,0.2882
integrity_out,0.3189
integrity_out,0.3004
integrity_out,0.3137
integrity_out,0.3167
integrity_out,0.2806
integrity_out,0.2975
integrity_out,0.3106
integrity_out,0.2968
integrity_out,0.3212
integrity_out,0.2929
integrity_out,0.3064
integrity_out,0.2785
integrity_out,0.3114
integrity_out,0.2860
integrity_out,0.3032
integrity_out,0.2875
integrity_out,0.3208
integrity_out,0.2908
integrity_out,0.2832
integrity_out,0.3146
integrity_out,0.3084
integrity_out,0.3075
integrity_out,0.2863
integrity_out,0.3157
integrity_out,0.2893
integrity_out,0.2911
integrity_out,0.2754
integrity_out,0.3075
integrity_out,0.2779
integrity_out,0.2883
integrity_out,0.3066
integrity_out,0.3483
integrity_out,0.3719
integrity_out,0.3488
integrity_out,0.3328
integrity_out,0.3554
integrity_out,0.3394
integrity_out,0.3642
integrity_out,0.3782
integrity_out,0.3132
integrity_out,0.3128
integrity_out,0.3406
integrity_out,0.2929
integrity_out,0.3161
integrity_out,0.2856
integrity_out,0.2915
integrity_out,0.3135
integrity_out,0.2898
integrity_out,0.2915
integrity_out,0.3146
integrity_out,0.2807
integrity_out,0.3058
integrity_out,0.2806
integrity_out,0.2902
integrity_out,0.2882
integrity_out,0.2967
integrity_out,0.2943
integrity_out,0.3254
integrity_out,0.2811
integrity_out,0.3123
integrity_out,0.2914
integrity_out,0.3149
integrity_out,0.3172
integrity_out,0.3544
integrity_out,0.3498
integrity_out,0.3405
compress_out,0.4883
decrypt_in,0.4896
compress_out,0.4868
decrypt_in,0.4875
integrity_out,0.3248
compress_out,0.5110
decrypt_in,0.5117
integrity_out,0.3341
compress_out,0.4763
decrypt_in,0.4780
compress_out,0.4807
decrypt_in,0.4815
compress_out,0.4665
decrypt_in,0.4673
compress_out,0.4732
compress_out,0.4796
decrypt_in,0.4743
decrypt_in,0.4808
compress_out,0.4659
decrypt_in,0.4666
compress_out,0.4706
decrypt_in,0.4712
compress_out,0.4950
decrypt_in,0.4957
compress_out,0.4563
decrypt_in,0.4577
compress_out,0.4809
decrypt_in,0.4826
compress_out,0.4698
decrypt_in,0.4705
compress_out,0.4768
decrypt_in,0.4799
compress_out,0.4783
decrypt_in,0.4812
compress_out,0.4723
decrypt_in,0.4729
compress_out,0.4719
decrypt_in,0.4724
compress_out,0.4684
decrypt_in,0.4690
compress_out,0.4739
decrypt_in,0.4754
compress_out,0.4601
decrypt_in,0.4610
compress_out,0.4643
decrypt_in,0.4651
compress_out,0.4845
compress_out,0.4845
decrypt_in,0.4856
decrypt_in,0.4856
compress_out,0.4730
decrypt_in,0.4748
compress_out,0.4729
decrypt_in,0.4734
compress_out,0.4697
decrypt_in,0.4704
compress_out,0.4682
decrypt_in,0.4693
compress_out,0.4611
decrypt_in,0.4619
compress_out,0.4602
decrypt_in,0.4609
compress_out,0.4717
decrypt_in,0.4731
compress_out,0.4750
decrypt_in,0.4758
compress_out,0.4745
decrypt_in,0.4752
compress_out,0.4707
decrypt_in,0.4712
compress_out,0.4706
decrypt_in,0.4712
compress_out,0.4731
decrypt_in,0.4747
compress_out,0.4597
decrypt_in,0.4603
compress_out,0.5027
decrypt_in,0.5041
compress_out,0.4858
decrypt_in,0.4869
compress_out,0.4918
compress_out,0.4744
decrypt_in,0.4926
compress_out,0.4820
decrypt_in,0.4750
decrypt_in,0.4834
compress_out,0.4765
decrypt_in,0.4772
compress_out,0.4738
decrypt_in,0.4753
compress_out,0.4646
decrypt_in,0.4655
compress_out,0.4622
decrypt_in,0.4637
compress_out,0.4685
decrypt_in,0.4698
compress_out,0.4741
decrypt_in,0.4748
compress_out,0.4744
decrypt_in,0.4751
compress_out,0.4759
decrypt_in,0.4766
compress_out,0.4759
decrypt_in,0.4767
compress_out,0.4732
decrypt_in,0.4748
compress_out,0.4745
decrypt_in,0.4752
compress_out,0.4569
decrypt_in,0.4583
compress_out,0.4704
decrypt_in,0.4719
compress_out,0.4815
decrypt_in,0.4823
compress_out,0.4756
decrypt_in,0.4762
compress_out,0.4825
decrypt_in,0.4833
compress_out,0.5094
decrypt_in,0.5103
compress_out,0.4842
decrypt_in,0.4856
compress_out,0.4732
decrypt_in,0.4741
compress_out,0.4589
decrypt_in,0.4597
compress_out,0.4731
decrypt_in,0.4745
compress_out,0.4802
decrypt_in,0.4809
compress_out,0.4822
decrypt_in,0.4828
compress_out,0.4821
decrypt_in,0.4828
compress_out,0.4929
decrypt_in,0.4938
compress_out,0.4679
compress_out,0.4698
decrypt_in,0.4693
decrypt_in,0.4706
compress_out,0.4794
decrypt_in,0.4811
compress_out,6.0795
decrypt_in,6.0810
compress_out,5.8052
decrypt_in,5.8060
compress_out,6.1853
decrypt_in,6.1866
compress_out,5.6580
decrypt_in,5.6587
compress_out,6.7404
decrypt_in,6.7418
compress_out,1.3772
decrypt_in,1.3784
compress_out,7.7528
decrypt_in,7.7542
compress_out,1.1574
decrypt_in,1.1580
compress_out,1.7787
decrypt_in,1.7802
compress_out,0.5493
decrypt_in,0.5507
compress_out,2.4887
decrypt_in,2.4903
compress_out,8.5812
decrypt_in,8.5821
compress_out,2.5862
decrypt_in,2.5877
compress_out,0.6896
compress_out,0.9268
decrypt_in,0.6906
decrypt_in,0.9276
compress_out,8.6036
decrypt_in,8.6049
compress_out,0.4981
decrypt_in,0.4989
compress_out,1.3633
decrypt_in,1.3641
compress_out,0.4988
decrypt_in,0.4998
compress_out,0.6699
decrypt_in,0.6710
compress_out,0.4750
decrypt_in,0.4762
compress_out,1.2516
decrypt_in,1.2522
compress_out,0.7503
decrypt_in,0.7511
compress_out,0.8438
decrypt_in,0.8445
encrypt_out,0.1549
decode_in,0.1567
encrypt_out,0.1500
decode_in,0.1507
compress_out,0.4716
decrypt_in,0.4725
encrypt_out,0.1411
decode_in,0.1418
encrypt_out,0.0987
decode_in,0.1003
compress_out,0.4623
decrypt_in,0.4631
encrypt_out,0.1074
decode_in,0.1082
encrypt_out,0.1334
decode_in,0.1341
encrypt_out,0.0973
decode_in,0.0987
encrypt_out,0.1245
decode_in,0.1255
compress_out,0.6656
decrypt_in,0.6664
encrypt_out,0.1009
decode_in,0.1016
encrypt_out,0.1060
decode_in,0.1069
encrypt_out,0.1004
decode_in,0.1014
encrypt_out,0.0955
decode_in,0.0963
encrypt_out,0.0977
decode_in,0.0985
encrypt_out,0.0961
decode_in,0.0968
compress_out,0.5689
decrypt_in,0.5697
encrypt_out,0.1461
decode_in,0.1467
encrypt_out,0.0965
decode_in,0.0972
encrypt_out,0.1003
decode_in,0.1010
encrypt_out,0.1057
decode_in,0.1064
encrypt_out,0.1040
decode_in,0.1048
encrypt_out,0.1047
decode_in,0.1057
encrypt_out,0.1068
decode_in,0.1076
encrypt_out,0.1366
decode_in,0.1374
compress_out,0.5442
decrypt_in,0.5449
encrypt_out,0.0980
decode_in,0.0985
compress_out,0.6508
decrypt_in,0.6515
encrypt_out,0.1034
decode_in,0.1041
encrypt_out,0.0949
decode_in,0.0955
encrypt_out,0.1034
decode_in,0.1041
encrypt_out,0.0987
decode_in,0.0999
encrypt_out,0.1013
decode_in,0.1022
encrypt_out,0.1013
decode_in,0.1018
encrypt_out,0.1050
decode_in,0.1056
encrypt_out,0.1096
decode_in,0.1103
encrypt_out,0.0955
decode_in,0.0963
encrypt_out,0.1021
decode_in,0.1028
encrypt_out,0.1034
decode_in,0.1045
encrypt_out,0.0993
decode_in,0.1000
encrypt_out,0.1021
decode_in,0.1030
encrypt_out,0.1043
decode_in,0.1049
encrypt_out,0.1086
decode_in,0.1092
encrypt_out,0.1006
decode_in,0.1013
encrypt_out,0.0975
decode_in,0.0982
encrypt_out,0.1005
decode_in,0.1012
encrypt_out,0.1011
decode_in,0.1021
encrypt_out,0.0996
decode_in,0.1003
encrypt_out,0.1037
decode_in,0.1043
encrypt_out,0.1041
decode_in,0.1047
encrypt_out,0.1057
decode_in,0.1064
encrypt_out,0.1029
decode_in,0.1039
encrypt_out,0.0992
decode_in,0.0998
encrypt_out,0.1005
decode_in,0.1010
encrypt_out,0.0962
decode_in,0.0971
encrypt_out,0.1132
decode_in,0.1138
encrypt_out,0.1085
decode_in,0.1093
encrypt_out,0.1027
decode_in,0.1034
encrypt_out,0.1142
decode_in,0.1148
encrypt_out,0.1103
decode_in,0.1109
encrypt_out,0.1017
decode_in,0.1025
encrypt_out,0.0959
decode_in,0.0965
encrypt_out,0.1232
decode_in,0.1242
encrypt_out,0.1054
decode_in,0.1061
encrypt_out,0.1009
decode_in,0.1028
encrypt_out,0.1312
decode_in,0.1317
encrypt_out,0.1016
decode_in,0.1024
encrypt_out,0.1254
decode_in,0.1263
encrypt_out,0.1276
decode_in,0.1281
encrypt_out,0.1258
decode_in,0.1266
encrypt_out,0.0974
decode_in,0.0983
encrypt_out,0.1149
decode_in,0.1162
encrypt_out,0.1210
decode_in,0.1215
encrypt_out,0.1199
decode_in,0.1205
encrypt_out,0.1004
decode_in,0.1010
encrypt_out,0.1126
decode_in,0.1131
encrypt_out,0.1106
decode_in,0.1111
encrypt_out,0.1225
decode_in,0.1238
encrypt_out,0.0968
decode_in,0.0976
encrypt_out,0.0969
decode_in,0.0976
encrypt_out,0.1013
decode_in,0.1019
encrypt_out,0.1102
decode_in,0.1109
encrypt_out,0.0993
decode_in,0.1001
encrypt_out,0.1010
decode_in,0.1015
encrypt_out,0.1077
decode_in,0.1082
encrypt_out,0.1228
decode_in,0.1236
encrypt_out,0.0969
decode_in,0.0977
encrypt_out,0.0966
decode_in,0.0972
encrypt_out,0.0973
decode_in,0.0978
encrypt_out,0.1069
decode_in,0.1078
encrypt_out,0.1007
decode_in,0.1014
encrypt_out,0.1037
decode_in,0.1043
encrypt_out,0.1094
decode_in,0.1099
encrypt_out,0.1075
decode_in,0.1082
encrypt_out,0.0971
decode_in,0.0978
encrypt_out,0.0972
decode_in,0.0979
encrypt_out,0.0994
decode_in,0.1000
encrypt_out,0.0989
decode_in,0.0995
encrypt_out,0.1055
decode_in,0.1061
encrypt_out,0.1061
decode_in,0.1069
encrypt_out,0.0973
decode_in,0.0980
encode_out,0.2711
encode_out,0.2817
encode_out,0.2777
encode_out,0.2758
encode_out,0.2610
encode_out,0.2714
encrypt_out,0.0979
decode_in,0.0987
encode_out,0.2650
encrypt_out,0.1683
decode_in,0.1695
encrypt_out,0.1052
decode_in,0.1063
encode_out,0.3905

decode_in,0.2598
encode_out,0.2826
encrypt_out,0.2105
decode_in,0.2113
encrypt_out,0.2301
decode_in,0.2309
encode_out,0.2825
decrypt_in,0.1105
encrypt_out,0.2178
decode_in,0.2185
encode_out,0.2760
encode_out,0.2736
encode_out,0.2833
decrypt_in,0.1082
decrypt_in,0.1056
decrypt_in,0.0971
encode_out,0.2616
encode_out,0.2776
decrypt_in,0.1027
encode_out,0.2716
encrypt_out,0.1936
decode_in,0.1944
encode_out,0.2727
encode_out,0.2765
encrypt_out,0.1065
decode_in,0.1074
encode_out,0.2811
encode_out,0.2865
encrypt_out,0.0979
decode_in,0.0986
encrypt_out,0.1621
decode_in,0.1632
encode_out,0.3801
encode_out,0.2696
encode_out,0.2640
encode_out,0.2601
encode_out,0.2650
encode_out,0.2790
encode_out,0.2849
encode_out,0.2788
encode_out,0.2647
encrypt_out,0.5656
decode_in,0.5671
encode_out,0.2726
encode_out,0.3308
encode_out,0.2829
encrypt_out,1.1501
decode_in,1.1509
encrypt_out,0.8541
decode_in,0.8550
encode_out,0.2739
encrypt_out,0.4951
decode_in,0.4959
encode_out,0.2844
encode_out,0.2849
encode_out,0.3729
encrypt_out,0.9671
decode_in,0.9679
encode_out,0.2920
encrypt_out,1.2817
decode_in,1.2825
encrypt_out,1.0945
decode_in,1.0952
encrypt_out,0.1835
decode_in,0.1846
encode_out,0.2751
encode_out,0.2818
encode_out,0.2890
encrypt_out,0.1865
decode_in,0.1871
decrypt_in,0.0964
encode_out,0.2959
encode_out,0.2788
encode_out,0.2873
encode_out,0.3126
encrypt_out,0.1793
decode_in,0.1800
encode_out,0.2556
encrypt_out,0.1873
decode_in,0.1887
encrypt_out,0.1790
decode_in,0.1803
encode_out,0.2894
encode_out,0.2833
encode_out,0.2838
encrypt_out,0.2269
decode_in,0.2280
encode_out,0.2799
decrypt_in,0.1038
encode_out,0.2698
encode_out,0.2739
encode_out,0.2696
encrypt_out,0.1815
decode_in,0.1821
decompress_in,0.7469
encode_out,0.3482
encrypt_out,0.1733
decode_in,0.1742
decompress_in,0.7519
encrypt_out,0.1691
decode_in,0.1698
decompress_in,0.8298
encrypt_out,0.1717
decode_in,0.1725

decompress_in,0.7108
encrypt_out,0.1731
decode_in,0.1737
encode_out,0.2710
encode_out,0.2672
encode_out,0.2762
encode_out,0.3647
encode_out,0.2819
encrypt_out,0.1787
decode_in,0.1796
decrypt_in,0.1147
encrypt_out,0.1992
decode_in,0.2000
encrypt_out,0.1787
decode_in,0.1794
encrypt_out,0.2012
decode_in,0.2027
encode_out,0.4768

decode_in,0.1848
encode_out,0.2786
decompress_in,1.7972
decrypt_in,0.1080
encode_out,0.2776
decrypt_in,0.1125
encrypt_out,0.2279
decode_in,0.2286
decrypt_in,0.1380
encrypt_out,0.1845
decode_in,0.1851
encrypt_out,0.1812
decode_in,0.1817
encode_out,0.2664
encode_out,0.2725
encode_out,0.2881
encode_out,0.2909
decrypt_in,0.1157
encode_out,0.3224
decrypt_in,0.1172
encrypt_out,0.2025
encrypt_out,0.2265
decode_in,0.2044
decode_in,0.2279
decrypt_in,0.1111
encode_out,0.2615
encrypt_out,0.2119
encode_out,0.2816
decode_in,0.2180
encrypt_out,0.2137
decode_in,0.2186
decrypt_in,0.0964
encrypt_out,0.2028
decode_in,0.2034
decrypt_in,0.0943
encode_out,0.2732
encode_out,0.2715
encrypt_out,0.2028
decode_in,0.2035
encrypt_out,0.2099
decode_in,0.2109
encode_out,0.2761
encrypt_out,0.2300
decode_in,0.2306
encode_out,0.2794
encode_out,0.2805
encode_out,0.2791
encrypt_out,0.1908
decode_in,0.1915
encode_out,0.2574
decrypt_in,0.1042
encrypt_out,0.2232
decode_in,0.2238
decrypt_in,0.1048
encrypt_out,0.2212
decode_in,0.2217
encode_out,0.2612
encrypt_out,0.2615
decode_in,0.2620
decrypt_in,0.0926
encode_out,0.2619
decrypt_in,0.0912
encrypt_out,0.2362
decode_in,0.2373
encode_out,0.2706
encode_out,0.2720
encode_out,0.2737
encode_out,0.2697
encode_out,0.2809
encrypt_out,0.2309
decode_in,0.2316
encode_out,0.2688
encode_out,0.2739
encode_out,0.2556
encrypt_out,0.3687
decode_in,0.3696
encrypt_out,0.3917
decode_in,0.3922
encode_out,0.2540
encrypt_out,0.2910
decode_in,0.2916
encrypt_out,0.3947
decode_in,0.3954
encode_out,0.2753
encode_out,0.2846
encode_out,0.2809
encrypt_out,0.3590
decode_in,0.3598
encrypt_out,0.2534
decode_in,0.2542
decrypt_in,0.1182
encode_out,0.2720
decrypt_in,0.0923
encode_out,0.2768
decompress_in,0.8123
encode_out,0.2786
decrypt_in,0.0979
encrypt_out,0.1994
decode_in,0.2001
encode_out,0.2941
encode_out,0.2495
decrypt_in,0.1060
encrypt_out,0.1694
decode_in,0.1700
verify_in,0.3080
decrypt_in,0.1036
encode_out,0.2741
encode_out,0.2524
encode_out,0.2654
verify_in,0.3232
encode_out,0.3125
verify_in,0.3307
encrypt_out,0.1813
decode_in,0.1823
encrypt_out,0.2067
decode_in,0.2074
encrypt_out,0.1931
decode_in,0.1937
encrypt_out,0.1805
decode_in,0.1812
verify_in,0.3345
decompress_in,0.9012
decrypt_in,0.1364
decrypt_in,0.1320
encrypt_out,0.1992
decode_in,0.1999
decrypt_in,0.0941
decrypt_in,0.1298
decrypt_in,0.1444
decrypt_in,0.0918
encrypt_out,0.2128
decode_in,0.2135
encrypt_out,0.2075
decode_in,0.2084
encrypt_out,0.2040
decode_in,0.2054
decrypt_in,0.0973
decrypt_in,0.0973
verify_in,0.3180
encrypt_out,0.1814
decode_in,0.1822
encrypt_out,0.1685
decode_in,0.1692
encrypt_out,0.1811
decode_in,0.1820
encrypt_out,0.1694
decode_in,0.1707
decompress_in,0.6759
encrypt_out,0.1726
decode_in,0.1738
decrypt_in,0.1205
decrypt_in,0.0993
decompress_in,0.6216
decompress_in,0.6617
decompress_in,0.5850
decrypt_in,0.0962
decrypt_in,0.0927
encrypt_out,0.1773
decode_in,0.1781
decrypt_in,0.1059
encrypt_out,0.1751
decode_in,0.1764
encrypt_out,0.3673
decode_in,0.3679
decompress_in,0.5976
encrypt_out,0.1756
decode_in,0.1763
decompress_in,0.6017
decrypt_in,0.0973
decrypt_in,0.1027
decrypt_in,0.1061
encrypt_out,0.1753
decode_in,0.1764
decompress_in,0.6275
decrypt_in,0.0931
encrypt_out,0.1775
decode_in,0.1788
encrypt_out,0.1696
decode_in,0.1703
encrypt_out,0.1590
decode_in,0.1596
decrypt_in,0.1010
decompress_in,0.6500
decrypt_in,0.1103
encrypt_out,0.1872
decode_in,0.1878
decompress_in,0.6347
decrypt_in,0.1082
encrypt_out,0.1900
decode_in,0.1909
decrypt_in,0.1080
encrypt_out,0.2038
decode_in,0.2050
encrypt_out,0.1891
decode_in,0.1905
encrypt_out,0.1934
decode_in,0.1941
encrypt_out,0.1685
decode_in,0.1693
encrypt_out,0.1639
decode_in,0.1647
decrypt_in,0.0929
encrypt_out,0.1674
decode_in,0.1686
encrypt_out,0.1727
decode_in,0.1738
encrypt_out,0.1642
decode_in,0.1655
decrypt_in,0.1000
encrypt_out,0.1657
decode_in,0.1685
decrypt_in,0.0927
decompress_in,0.7744
decrypt_in,0.0938
decrypt_in,0.0962
encrypt_out,0.1564
decode_in,0.1571
decompress_in,0.7264
decompress_in,0.7216
decrypt_in,0.0977
encrypt_out,0.1778
decode_in,0.1785
decompress_in,0.9309
decrypt_in,0.0982
encrypt_out,0.1650
decode_in,0.1656
encrypt_out,0.2438
decode_in,0.2450
encrypt_out,0.1683
decode_in,0.1690
encrypt_out,0.1684
decode_in,0.1693
decrypt_in,0.1008
encrypt_out,0.2129
decode_in,0.2136
decrypt_in,0.0971
encrypt_out,0.2444
decode_in,0.2451
verify_in,0.3729
encrypt_out,0.2457
decode_in,0.2579
encrypt_out,0.2106
decode_in,0.2118
encrypt_out,0.2641
decode_in,0.2647
decompress_in,0.8403
decompress_in,0.8395
encrypt_out,0.2536
decode_in,0.2801
encrypt_out,0.2425
decode_in,0.2431
decompress_in,0.8443
decrypt_in,0.1005
decrypt_in,0.0947
decrypt_in,0.1008
decrypt_in,0.1589
decompress_in,1.3123
decompress_in,1.0254
decrypt_in,0.1073
verify_in,0.3384
decompress_in,0.7001
decompress_in,0.6489
decompress_in,0.6557
decompress_in,0.5571
decrypt_in,0.0922
decrypt_in,0.1004
decrypt_in,0.0927
decompress_in,0.6143
decompress_in,0.7297
decrypt_in,0.0961
decompress_in,0.6981
decrypt_in,0.0949
decrypt_in,0.0920
decompress_in,0.7719
decrypt_in,0.0916
decrypt_in,0.1058
verify_in,0.3262
verify_in,0.3105
decompress_in,0.5780
decompress_in,0.5733
verify_in,0.3026
verify_in,0.3135
decrypt_in,0.0984
decompress_in,0.6053
decrypt_in,0.1080
decrypt_in,0.0960
decompress_in,0.5616
decrypt_in,0.0929
decompress_in,0.5660
verify_in,0.3392
verify_in,0.3377
decompress_in,0.7069
decrypt_in,0.0949
decompress_in,0.6628
decompress_in,0.6436
decrypt_in,0.0899
verify_in,0.3151
decrypt_in,0.0889
decrypt_in,0.0949
decompress_in,0.5714
verify_in,0.3036
decrypt_in,0.1057
decompress_in,0.5962
verify_in,0.3151
decrypt_in,0.0965
decompress_in,0.6169
decrypt_in,0.1071
decrypt_in,0.0929
decompress_in,0.5899
decrypt_in,0.0943
decrypt_in,0.0934
decrypt_in,0.0942
decrypt_in,0.1006
decompress_in,0.5900
decrypt_in,0.0878
decrypt_in,0.0923
decrypt_in,0.0978
decompress_in,0.7383
decompress_in,0.7086
fog_preprocessing,7.4732
decompress_in,0.6607
verify_in,0.3319
fog_preprocessing,7.9274
decrypt_in,0.0968
fog_preprocessing,7.6173
verify_in,0.3171
verify_in,0.3089
decrypt_in,0.0982
decrypt_in,0.0977
decompress_in,0.6585
fog_preprocessing,7.6041
decrypt_in,0.1126
decrypt_in,0.1011
decompress_in,0.6798
verify_in,0.3266
decrypt_in,0.1074
decrypt_in,0.0978
decrypt_in,0.0957
decompress_in,0.6781
decrypt_in,0.0979
decrypt_in,0.1010
decrypt_in,0.0974
decrypt_in,0.0931
decrypt_in,0.0897
decompress_in,0.7229
verify_in,0.3131
verify_in,0.3221
decompress_in,0.7204
decompress_in,0.7153
verify_in,0.3087
verify_in,0.3472
verify_in,0.3474
fog_preprocessing,7.5129
decompress_in,0.7648
decompress_in,0.8879
decompress_in,0.9393
decompress_in,1.0194
verify_in,0.5445
verify_in,0.5409
verify_in,0.4670
verify_in,0.5006
decompress_in,0.9734
verify_in,0.3258
verify_in,0.3148
decompress_in,0.6439
decompress_in,0.6219
decompress_in,0.6964
verify_in,0.3312
decompress_in,0.6338
verify_in,0.3186
decompress_in,0.6617
decompress_in,0.6945
decompress_in,0.8008
decompress_in,0.6975
verify_in,0.3654
verify_in,0.3282
verify_in,0.3619
decompress_in,0.6570
decompress_in,0.6290
decompress_in,0.6178
verify_in,0.3221
verify_in,0.3072
decompress_in,0.7097
fog_preprocessing,6.8025
verify_in,0.2835
decompress_in,0.7224
verify_in,0.3063
fog_preprocessing,7.3334
verify_in,0.2722
decompress_in,0.6763
fog_preprocessing,6.7313
decompress_in,0.6578
fog_preprocessing,6.5868
fog_preprocessing,6.5619
fog_preprocessing,7.1751
decompress_in,0.6381
verify_in,0.3113
verify_in,0.3207
decompress_in,0.6686
verify_in,0.3271
decompress_in,0.6049
verify_in,0.3275
decompress_in,0.6392
decompress_in,0.6110
decompress_in,0.5999
decompress_in,0.6115
decompress_in,0.6495
fog_preprocessing,6.8394
verify_in,0.3309
decompress_in,0.6034
decompress_in,0.6604
verify_in,0.3700
integrity_out,0.0094
fog_preprocessing,7.3695
decompress_in,0.6928
integrity_out,0.0095
decompress_in,0.6809
integrity_out,0.0094
verify_in,0.3393
verify_in,0.3066
decompress_in,0.5913
decompress_in,0.6117
verify_in,0.3301
integrity_out,0.0105
decompress_in,0.6200
decompress_in,0.6365
decompress_in,0.6412
verify_in,0.3325
fog_preprocessing,6.8747
decompress_in,0.5960
decompress_in,0.6666
decompress_in,0.6874
verify_in,0.3317
fog_preprocessing,6.9169
decompress_in,0.5866
decompress_in,0.6252
fog_preprocessing,6.9050
verify_in,0.3407
decompress_in,0.6453
decompress_in,0.7122
decompress_in,0.7078
verify_in,0.3401
verify_in,0.3094
fog_preprocessing,6.7761
fog_preprocessing,6.7308
integrity_out,0.0112
fog_preprocessing,6.6723
verify_in,0.3381
verify_in,0.3166
verify_in,0.2768
verify_in,0.2797
fog_preprocessing,6.5725
fog_preprocessing,6.3495
fog_preprocessing,6.3028
verify_in,0.3071
fog_preprocessing,6.3804
fog_preprocessing,6.2975
verify_in,0.3378
verify_in,0.2891
verify_in,0.2747
fog_preprocessing,6.4334
verify_in,0.3034
fog_preprocessing,6.3549
fog_preprocessing,6.3434
verify_in,0.3124
verify_in,0.3319
verify_in,0.3379
verify_in,0.3285
fog_preprocessing,6.4786
fog_preprocessing,6.5016
fog_preprocessing,6.2946
verify_in,0.2972
fog_preprocessing,6.7331
verify_in,0.2922
verify_in,0.3108
verify_in,0.3148
integrity_out,0.0123
fog_preprocessing,6.2575
verify_in,0.3324
fog_preprocessing,6.4499
integrity_out,0.0092
fog_preprocessing,6.2930
fog_preprocessing,6.3209
integrity_out,0.0095
verify_in,0.3113
integrity_out,0.0102
verify_in,0.3113
integrity_out,0.0094
integrity_out,0.0095
fog_preprocessing,6.4038
verify_in,0.3115
verify_in,0.3068
fog_preprocessing,6.3235
fog_preprocessing,6.3874
verify_in,0.3092
fog_preprocessing,6.3923
verify_in,0.3239
verify_in,0.2771
verify_in,0.3034
fog_preprocessing,6.2894
integrity_out,0.0116
verify_in,0.3233
verify_in,0.3393
verify_in,0.3133
verify_in,0.3374
compress_out,0.0243
decrypt_in,0.0251
integrity_out,0.0099
verify_in,0.2992
fog_preprocessing,6.4479
compress_out,0.0759
decrypt_in,0.0773
compress_out,0.0143
decrypt_in,0.0150
verify_in,0.3225
fog_preprocessing,6.3302
fog_preprocessing,6.4180
verify_in,0.3076
fog_preprocessing,6.3257
verify_in,0.3110
compress_out,0.0227
decrypt_in,0.0233
verify_in,0.3074
verify_in,0.3075
verify_in,0.3110
integrity_out,0.0118
verify_in,0.2952
verify_in,0.3169
verify_in,0.3023
fog_preprocessing,6.6030
integrity_out,0.0108
verify_in,0.2776
verify_in,0.3085
integrity_out,0.0095
fog_preprocessing,6.3411
verify_in,0.3165
fog_preprocessing,6.3301
verify_in,0.3121
verify_in,0.3202
fog_preprocessing,6.4723
integrity_out,0.0088
integrity_out,0.0099
compress_out,0.0160
decrypt_in,0.0166
integrity_out,0.0094
fog_preprocessing,6.4604
fog_preprocessing,6.3614
fog_preprocessing,6.3402
fog_preprocessing,6.5016
integrity_out,0.0105
integrity_out,0.0095
integrity_out,0.0082
fog_preprocessing,6.3180
integrity_out,0.0109
integrity_out,0.0098
fog_preprocessing,6.2869
fog_preprocessing,6.3867
fog_preprocessing,6.2639
integrity_out,0.0096
fog_preprocessing,6.1963
integrity_out,0.0100
integrity_out,0.0103
fog_preprocessing,6.3544
fog_preprocessing,6.3159
fog_preprocessing,6.4194
fog_preprocessing,6.2221
integrity_out,0.0095
integrity_out,0.0086
integrity_out,0.0099
fog_preprocessing,6.2598
integrity_out,0.0165
fog_preprocessing,6.2688
fog_preprocessing,6.1995
fog_preprocessing,6.1637
compress_out,0.0188
decrypt_in,0.0195
integrity_out,0.0099
fog_preprocessing,6.3293
integrity_out,0.0110
compress_out,0.0192
decrypt_in,0.0201
integrity_out,0.0101
integrity_out,0.0083
compress_out,0.0142
decrypt_in,0.0150
fog_preprocessing,6.2927
compress_out,0.0243
decrypt_in,0.0251
fog_preprocessing,6.3480
compress_out,0.0259
decrypt_in,0.0268
compress_out,0.0193
decrypt_in,0.0202
integrity_out,0.0088
fog_preprocessing,6.2421
fog_preprocessing,6.3426
integrity_out,0.0156
integrity_out,0.0088
fog_preprocessing,6.3126
integrity_out,0.0103
fog_preprocessing,6.2167
fog_preprocessing,6.2652
fog_preprocessing,6.3065
integrity_out,0.0117
compress_out,0.0203
decrypt_in,0.0210
fog_preprocessing,6.2927
fog_preprocessing,6.3681
fog_preprocessing,6.2588
fog_preprocessing,6.2335
encrypt_out,0.0334
decode_in,0.0342
fog_preprocessing,6.3649
compress_out,0.0285
decrypt_in,0.0292
integrity_out,0.0106
encrypt_out,0.0174
decode_in,0.0181
encrypt_out,0.0108
decode_in,0.0115
fog_preprocessing,6.1638
integrity_out,0.0177
integrity_out,0.0091
fog_preprocessing,6.5057
integrity_out,0.0104
fog_preprocessing,6.2773
encrypt_out,0.0157
decode_in,0.0164
fog_preprocessing,6.2545
fog_preprocessing,6.2930
fog_preprocessing,6.2648
compress_out,0.0255
decrypt_in,0.0262
fog_preprocessing,6.3014
fog_preprocessing,6.3016
fog_preprocessing,6.1649
integrity_out,0.0097
compress_out,0.0155
decrypt_in,0.0162
fog_preprocessing,6.1816
fog_preprocessing,6.2528
compress_out,0.0239
decrypt_in,0.0247
integrity_out,0.0100
fog_preprocessing,6.2411
integrity_out,0.0117
fog_preprocessing,6.3537
fog_preprocessing,6.1942
integrity_out,0.0106
compress_out,0.0256
decrypt_in,0.0264
compress_out,0.0151
decrypt_in,0.0159
encrypt_out,0.0104
decode_in,0.0115
compress_out,0.0215
decrypt_in,0.0223
integrity_out,0.0085
integrity_out,0.0090
integrity_out,0.0088
integrity_out,0.0106
compress_out,0.0139
decrypt_in,0.0147
compress_out,0.0139
decrypt_in,0.0146
compress_out,0.0136
decrypt_in,0.0144
integrity_out,0.0095
compress_out,0.0154
decrypt_in,0.0162
compress_out,0.0309
decrypt_in,0.0317
integrity_out,0.0101
integrity_out,0.0107
integrity_out,0.0096
compress_out,0.0154
decrypt_in,0.0162
integrity_out,0.0095
compress_out,0.0165
decrypt_in,0.0174
compress_out,0.0172
decrypt_in,0.0180
integrity_out,0.0100
integrity_out,0.0090
integrity_out,0.0091
integrity_out,0.0084
compress_out,0.0154
decrypt_in,0.0164
compress_out,0.0150
decrypt_in,0.0157
compress_out,0.0147
decrypt_in,0.0155
integrity_out,0.0101
compress_out,0.0142
decrypt_in,0.0149
integrity_out,0.0104
integrity_out,0.0089
integrity_out,0.0090
encrypt_out,0.0092
decode_in,0.0098
compress_out,0.0148
decrypt_in,0.0156
integrity_out,0.0103
compress_out,0.0141
decrypt_in,0.0148
encrypt_out,0.0087
decode_in,0.0095
compress_out,0.0151
decrypt_in,0.0158
compress_out,0.0153
decrypt_in,0.0160
encrypt_out,0.0087
decode_in,0.0094
integrity_out,0.0101
encrypt_out,0.0090
decode_in,0.0096
integrity_out,0.0098
encrypt_out,0.0091
decode_in,0.0097
encrypt_out,0.0093
decode_in,0.0099
compress_out,0.0148
decrypt_in,0.0155
integrity_out,0.0095
integrity_out,0.0109
compress_out,0.0145
decrypt_in,0.0153
compress_out,0.0138
decrypt_in,0.0145
integrity_out,0.0103
compress_out,0.0166
decrypt_in,0.0173
integrity_out,0.0092
integrity_out,0.0106
integrity_out,0.0099
compress_out,0.0161
decrypt_in,0.0168
encrypt_out,0.0095
decode_in,0.0102
integrity_out,0.0104
integrity_out,0.0107
integrity_out,0.0088
integrity_out,0.0097
encode_out,0.0233
integrity_out,0.0101
encrypt_out,0.0089
decode_in,0.0096
compress_out,0.0152
decrypt_in,0.0158
encrypt_out,0.0423
decode_in,0.0432
encode_out,0.0217
encode_out,0.0216
decrypt_in,0.0285
integrity_out,0.0091
encrypt_out,0.0354
decode_in,0.0359
compress_out,0.0139
decrypt_in,0.0145
encrypt_out,0.0305
decode_in,0.0311
compress_out,0.0131
decompress_in,0.0313
decrypt_in,0.0138
decrypt_in,0.0244
integrity_out,0.0093
fog_preprocessing,6.3826
verify_in,0.0129
decrypt_in,0.0250
integrity_out,0.0104
compress_out,0.0148
decrypt_in,0.0155
fog_preprocessing,6.4703
integrity_out,0.0111
decompress_in,0.0312
integrity_out,0.0092
integrity_out,0.0091
encrypt_out,0.0118
decode_in,0.0122
integrity_out,0.0093
verify_in,0.0092
encode_out,0.0413
decompress_in,0.0282
integrity_out,0.0097
integrity_out,0.0089
fog_preprocessing,6.2363
encrypt_out,0.0091
decode_in,0.0096
integrity_out,0.0091
compress_out,0.0156
decrypt_in,0.0166
integrity_out,0.0089
encrypt_out,0.0086
decode_in,0.0093
integrity_out,0.0092
compress_out,0.0137
decrypt_in,0.0142
integrity_out,0.0090
compress_out,0.0140
integrity_out,0.0091
decrypt_in,0.0144
encrypt_out,0.0088
decode_in,0.0093
compress_out,0.0135
decrypt_in,0.0141
encrypt_out,0.0096
decode_in,0.0100
encrypt_out,0.0093
decode_in,0.0099
compress_out,0.0132
decrypt_in,0.0138
verify_in,0.0411

compress_out,0.0177
decrypt_in,0.0182
compress_out,0.0136
decrypt_in,0.0142
compress_out,0.0195
decrypt_in,0.0200
encrypt_out,0.0091
decode_in,0.0097
encrypt_out,0.0090
decode_in,0.0097
encrypt_out,0.0085
decode_in,0.0090
encrypt_out,0.0091
decode_in,0.0095
compress_out,0.0152
decrypt_in,0.0156
compress_out,0.0133
decrypt_in,0.0138
compress_out,0.0139
decrypt_in,0.0143
encrypt_out,0.0309
compress_out,0.0141
decode_in,0.0313
decrypt_in,0.0145
encrypt_out,0.0083
decode_in,0.0090
encrypt_out,0.0086
decode_in,0.0091
compress_out,0.0139
decrypt_in,0.0146
encrypt_out,0.0096
decode_in,0.0104
compress_out,0.0132
decrypt_in,0.0137
compress_out,0.0133
decrypt_in,0.0138
encrypt_out,0.1287
decode_in,0.1292
encrypt_out,0.0083
decode_in,0.0090
compress_out,0.0146
decrypt_in,0.0152
encrypt_out,0.0085
decode_in,0.0090
encrypt_out,0.0083
decode_in,0.0088
encrypt_out,0.0405
decode_in,0.0410
compress_out,0.0143
decrypt_in,0.0148
compress_out,0.0345
encrypt_out,0.0085
decrypt_in,0.0350
decode_in,0.0090
compress_out,0.0138
decrypt_in,0.0144
encrypt_out,0.0082
decode_in,0.0086
encode_out,0.0201
compress_out,0.0279
decrypt_in,0.0285
compress_out,0.0283
decrypt_in,0.0288
compress_out,0.0133
decrypt_in,0.0139
encrypt_out,0.0085
decode_in,0.0094
encrypt_out,0.0090
decode_in,0.0095
encrypt_out,0.0081
decode_in,0.0087
encode_out,0.0206
compress_out,0.0136
decrypt_in,0.0142
fog_preprocessing,6.3099
encode_out,0.0293
encode_out,0.0207
compress_out,0.0152
decrypt_in,0.0158
encrypt_out,0.0086
decode_in,0.0091
decrypt_in,0.0247
compress_out,0.0130
decrypt_in,0.0134
encode_out,0.0193
compress_out,0.0146
decrypt_in,0.0151
encrypt_out,0.0083
decode_in,0.0089
encode_out,0.0256
encrypt_out,0.0083
decode_in,0.0088
encrypt_out,0.0097
decode_in,0.0101
compress_out,0.0152
decrypt_in,0.0156
decrypt_in,0.0234
compress_out,0.0134
decrypt_in,0.0139
compress_out,0.0133
decrypt_in,0.0139
encrypt_out,0.0125
decode_in,0.0129
compress_out,0.0227
decrypt_in,0.0233
compress_out,0.0166
decrypt_in,0.0171
compress_out,0.0135
decrypt_in,0.0140
encode_out,0.0270
compress_out,0.0145
decrypt_in,0.0150
compress_out,0.0132
decrypt_in,0.0138
compress_out,0.0149
decrypt_in,0.0154
encrypt_out,0.0094
decode_in,0.0099
encrypt_out,0.0096
encode_out,0.0183
decode_in,0.0101
compress_out,0.0142
decode_in,0.0326
decrypt_in,0.0150
encrypt_out,0.0088
decode_in,0.0093
integrity_out,0.0091
compress_out,0.0139
decrypt_in,0.0144
encrypt_out,0.0091
decode_in,0.0096
integrity_out,0.0095
compress_out,0.0132
compress_out,0.0244
decrypt_in,0.0137
decrypt_in,0.0251
compress_out,0.0140
decrypt_in,0.0146
compress_out,0.0148
decrypt_in,0.0153
encrypt_out,0.0288
decode_in,0.0293
compress_out,0.0136
decrypt_in,0.0141
integrity_out,0.0091
compress_out,0.0151
decrypt_in,0.0159
compress_out,0.0141
decrypt_in,0.0147
encode_out,0.0316
encrypt_out,0.0085
decode_in,0.0089
encrypt_out,0.0282
decode_in,0.0289
compress_out,0.0146
encrypt_out,0.0264
decrypt_in,0.0152
decode_in,0.0270
compress_out,0.0152
decrypt_in,0.0159
encode_out,0.0187
compress_out,0.0133
decrypt_in,0.0138
encrypt_out,0.0096
decode_in,0.0100
encode_out,0.0198
compress_out,0.0149
encrypt_out,0.0248

decrypt_in,0.0153
encrypt_out,0.0089
decrypt_in,0.0160
decode_in,0.0101
encrypt_out,0.0089
decode_in,0.0094
decompress_in,0.0273
encrypt_out,0.0098
decode_in,0.0103
encrypt_out,0.0086
encode_out,0.0225
decode_in,0.0090
encode_out,0.0216
encrypt_out,0.0084
decode_in,0.0092
encrypt_out,0.0083
decode_in,0.0090
encrypt_out,0.0260
decode_in,0.0264
encode_out,0.0288
encrypt_out,0.0096
decode_in,0.0101
encode_out,0.0205
decompress_in,0.0260
encode_out,0.0213
encode_out,0.0241
encrypt_out,0.0094
decode_in,0.0099
encode_out,0.0395
encrypt_out,0.0094
decode_in,0.0099
encrypt_out,0.0114
decode_in,0.0119
encrypt_out,0.0099
decode_in,0.0103
encode_out,0.0211
encode_out,0.0205
encrypt_out,0.0094
decode_in,0.0099
encrypt_out,0.0098
decode_in,0.0102
encode_out,0.0205
encode_out,0.0331
encrypt_out,0.0297
decode_in,0.0302
encrypt_out,0.0096
decode_in,0.0100
encode_out,0.0199
encrypt_out,0.0090
decode_in,0.0095
encode_out,0.0191
encrypt_out,0.0109
decode_in,0.0114
encrypt_out,0.0270
encrypt_out,0.0092
decode_in,0.0275
decode_in,0.0097
decrypt_in,0.0222
encrypt_out,0.0097
decode_in,0.0101
encode_out,0.0352
encode_out,0.0204
encrypt_out,0.0089
decode_in,0.0103
encode_out,0.0189
encrypt_out,0.0099
decode_in,0.0104
encrypt_out,0.0091
decode_in,0.0095
encode_out,0.0193
encode_out,0.0197
integrity_out,0.0090
encrypt_out,0.0097
decode_in,0.0103
encode_out,0.0268
encrypt_out,0.0099
decode_in,0.0113
encrypt_out,0.0104
decode_in,0.0110
encode_out,0.0201
encrypt_out,0.0092
decode_in,0.0095
encode_out,0.0201
encode_out,0.0198
encrypt_out,0.0098
decode_in,0.0103
decrypt_in,0.0143
encrypt_out,0.0090
decode_in,0.0095
encrypt_out,0.0087
decode_in,0.0091
encrypt_out,0.0092
decode_in,0.0097
encrypt_out,0.0097
decode_in,0.0102
encode_out,0.0187
encrypt_out,0.0085
decode_in,0.0090
encrypt_out,0.0094
decode_in,0.0100
encrypt_out,0.0096
decode_in,0.0100
encrypt_out,0.0092
decode_in,0.0096
encode_out,0.0556
decrypt_in,0.0194
encode_out,0.0193
encrypt_out,0.0322
decode_in,0.0328
encode_out,0.0216
decrypt_in,0.0158
encrypt_out,0.0105
decode_in,0.0111
compress_out,0.0145
decrypt_in,0.0150
encode_out,0.0296
encode_out,0.0197
encrypt_out,0.0102
decode_in,0.0108
encrypt_out,0.0092
decode_in,0.0098
compress_out,0.0156
decrypt_in,0.0161
encrypt_out,0.0254
decode_in,0.0260
encrypt_out,0.0099
decode_in,0.0105
encrypt_out,0.0094
decode_in,0.0099
encrypt_out,0.0097
decode_in,0.0103
encrypt_out,0.0116
decode_in,0.0121
encrypt_out,0.0096
decode_in,0.0100
compress_out,0.0166
decrypt_in,0.0172
encrypt_out,0.0092
decrypt_in,0.0139

decode_in,0.0097
encrypt_out,0.0279
decode_in,0.0150
decode_in,0.0290
encrypt_out,0.0093
decode_in,0.0099
encode_out,0.0192
encrypt_out,0.0091
decode_in,0.0095
encrypt_out,0.0108
decode_in,0.0112
verify_in,0.0104
encode_out,0.0285
encode_out,0.0187
encode_out,0.0200
encode_out,0.0312
encode_out,0.0236
decrypt_in,0.0139
encrypt_out,0.0278
decode_in,0.0283
encrypt_out,0.0319
decode_in,0.0325
encode_out,0.0201
verify_in,0.0103
encode_out,0.0190
encode_out,0.0394
encrypt_out,0.0294
decode_in,0.0299
encrypt_out,0.0261
decode_in,0.0265
encode_out,0.0191
encrypt_out,0.0275
decode_in,0.0280
encrypt_out,0.0297
decode_in,0.0306
encrypt_out,0.0245
decode_in,0.0250
encode_out,0.0194
encode_out,0.0199
encode_out,0.0189
encrypt_out,0.0253
decode_in,0.0258
encode_out,0.0193
encrypt_out,0.0273
decode_in,0.0278
encode_out,0.0259
decrypt_in,0.0138
encrypt_out,0.0253
decode_in,0.0258
encode_out,0.0208
encrypt_out,0.0324
decode_in,0.0330
encode_out,0.0288
encrypt_out,0.0269
decode_in,0.0275
decrypt_in,0.0137
encrypt_out,0.0401
decode_in,0.0408
encode_out,0.0248
encode_out,0.0195
decompress_in,0.0252
encode_out,0.0402
encrypt_out,0.0257
decode_in,0.0263
encode_out,0.0209
encrypt_out,0.0263
decode_in,0.0269
encode_out,0.0194
encrypt_out,0.0259
decode_in,0.0264
compress_out,0.0134
decrypt_in,0.0139
encrypt_out,0.0259
decode_in,0.0266
encode_out,0.0327
encrypt_out,0.0266
decode_in,0.0271
encode_out,0.0197
encode_out,0.0279
encode_out,0.0190
encrypt_out,0.0257
decode_in,0.0262
encode_out,0.0191
encrypt_out,0.0292
decode_in,0.0297
encrypt_out,0.0252
decode_in,0.0257
encrypt_out,0.0265
decode_in,0.0270
decompress_in,0.0243
encode_out,0.0244
encode_out,0.0228
encode_out,0.0218
encode_out,0.0206
encode_out,0.0202
encrypt_out,0.0245
decode_in,0.0249
encode_out,0.0328
encode_out,0.0187
encode_out,0.0323
encode_out,0.0321
decrypt_in,0.0133
encrypt_out,0.0290
decode_in,0.0295
encrypt_out,0.0254
decode_in,0.0259
encrypt_out,0.0091
decompress_in,0.0321
encrypt_out,0.0233
decode_in,0.0238
encode_out,0.0257
decompress_in,0.0218
encrypt_out,0.0260
decode_in,0.0265
encrypt_out,0.0252
decode_in,0.0256
encode_out,0.0190
decrypt_in,0.0123
encrypt_out,0.0089
decode_in,0.0094
encode_out,0.0199
encode_out,0.0187
encode_out,0.0182
encode_out,0.0279
encrypt_out,0.0139
decode_in,0.0144
encode_out,0.0232
encode_out,0.0272
decrypt_in,0.0127
decompress_in,0.0233
encode_out,0.0208
encode_out,0.0263
encode_out,0.0291
encrypt_out,0.0272
decode_in,0.0277
encode_out,0.0195
encode_out,0.0195
encrypt_out,0.0271
decode_in,0.0277
encrypt_out,0.0274
decode_in,0.0278
encrypt_out,0.0258
decode_in,0.0262
encrypt_out,0.0254
decode_in,0.0260
decrypt_in,0.0124
decompress_in,0.0217
encrypt_out,0.0263
decode_in,0.0269
decrypt_in,0.0127
encrypt_out,0.0249
decode_in,0.0255
decrypt_in,0.0678
encrypt_out,0.0105
decode_in,0.0112
encrypt_out,0.1089
decode_in,0.1097
encrypt_out,0.1037
decode_in,0.1042
decrypt_in,0.0164
decrypt_in,0.0135
decrypt_in,0.0220
decrypt_in,0.0137
encrypt_out,0.0349
decode_in,0.0354
encrypt_out,0.0290
decode_in,0.0295
encrypt_out,0.0276
decode_in,0.0281
encrypt_out,0.0270
decode_in,0.0274
decrypt_in,0.0138
encode_out,0.0295
decrypt_in,0.0136
encrypt_out,0.0276
decode_in,0.0281
encrypt_out,0.0285
decode_in,0.0290
decompress_in,0.0228
decrypt_in,0.0137
encode_out,0.0373
encode_out,0.0209
decrypt_in,0.0124
encrypt_out,0.0267
decode_in,0.0273
encrypt_out,0.0264
decrypt_in,0.0134
decode_in,0.0270
decrypt_in,0.0122
decompress_in,0.0235
verify_in,0.0108
encrypt_out,0.0324
decode_in,0.0330
encrypt_out,0.0277
decode_in,0.0282
decrypt_in,0.0138
encode_out,0.0275
encrypt_out,0.0285
decode_in,0.0291
decrypt_in,0.0142
encrypt_out,0.0262
decode_in,0.0268
decrypt_in,0.0121
decrypt_in,0.0203
encrypt_out,0.0274
decode_in,0.0279
decrypt_in,0.0123
encrypt_out,0.0266
decode_in,0.0270
encrypt_out,0.0267
decode_in,0.0272
decrypt_in,0.0123
encrypt_out,0.0245
decode_in,0.0250
decrypt_in,0.0121
encrypt_out,0.0268
decode_in,0.0274
encrypt_out,0.0278
decode_in,0.0283
decrypt_in,0.0131
decrypt_in,0.0134
verify_in,0.0102
encrypt_out,0.0260
decode_in,0.0268
encrypt_out,0.0273
decode_in,0.0279
encrypt_out,0.0260
decode_in,0.0265
decrypt_in,0.0138
encrypt_out,0.0282
decode_in,0.0287
encrypt_out,0.0314
decode_in,0.0321
encrypt_out,0.0261
decode_in,0.0267
encrypt_out,0.0274
decode_in,0.0279
encrypt_out,0.0275
decode_in,0.0281
encrypt_out,0.0255
decode_in,0.0260
decompress_in,0.0220
decrypt_in,0.0128
verify_in,0.0104
decrypt_in,0.0135
decrypt_in,0.0144
verify_in,0.0109
decrypt_in,0.0149
encrypt_out,0.0315
decode_in,0.0320
decrypt_in,0.0161
encrypt_out,0.0285
decode_in,0.0291
decompress_in,0.0219
encrypt_out,0.0258
decode_in,0.0263
encrypt_out,0.0263
decode_in,0.0269
encrypt_out,0.0298
decode_in,0.0303
encrypt_out,0.0285
decode_in,0.0291
encrypt_out,0.0270
decode_in,0.0275
decompress_in,0.0219
encrypt_out,0.0266
decode_in,0.0272
verify_in,0.0104
encrypt_out,0.0277
decode_in,0.0283
fog_preprocessing,6.5204
encrypt_out,0.0271
decode_in,0.0276
encrypt_out,0.0366
decode_in,0.0371
decrypt_in,0.0132
integrity_out,0.0099
decrypt_in,0.0121
encrypt_out,0.0271
decode_in,0.0276
decrypt_in,0.0122
encrypt_out,0.0346
decode_in,0.0358
compress_out,0.0187
decrypt_in,0.0192
decrypt_in,0.0152
decrypt_in,0.0148
verify_in,0.0095
decompress_in,0.0221
encrypt_out,0.0140
decode_in,0.0145
decrypt_in,0.0159
decrypt_in,0.0127
encode_out,0.0234
decrypt_in,0.1016
decompress_in,0.1781
decrypt_in,0.0144
decompress_in,0.1570
decompress_in,0.0225
decompress_in,0.0226
decompress_in,0.0239
decrypt_in,0.0127
decrypt_in,0.0133
decompress_in,0.0228
decrypt_in,0.0131
decrypt_in,0.0135
decompress_in,0.0234
decompress_in,0.0224
955
encrypt_out,0.0274
decode_in,0.0279
decrypt_in,0.0125
decrypt_in,0.0129
verify_in,0.0093
integrity_out,0.0124
decompress_in,0.0215
encrypt_out,0.0311
decode_in,0.0317
encrypt_out,0.0320
decode_in,0.0325
decompress_in,0.0224
decrypt_in,0.0131
decrypt_in,0.0139
compress_out,0.0405
decrypt_in,0.0411
decompress_in,0.0217
verify_in,0.0091
encrypt_out,0.0090
decode_in,0.0094
decompress_in,0.0221
decrypt_in,0.0123
decrypt_in,0.0128
decompress_in,0.0218
decrypt_in,0.0127
encode_out,0.0277
decompress_in,0.0224
encrypt_out,0.0269
decode_in,0.0274
decrypt_in,0.0127
decompress_in,0.0207
decrypt_in,0.0127
decompress_in,0.0303
decrypt_in,0.0127
decompress_in,0.0214
decrypt_in,0.0124
decompress_in,0.0225
decrypt_in,0.0124
decrypt_in,0.0124
decrypt_in,0.0127
decompress_in,0.0416
decompress_in,0.0213
decompress_in,0.0224
decrypt_in,0.0133
decrypt_in,0.0133
decrypt_in,0.0131
decompress_in,0.0390
decrypt_in,0.0131
decrypt_in,0.0131
decrypt_in,0.0128
decrypt_in,0.0131
decrypt_in,0.0127
decrypt_in,0.0129
verify_in,0.0095
decompress_in,0.0244
fog_preprocessing,6.5249
integrity_out,0.0098
compress_out,0.0183
decrypt_in,0.0189
encrypt_out,0.0101
decode_in,0.0106
encode_out,0.0305
cloud_inference,19.0923
decompress_in,0.0390
decompress_in,0.0304
cloud_inference,20.3406
decompress_in,0.0626
decrypt_in,0.0298
decompress_in,0.0421
decrypt_in,0.0176
verify_in,0.0158
decrypt_in,0.0431
decrypt_in,0.0166
decrypt_in,0.0325
decrypt_in,0.0104
decrypt_in,0.0367
verify_in,0.0319
decrypt_in,0.0267
cloud_inference,21.1575
decrypt_in,0.0400
decrypt_in,0.0218
decrypt_in,0.0225
decompress_in,0.0275
decompress_in,0.0422
decrypt_in,0.0136
decompress_in,0.0531
decrypt_in,0.0171
decompress_in,0.0397
decompress_in,0.0332
cloud_inference,20.8007
verify_in,0.0172
decompress_in,0.0500
decompress_in,0.0674
cloud_inference,20.9852
encrypt_out,0.0657
decode_in,0.0818
verify_in,0.0166
decompress_in,0.0384
verify_in,0.0159
verify_in,0.0089
verify_in,0.0096
verify_in,0.0166
decompress_in,0.2064
decompress_in,0.0721
verify_in,0.0230
cloud_inference,20.2162
decompress_in,0.0572
decompress_in,0.1539
verify_in,0.0209
decompress_in,0.0653
decrypt_in,0.0147
verify_in,0.0431
decompress_in,0.0548
decompress_in,0.0563
verify_in,0.0310
decrypt_in,0.0204
verify_in,0.0222
decrypt_in,0.0331
decompress_in,0.0542
decompress_in,0.0687
verify_in,0.0122
verify_in,0.0091
decompress_in,0.0373
decompress_in,0.0536
verify_in,0.0167
decompress_in,0.0384
encrypt_out,0.1051
decode_in,0.1059
verify_in,0.0102
cloud_inference,20.4260
decrypt_in,0.0346
verify_in,0.0159
decompress_in,0.0418
decompress_in,0.1335
verify_in,0.0322
verify_in,0.0180
decompress_in,0.0415
decompress_in,0.0690
verify_in,0.0175
decompress_in,0.0440
decompress_in,0.0792
verify_in,0.0110
verify_in,0.0119
decompress_in,0.0588
verify_in,0.0108
decompress_in,0.0452
decompress_in,0.0471
verify_in,0.0086
decompress_in,0.0455
decompress_in,0.0201
decompress_in,0.0398
decompress_in,0.0386
decompress_in,0.0474
decompress_in,0.0531
decompress_in,0.0388
verify_in,0.0156
encrypt_out,0.0744
decode_in,0.0753
verify_in,0.0158
verify_in,0.0164
verify_in,0.0095
decompress_in,0.1438
verify_in,0.0202
decompress_in,0.0763
cloud_inference,22.7797
decompress_in,0.1287
decompress_in,0.0809
decompress_in,0.0501
decompress_in,0.0964
decompress_in,0.1457
cloud_inference,7.5800
decompress_in,0.0585
decompress_in,0.0853
decompress_in,0.0382
decompress_in,0.0442
verify_in,0.0157
verify_in,0.0090
decompress_in,0.0501
verify_in,0.0100
decompress_in,0.0820
verify_in,0.0097
verify_in,0.0236
cloud_inference,13.4212
verify_in,0.0108
verify_in,0.0105
decrypt_in,0.0253
cloud_inference,14.2117
verify_in,0.0140
cloud_inference,18.9931
cloud_inference,16.9449
cloud_inference,18.0983
cloud_inference,17.3102
verify_in,0.0192
verify_in,0.0293
cloud_inference,15.3958
verify_in,0.0219
verify_in,0.0093
verify_in,0.0182
cloud_inference,19.1594
decompress_in,0.0827
cloud_inference,12.0761
verify_in,0.0103
verify_in,0.0165
cloud_inference,11.1040
decompress_in,0.0574
cloud_inference,17.9020
decompress_in,0.0241
verify_in,0.0087
verify_in,0.0084
cloud_inference,18.1914
cloud_inference,16.1225
verify_in,0.0172
verify_in,0.0106
cloud_inference,18.7382
verify_in,0.0218
decrypt_in,0.0095
cloud_inference,17.6592
decompress_in,0.1351
cloud_inference,14.6932
verify_in,0.0290
cloud_inference,12.8901
verify_in,0.0110
cloud_inference,17.8834
verify_in,0.0584
verify_in,0.0395
cloud_inference,16.0042
verify_in,0.0100
verify_in,0.0096
cloud_inference,16.1792
cloud_inference,14.4188
verify_in,0.0275
cloud_inference,17.9325
verify_in,0.0181
verify_in,0.0194
cloud_inference,16.8191
verify_in,0.0093
cloud_inference,18.6031
verify_in,0.0435
verify_in,0.0269
verify_in,0.0392
verify_in,0.0182
verify_in,0.0266
cloud_inference,18.4051
verify_in,0.0229
decrypt_in,0.0292
cloud_inference,15.5597
cloud_inference,13.3842
verify_in,0.0091
cloud_inference,13.8771
verify_in,0.0106
verify_in,0.0103
verify_in,0.0088
verify_in,0.0085
verify_in,0.0092
verify_in,0.0088
verify_in,0.0096
verify_in,0.0090
verify_in,0.0092
verify_in,0.0089
cloud_inference,14.4621
cloud_inference,18.7112
verify_in,0.0231
cloud_inference,17.5610
verify_in,0.0165
cloud_inference,19.7840
cloud_inference,19.8954
cloud_inference,20.4726
cloud_inference,11.6597
cloud_inference,12.9560
decompress_in,0.0308
cloud_inference,12.0942
cloud_inference,14.9762
cloud_inference,19.6419
cloud_inference,18.4780
cloud_inference,18.7717
verify_in,0.0092
cloud_inference,14.9695
cloud_inference,18.1010
verify_in,0.0248
verify_in,0.0098
cloud_inference,16.6836
cloud_inference,16.7385
cloud_inference,8.6511
cloud_inference,16.7984
cloud_inference,15.2300
decompress_in,0.0285
verify_in,0.0088
cloud_inference,17.5291
cloud_inference,17.7264
cloud_inference,19.3013
cloud_inference,18.8526
cloud_inference,16.8651
cloud_inference,20.5020
cloud_inference,7.5671
cloud_inference,16.1697
cloud_inference,14.6362
cloud_inference,15.6094
cloud_inference,17.5929
cloud_inference,13.2629
cloud_inference,19.9535
cloud_inference,20.6788
cloud_inference,20.4864
cloud_inference,13.2992
decompress_in,0.0203
cloud_inference,16.0815
cloud_inference,14.0567
cloud_inference,13.4706
cloud_inference,16.7215
cloud_inference,20.4580
cloud_inference,20.0437
cloud_inference,11.1833
cloud_inference,19.2195
cloud_inference,14.3005
cloud_inference,14.3678
cloud_inference,19.1750
cloud_inference,16.2413
cloud_inference,12.3665
verify_in,0.0134
cloud_inference,15.3258
cloud_inference,19.4480
cloud_inference,19.3097
verify_in,0.0128
cloud_inference,18.1653
verify_in,0.0215
cloud_inference,20.0469
cloud_inference,14.1031
cloud_inference,10.2752
cloud_inference,17.8298
cloud_inference,11.0127
cloud_inference,14.8591
cloud_inference,14.7955
cloud_inference,13.0679
cloud_inference,13.4874
cloud_inference,12.0907
