task,duration_seconds
edge_acquisition,0.6217
edge_acquisition,0.6206
edge_acquisition,0.6245
edge_acquisition,0.6362
edge_acquisition,0.6332
edge_acquisition,0.6249
edge_acquisition,0.6305
edge_acquisition,0.6332
edge_acquisition,0.6282
edge_acquisition,0.6558
edge_acquisition,0.6362
edge_acquisition,0.6432
edge_acquisition,0.6750
edge_acquisition,0.6621
edge_acquisition,0.6874
edge_acquisition,0.6870
edge_acquisition,0.5714
edge_acquisition,0.5736
edge_acquisition,0.5734
edge_acquisition,0.5818
edge_acquisition,0.5861
edge_acquisition,0.5776
edge_acquisition,0.5744
edge_acquisition,0.5972
edge_acquisition,0.5864
edge_acquisition,0.5880
edge_acquisition,0.5829
edge_acquisition,0.5704
edge_acquisition,0.5929
edge_acquisition,0.5746
edge_acquisition,0.5557
edge_acquisition,0.6150
edge_acquisition,0.5758
edge_acquisition,0.5639
edge_acquisition,0.5645
edge_acquisition,0.5669
edge_acquisition,0.5710
edge_acquisition,0.5698
edge_acquisition,0.5803
edge_acquisition,0.5893
edge_acquisition,0.5930
edge_acquisition,0.5912
edge_acquisition,0.5784
edge_acquisition,0.5768
edge_acquisition,0.5930
edge_acquisition,0.6109
edge_acquisition,0.5801
edge_acquisition,0.6221
edge_acquisition,0.5858
edge_acquisition,0.5867
edge_acquisition,0.5921
edge_acquisition,0.5931
edge_acquisition,0.5989
edge_acquisition,0.6098
edge_acquisition,0.6144
edge_acquisition,0.6025
edge_acquisition,0.6069
edge_acquisition,0.6008
edge_acquisition,0.6076
edge_acquisition,0.6186
edge_acquisition,0.6167
edge_acquisition,0.6166
edge_acquisition,0.6325
edge_acquisition,0.6441
edge_acquisition,0.5701
edge_acquisition,0.5765
edge_acquisition,0.5776
edge_acquisition,0.5653
edge_acquisition,0.5637
edge_acquisition,0.5938
edge_acquisition,0.5789
edge_acquisition,0.5833
edge_acquisition,0.5804
edge_acquisition,0.5799
edge_acquisition,0.5774
edge_acquisition,0.5772
edge_acquisition,0.5980
edge_acquisition,0.5964
edge_acquisition,0.6110
edge_acquisition,0.6354
edge_acquisition,0.5948
edge_acquisition,0.5989
edge_acquisition,0.6105
edge_acquisition,0.5910
edge_acquisition,0.5940
edge_acquisition,0.6101
edge_acquisition,0.5995
edge_acquisition,0.6138
edge_acquisition,0.5883
edge_acquisition,0.6045
edge_acquisition,0.6124
edge_acquisition,0.5963
edge_acquisition,0.6271
edge_acquisition,0.6228
edge_acquisition,0.6210
edge_acquisition,0.6118
integrity_out,0.3126
integrity_out,0.3121
integrity_out,0.3124
integrity_out,0.3118
integrity_out,0.3092
integrity_out,0.3155
integrity_out,0.3118
integrity_out,0.3100
integrity_out,0.3151
integrity_out,0.3083
integrity_out,0.3109
edge_acquisition,0.5144
edge_acquisition,0.5080
edge_acquisition,0.5102
edge_acquisition,0.5218
integrity_out,0.3092
integrity_out,0.3114
integrity_out,0.3150
integrity_out,0.3116
integrity_out,0.3100
integrity_out,0.3124
integrity_out,0.3144
integrity_out,0.3136
integrity_out,0.3125
integrity_out,0.3115
integrity_out,0.3075
integrity_out,0.3086
integrity_out,0.3067
integrity_out,0.3102
integrity_out,0.3155
integrity_out,0.3268
integrity_out,0.3133
integrity_out,0.3154
integrity_out,0.3168
integrity_out,0.3108
integrity_out,0.3144
integrity_out,0.3125
integrity_out,0.3104
integrity_out,0.3097
integrity_out,0.3071
integrity_out,0.3092
integrity_out,0.3080
integrity_out,0.3106
integrity_out,0.3100
integrity_out,0.3121
integrity_out,0.3131
integrity_out,0.3212
integrity_out,0.3172
integrity_out,0.3095
integrity_out,0.3103
integrity_out,0.3099
integrity_out,0.3128
integrity_out,0.3158
integrity_out,0.3136
integrity_out,0.3125
integrity_out,0.3145
integrity_out,0.3138
integrity_out,0.3115
integrity_out,0.3126
integrity_out,0.3286
integrity_out,0.4448
integrity_out,0.4407
integrity_out,0.4522
integrity_out,0.4558
integrity_out,0.4501
integrity_out,0.4507
integrity_out,0.4609
integrity_out,0.4494
integrity_out,0.4562
integrity_out,0.4513
integrity_out,0.4738
integrity_out,0.4729
integrity_out,0.4548
integrity_out,0.4762
integrity_out,0.4827
integrity_out,0.4705
integrity_out,0.3422
integrity_out,0.3686
integrity_out,0.3580
integrity_out,0.3479
integrity_out,0.3256
integrity_out,0.3504
integrity_out,0.3424
integrity_out,0.3468
integrity_out,0.3437
integrity_out,0.3429
integrity_out,0.3268
integrity_out,0.3387
integrity_out,0.3410
integrity_out,0.3380
integrity_out,0.3321
integrity_out,0.3185
integrity_out,0.3223
integrity_out,0.3216
integrity_out,0.3152
integrity_out,0.3217
integrity_out,0.3154
integrity_out,0.3159
integrity_out,0.3185
integrity_out,0.3164
compress_out,0.4882
decrypt_in,0.4895
compress_out,0.4882
decrypt_in,0.4887
compress_out,0.4774
decrypt_in,0.4779
compress_out,0.4918
decrypt_in,0.4925
compress_out,0.4939
decrypt_in,0.4946
compress_out,0.4787
decrypt_in,0.4795
integrity_out,0.3202
compress_out,0.4877
decrypt_in,0.4885
integrity_out,0.3090
compress_out,0.4585
decrypt_in,0.4592
integrity_out,0.3163
integrity_out,0.3216
compress_out,0.4810
decrypt_in,0.4827
compress_out,0.4851
decrypt_in,0.4860
compress_out,0.5948
decrypt_in,0.5961
compress_out,0.4940
decrypt_in,0.4949
compress_out,0.4886
decrypt_in,0.4897
compress_out,0.5046
decrypt_in,0.5054
compress_out,0.5098
decrypt_in,0.5104
compress_out,0.4961
decrypt_in,0.4967
compress_out,0.4991
decrypt_in,0.4998
compress_out,0.4998
decrypt_in,0.5008
compress_out,0.4927
decrypt_in,0.4934
compress_out,0.4910
decrypt_in,0.4916
compress_out,0.4769
decrypt_in,0.4776
compress_out,0.4947
decrypt_in,0.4953
compress_out,0.5151
decrypt_in,0.5157
compress_out,0.4900
decrypt_in,0.4907
compress_out,0.5166
decrypt_in,0.5172
compress_out,0.4871
decrypt_in,0.4883
compress_out,0.4747
decrypt_in,0.4767
compress_out,0.4743
decrypt_in,0.4755
compress_out,0.4670
decrypt_in,0.4685
compress_out,0.4805
decrypt_in,0.4869
compress_out,0.5000
decrypt_in,0.5008
compress_out,0.5095
decrypt_in,0.5101
compress_out,0.4788
decrypt_in,0.4796
compress_out,0.5169
decrypt_in,0.5174
compress_out,0.4930
decrypt_in,0.4959
compress_out,0.5000
decrypt_in,0.5006
compress_out,0.4758
decrypt_in,0.4764
compress_out,0.4769
decrypt_in,0.4776
compress_out,0.4746
decrypt_in,0.4766
compress_out,0.4793
decrypt_in,0.4800
compress_out,0.4858
decrypt_in,0.4864
compress_out,0.4773
decrypt_in,0.4793
compress_out,0.4805
decrypt_in,0.4820
compress_out,0.4776
decrypt_in,0.4787
compress_out,0.4756
decrypt_in,0.4769
compress_out,0.4955
decrypt_in,0.4999
compress_out,0.4888
decrypt_in,0.4930
compress_out,0.4838
decrypt_in,0.4845
compress_out,0.5094
decrypt_in,0.5103
compress_out,0.5095
decrypt_in,0.5100
compress_out,0.4947
decrypt_in,0.4953
compress_out,0.5001
decrypt_in,0.5008
compress_out,0.4999
decrypt_in,0.5013
compress_out,0.4939
decrypt_in,0.4946
compress_out,0.4897
decrypt_in,0.4902
compress_out,0.4909
decrypt_in,0.4938
compress_out,0.4955
decrypt_in,0.4966
compress_out,0.4906
decrypt_in,0.4913
compress_out,0.4860
decrypt_in,0.4866
compress_out,0.4873
decrypt_in,0.4885
compress_out,0.4680
decrypt_in,0.4688
compress_out,0.4758
decrypt_in,0.4780
compress_out,0.4858
decrypt_in,0.4868
compress_out,0.4849
decrypt_in,0.4856
compress_out,0.4870
decrypt_in,0.4877
compress_out,0.5022
decrypt_in,0.5027
compress_out,0.5096
decrypt_in,0.5103
compress_out,0.5002
decrypt_in,0.5009
compress_out,0.4994
decrypt_in,0.5003
compress_out,0.4970
decrypt_in,0.4978
compress_out,0.4827
decrypt_in,0.4833
compress_out,0.4868
decrypt_in,0.4874
compress_out,0.4792
decrypt_in,0.4815
compress_out,0.4757
decrypt_in,0.4763
compress_out,0.4973
compress_out,0.4634
compress_out,0.4597
decrypt_in,0.9089
decrypt_in,0.7010
decrypt_in,0.8479
compress_out,0.9309
decrypt_in,0.9323
compress_out,0.9361
decrypt_in,0.9369
compress_out,0.9348
decrypt_in,0.9355
compress_out,0.9352
decrypt_in,0.9361
compress_out,0.9496
decrypt_in,0.9505
compress_out,0.9587
decrypt_in,0.9594
compress_out,0.9579
decrypt_in,0.9589
compress_out,0.9648
decrypt_in,0.9655
compress_out,0.9590
decrypt_in,0.9596
compress_out,0.9550
decrypt_in,0.9557
compress_out,0.9583
decrypt_in,0.9589
compress_out,0.9385
decrypt_in,0.9392
compress_out,0.9355
decrypt_in,0.9361
compress_out,0.4753
decrypt_in,0.4760
compress_out,0.4794
decrypt_in,0.4799
encrypt_out,0.1200
decode_in,0.1206
compress_out,0.5039
decrypt_in,0.5047
encrypt_out,0.1232
decode_in,0.1237
encrypt_out,0.1272
encrypt_out,0.1256
encrypt_out,0.1247
decode_in,0.1286
decode_in,0.1267
decode_in,0.1259
encrypt_out,0.1202
decode_in,0.1210
encrypt_out,0.1202
decode_in,0.1208
encrypt_out,0.1252
decode_in,0.1259
encrypt_out,0.1029
decode_in,0.1036
encrypt_out,0.1091
decode_in,0.1106
encrypt_out,0.1121
decode_in,0.1130
encrypt_out,0.1100
decode_in,0.1106
encrypt_out,0.1144
encrypt_out,0.1354
decode_in,0.1151
decode_in,0.1364
encrypt_out,0.1171
decode_in,0.1178
encrypt_out,0.1123
decode_in,0.1128
encrypt_out,0.1106
decode_in,0.1112
encrypt_out,0.1027
decode_in,0.1034
encrypt_out,0.1048
decode_in,0.1060
encrypt_out,0.1130
decode_in,0.1136
encrypt_out,0.1114
decode_in,0.1121
encrypt_out,0.1158
decode_in,0.1163
encrypt_out,0.1128
decode_in,0.1135
encrypt_out,0.1135
decode_in,0.1145
encrypt_out,0.1122
decode_in,0.1128
encrypt_out,0.1124
decode_in,0.1130
compress_out,0.4867
decrypt_in,0.4874
compress_out,0.4777
decrypt_in,0.4783
encrypt_out,0.1090
decode_in,0.1095
compress_out,0.4961
decrypt_in,0.4967
encrypt_out,0.1004
decode_in,0.1017
encrypt_out,0.1017
decode_in,0.1023
encrypt_out,0.1074
decode_in,0.1079
encrypt_out,0.1077
decode_in,0.1090
encrypt_out,0.1106
decode_in,0.1112
encrypt_out,0.1095
decode_in,0.1100
encrypt_out,0.1082
decode_in,0.1087
compress_out,0.4842
decrypt_in,0.4848
encrypt_out,0.1133
decode_in,0.1139
encrypt_out,0.1213
decode_in,0.1219
encrypt_out,0.1098
decode_in,0.1103
encrypt_out,0.1209
decode_in,0.1216
encrypt_out,0.1252
decode_in,0.1258
compress_out,0.5125
decrypt_in,0.5132
compress_out,0.4769
decrypt_in,0.4776
compress_out,0.4834
decrypt_in,0.4840
encrypt_out,0.1093
decode_in,0.1100
encrypt_out,0.1158
decode_in,0.1165
encrypt_out,0.1062
decode_in,0.1068
encrypt_out,0.1102
decode_in,0.1113
encrypt_out,0.1131
decode_in,0.1138
encrypt_out,0.1109
decode_in,0.1116
encrypt_out,0.1091
decode_in,0.1098
encrypt_out,0.1113
decode_in,0.1119
encrypt_out,0.1184
decode_in,0.1190
encrypt_out,0.1092
decode_in,0.1100
encrypt_out,0.1098
decode_in,0.1103
encrypt_out,0.1044
decode_in,0.1051
encrypt_out,0.1058
decode_in,0.1065
encrypt_out,0.1164
decode_in,0.1172
encrypt_out,0.1158
encrypt_out,0.1056
decode_in,0.1162
decode_in,0.1066
encrypt_out,0.1039
decode_in,0.1045
encrypt_out,0.1701
decode_in,0.1708
encrypt_out,0.1162
decode_in,0.1169
encrypt_out,0.1054
decode_in,0.1059
encrypt_out,0.1280
decode_in,0.1287
encrypt_out,0.1753
encrypt_out,0.1752
decode_in,0.1758
decode_in,0.1765
encrypt_out,0.1769
encrypt_out,0.1793
encrypt_out,0.1281
decode_in,0.1801
encrypt_out,0.1738
decode_in,0.1777
decode_in,0.1293
encrypt_out,0.1323
decode_in,0.1747
decode_in,0.1340
encrypt_out,0.1023
decode_in,0.1029
encrypt_out,0.1275
decode_in,0.1283
encrypt_out,0.1589
decode_in,0.1598
encrypt_out,0.1027
decode_in,0.1038
encrypt_out,0.2061
decode_in,0.2067
encrypt_out,0.1562
decode_in,0.1568
encrypt_out,0.1121
decode_in,0.1131
encrypt_out,0.1086
decode_in,0.1091
encrypt_out,0.1115
decode_in,0.1121
encrypt_out,0.1115
encrypt_out,0.1632
decode_in,0.1123
decode_in,0.1640
encrypt_out,0.1483
decode_in,0.1488
encrypt_out,0.1469
decode_in,0.1475
encrypt_out,0.1446
decode_in,0.1453
encrypt_out,0.1378
encrypt_out,0.1378
decode_in,0.1391
decode_in,0.1393
encrypt_out,0.1265
decode_in,0.1270
encrypt_out,0.1568
decode_in,0.1577
encrypt_out,0.0976
decode_in,0.0982
encrypt_out,0.1380
decode_in,0.1387
encrypt_out,0.1269
decode_in,0.1275
encrypt_out,0.1250
decode_in,0.1262
encrypt_out,0.1629
decode_in,0.1635
encrypt_out,0.1259
decode_in,0.1265
encrypt_out,0.1665
decode_in,0.1671
encrypt_out,0.1587
decode_in,0.1594
encode_out,0.2800
encode_out,0.3070
encode_out,0.3433
encode_out,0.3322
encode_out,0.3288
encode_out,0.3275
encode_out,0.2838
encode_out,0.3437
encode_out,0.2925
encode_out,0.3136
encode_out,0.2999
encode_out,0.3070
encode_out,0.2946
encode_out,0.3121
encode_out,0.3129
encode_out,0.3083
encrypt_out,0.1844
decode_in,0.1855
encrypt_out,0.2074
decode_in,0.2080
encrypt_out,0.0984
decode_in,0.0995
encrypt_out,0.1823
decode_in,0.1831
encrypt_out,0.1843
decode_in,0.1849
encrypt_out,0.1226
decode_in,0.1235
encrypt_out,0.1972
encrypt_out,0.2022
encrypt_out,0.2074
encrypt_out,0.2206
decode_in,0.1977
decode_in,0.2033
decode_in,0.2084
decode_in,0.2216
encrypt_out,0.1947
decode_in,0.1953
encode_out,0.2977
encode_out,0.3009
encrypt_out,0.1856
decode_in,0.1862
encrypt_out,0.1980
decode_in,0.1993
encode_out,0.2724
encrypt_out,0.1894
decode_in,0.1902
decrypt_in,0.1303
encrypt_out,0.2147
decode_in,0.2158
encrypt_out,0.2025
decode_in,0.2031
encrypt_out,0.2100
decode_in,0.2107
encode_out,0.2956
encrypt_out,0.2081
decode_in,0.2088
encode_out,0.3095
encode_out,0.3052
encode_out,0.2904
encode_out,0.3138
decrypt_in,0.1100
encode_out,0.2814
decrypt_in,0.1392
decrypt_in,0.1060
decrypt_in,0.1336
encode_out,0.3041
encode_out,0.2876
encode_out,0.3011
decrypt_in,0.1418
decrypt_in,0.1428
decrypt_in,0.0967
decrypt_in,0.1421
decrypt_in,0.1092
encode_out,0.3143
encrypt_out,0.1421
decode_in,0.1429
decrypt_in,0.1390
encrypt_out,0.1131
decode_in,0.1142
decrypt_in,0.1297
encode_out,0.2753
decrypt_in,0.1378
encrypt_out,0.1020
decode_in,0.1029
decrypt_in,0.1294
encrypt_out,0.1052
decode_in,0.1059
encode_out,0.3022
encode_out,0.2795
encode_out,0.2977
encode_out,0.2685
encode_out,0.2733
encode_out,0.3000
encode_out,0.3214
encrypt_out,0.5098
decode_in,0.5105
encode_out,0.3033
encode_out,0.2690
encode_out,0.3512
encode_out,0.2764
encrypt_out,0.4441
decode_in,0.4449
encode_out,0.2900
encode_out,0.2919
encode_out,0.2865
encode_out,0.2946
encode_out,0.3904
encode_out,0.2764
encode_out,0.3012
encode_out,0.2807
encode_out,0.2914
encode_out,0.2801
encode_out,0.2729
encrypt_out,0.6072
decode_in,0.6087
encrypt_out,0.5431
decode_in,0.5458
encode_out,0.2848
encrypt_out,0.6575
decode_in,0.6581
encode_out,0.3059
encode_out,0.2611
encrypt_out,0.4936
decode_in,0.4942
encrypt_out,0.5572
decode_in,0.5579
encode_out,0.2856
encrypt_out,0.5807
decode_in,0.5815
encode_out,0.2741
encode_out,0.2643
encode_out,0.2830
encode_out,0.2948
encode_out,0.2808
encode_out,0.2700
decompress_in,0.7125
encode_out,0.2789
encode_out,0.2838
encode_out,0.3353
encode_out,0.2720
encode_out,0.2781
encode_out,0.2849
encrypt_out,0.4413
decode_in,0.4420
encode_out,0.2860
encode_out,0.2910
encode_out,0.2878
encode_out,0.3011
decompress_in,0.8122
encode_out,0.2773
encode_out,0.2717
decompress_in,0.8778
encode_out,0.3319
encode_out,0.2806
encode_out,0.2740
encode_out,0.2972
encode_out,0.2864
encrypt_out,1.0418
decode_in,1.0427
encode_out,0.2770
encode_out,0.2657
decompress_in,1.1337
encrypt_out,0.8291
decode_in,0.8299
encrypt_out,1.0589
decode_in,1.0597
encode_out,0.2846
encode_out,0.3109
decompress_in,1.0146
encode_out,0.2890
encode_out,0.3878
encode_out,0.3021
encode_out,0.3274
encode_out,0.2724
decompress_in,0.6769
encode_out,0.2895
encode_out,0.3326
encode_out,0.2898
decompress_in,1.2382
encode_out,0.2800
encode_out,0.2968
encode_out,0.3224
encode_out,0.2737
encode_out,0.2831
encode_out,0.3252
decompress_in,0.8188
encode_out,0.2847
encode_out,0.2781
decompress_in,0.8356
encode_out,0.2715
decompress_in,0.8768
decompress_in,0.8435
decompress_in,0.6742
encrypt_out,1.0349
decode_in,1.0361
decrypt_in,0.0993
encrypt_out,0.6141
decode_in,0.6148
encrypt_out,0.8569
decode_in,0.8576
encrypt_out,0.5106
decode_in,0.5116
encrypt_out,0.4955
decode_in,0.4961
encrypt_out,0.5486
decode_in,0.5494
encrypt_out,0.4398
decode_in,0.4404
decompress_in,0.7579
encrypt_out,0.3006
decode_in,0.3011
encrypt_out,0.2226
decode_in,0.2232
decrypt_in,0.1005
encrypt_out,0.1924
decode_in,0.1929
encrypt_out,0.4223
decode_in,0.4231
encrypt_out,0.2920
decode_in,0.2926
encrypt_out,0.1973
decode_in,0.1986
decompress_in,0.7218
decrypt_in,0.1059
encrypt_out,0.2247
decode_in,0.2254
encrypt_out,0.2938
decode_in,0.2954
decrypt_in,0.0961
encrypt_out,0.2210
decode_in,0.2217
decrypt_in,0.1010
encrypt_out,0.2990
decode_in,0.2998
decrypt_in,0.0998
encrypt_out,0.2929
decode_in,0.2934
decrypt_in,0.1107
encrypt_out,0.3485
decode_in,0.3495
encrypt_out,0.3430
decode_in,0.3436
encrypt_out,0.4401
decode_in,0.4410
decrypt_in,0.1056
encrypt_out,0.4000
decode_in,0.4008
decompress_in,1.0155
encrypt_out,0.2372
decode_in,0.2378
encrypt_out,0.5486
decode_in,0.5496
encrypt_out,0.3655
decode_in,0.3662
encrypt_out,0.1602
decode_in,0.1613
encrypt_out,0.5475
decode_in,0.5488
encrypt_out,0.3754
decode_in,0.3763
encrypt_out,0.2632
decode_in,0.2639
verify_in,0.3210
encrypt_out,0.4160
decode_in,0.4168
encrypt_out,0.3199
decode_in,0.3205
encrypt_out,0.2364
decode_in,0.2371
encrypt_out,0.3823
decode_in,0.3829
decrypt_in,0.1007
encrypt_out,0.5145
decode_in,0.5150
encrypt_out,0.7550
decode_in,0.7559
encrypt_out,0.4349
decode_in,0.4356
encrypt_out,0.5194
decode_in,0.5203
encrypt_out,0.8242
decode_in,0.8248
encrypt_out,0.4639
decode_in,0.4645
encrypt_out,0.2720
decode_in,0.2726
encrypt_out,0.3747
encrypt_out,0.2018
decode_in,0.3915
decode_in,0.2107
decrypt_in,0.1155
encrypt_out,0.2182
decode_in,0.2189
decrypt_in,0.1033
decrypt_in,0.1121
encrypt_out,0.3320
decode_in,0.3330
verify_in,0.3390
verify_in,0.3876
encrypt_out,0.4111
decode_in,0.4120
encrypt_out,0.4859
decode_in,0.4867
encrypt_out,0.4959
decode_in,0.4967
encrypt_out,0.4201
decode_in,0.4208
encrypt_out,0.4441
encrypt_out,0.3877
decode_in,0.4449
decode_in,0.3886
encrypt_out,0.3986
decode_in,0.3996
encrypt_out,0.3992
decode_in,0.3998
encrypt_out,0.3809
decode_in,0.3815
encrypt_out,0.3231
decode_in,0.3242
verify_in,0.3852
encrypt_out,0.2724
decode_in,0.2735
encrypt_out,0.2688
decode_in,0.2694
encrypt_out,0.1902
decode_in,0.1910
encrypt_out,0.2538
decode_in,0.2543
encrypt_out,0.2136
decode_in,0.2150
encrypt_out,0.2532
decode_in,0.2538
encrypt_out,0.1861
decode_in,0.1872
encrypt_out,0.2006
decode_in,0.2024
encrypt_out,0.1756
decode_in,0.1764
verify_in,0.3474
encrypt_out,0.2027
decode_in,0.2033
encrypt_out,0.2437
decode_in,0.2442
encrypt_out,0.2487
decode_in,0.2498
encrypt_out,0.1824
decode_in,0.1836
verify_in,0.3249
encrypt_out,0.2290
decode_in,0.2299
encrypt_out,0.1933
decode_in,0.1939
decrypt_in,0.1056
verify_in,0.3282
encrypt_out,0.2297
decode_in,0.2303
encrypt_out,0.1969
decode_in,0.1975
encrypt_out,0.2007
decode_in,0.2013
decrypt_in,0.0976
decrypt_in,0.1224
encrypt_out,0.2565
decode_in,0.2572
decrypt_in,0.1267
decrypt_in,0.1036
decrypt_in,0.1261
verify_in,0.3329
decrypt_in,0.1057
decrypt_in,0.1423
decrypt_in,0.1240
verify_in,0.3191
verify_in,0.3288
verify_in,0.3189
verify_in,0.3303
decrypt_in,0.0960
decrypt_in,0.1244
decrypt_in,0.1272
decrypt_in,0.0989
decrypt_in,0.1255
decrypt_in,0.1240
decrypt_in,0.2058
decrypt_in,0.1052
verify_in,0.3266
decrypt_in,0.1365
decrypt_in,0.1562
decrypt_in,0.1006
decrypt_in,0.1471
decrypt_in,0.1656
decrypt_in,0.1030
verify_in,0.3293
decrypt_in,0.1228
decrypt_in,0.1121
decrypt_in,0.1138
decrypt_in,0.1041
decrypt_in,0.1031
decompress_in,0.7077
decrypt_in,0.1007
decrypt_in,0.1139
verify_in,0.3318
decrypt_in,0.1169
decrypt_in,0.1132
decrypt_in,0.1046
decrypt_in,0.0974
decompress_in,0.6798
decrypt_in,0.1068
decrypt_in,0.1177
decrypt_in,0.1244
decrypt_in,0.1138
decrypt_in,0.1020
decrypt_in,0.1205
decrypt_in,0.1020
decrypt_in,0.1041
decompress_in,0.7321
decrypt_in,0.1254
decrypt_in,0.1505
decrypt_in,0.6581
decrypt_in,0.1614
decompress_in,0.8891
decompress_in,0.8734
decrypt_in,0.0981
decompress_in,0.9323
decrypt_in,0.0990
decrypt_in,0.1003
decrypt_in,0.1040
decrypt_in,0.1051
decompress_in,1.0427
decrypt_in,0.0971
decrypt_in,0.0997
decrypt_in,0.1041
decrypt_in,0.1007
decrypt_in,0.1028
decrypt_in,0.1005
decrypt_in,0.1089
decrypt_in,0.1372
decrypt_in,0.1162
decrypt_in,0.1759
decrypt_in,0.1544
decrypt_in,0.1567
decrypt_in,0.1130
decrypt_in,0.1342
decrypt_in,0.1268
decrypt_in,0.1608
decrypt_in,0.1141
decrypt_in,0.1163
decrypt_in,0.1257
decrypt_in,0.1151
decrypt_in,0.1139
decrypt_in,0.1278
decompress_in,1.2359
decompress_in,1.3466
decompress_in,1.3776
decompress_in,1.8882
decompress_in,1.6805
decompress_in,0.8432
decompress_in,0.6715
decompress_in,0.9445
decompress_in,0.8190
decompress_in,1.2486
decompress_in,0.9669
decompress_in,1.3655
decompress_in,1.4574
decompress_in,1.5805
decompress_in,0.6613
decompress_in,0.8656
decompress_in,0.6246
decompress_in,0.7591
decompress_in,0.7928
decompress_in,0.7932
decompress_in,0.9017
decompress_in,0.6863
decompress_in,0.6315
decompress_in,0.6817
decompress_in,0.6274
decompress_in,0.6253
decompress_in,0.6219
decompress_in,0.6191
decompress_in,0.6122
decompress_in,0.6475
decompress_in,0.5941
decompress_in,0.6116
verify_in,0.3340
decompress_in,0.6190
fog_preprocessing,7.9419
fog_preprocessing,7.8200
decompress_in,0.6409
decompress_in,0.6164
fog_preprocessing,7.6480
fog_preprocessing,8.1203
fog_preprocessing,7.8729
fog_preprocessing,7.7152
verify_in,0.3200
decompress_in,0.6181
fog_preprocessing,7.7751
decompress_in,0.7177
decompress_in,0.6568
decompress_in,0.7425
decompress_in,0.7882
decompress_in,0.8171
decompress_in,0.7566
decompress_in,0.7722
decompress_in,0.7487
fog_preprocessing,7.9738
decompress_in,0.7259
verify_in,0.3680
decompress_in,0.6801
decompress_in,0.6056
fog_preprocessing,7.7553
verify_in,0.3175
verify_in,0.3215
verify_in,0.3247
fog_preprocessing,7.6376
fog_preprocessing,7.9360
decompress_in,0.6639
decompress_in,0.6441
decompress_in,0.6411
decompress_in,0.6438
fog_preprocessing,7.8348
decompress_in,0.6294
verify_in,0.3255
decompress_in,0.6577
decompress_in,0.6843
decompress_in,0.6604
decompress_in,0.6549
decompress_in,0.6772
decompress_in,0.6679
decompress_in,0.6552
decompress_in,0.6415
decompress_in,0.6891
decompress_in,0.6904
decompress_in,0.6198
decompress_in,0.6176
decompress_in,0.6460
decompress_in,0.6155
decompress_in,0.6138
decompress_in,0.6217
decompress_in,0.6749
decompress_in,0.6073
verify_in,0.3176
decompress_in,0.6119
verify_in,0.3135
decompress_in,0.6144
decompress_in,0.6080
decompress_in,0.5950
decompress_in,0.6044
decompress_in,0.6082
decompress_in,0.6336
verify_in,0.3145
verify_in,0.3177
decompress_in,0.5883
verify_in,0.3193
verify_in,0.3139
verify_in,0.3197
verify_in,0.3162
verify_in,0.3126
verify_in,0.3131
verify_in,0.3201
verify_in,0.3126
verify_in,0.3169
verify_in,0.3195
verify_in,0.3133
verify_in,0.3184
verify_in,0.3177
verify_in,0.3115
verify_in,0.3133
verify_in,0.3177
verify_in,0.3140
verify_in,0.3170
integrity_out,0.0098
verify_in,0.3154
integrity_out,0.0090
verify_in,0.3165
integrity_out,0.0098
integrity_out,0.0091
verify_in,0.3156
integrity_out,0.0095
verify_in,0.3130
integrity_out,0.0091
verify_in,0.3187
verify_in,0.3152
integrity_out,0.0093
fog_preprocessing,7.8093
verify_in,0.3158
verify_in,0.3206
verify_in,0.3188
verify_in,0.3181
verify_in,0.3125
integrity_out,0.0099
verify_in,0.3147
verify_in,0.3132
verify_in,0.3200
verify_in,0.3159
verify_in,0.3121
verify_in,0.3128
verify_in,0.3146
integrity_out,0.0101
integrity_out,0.0092
integrity_out,0.0092
verify_in,0.3120
verify_in,0.3184
verify_in,0.3136
verify_in,0.3123
integrity_out,0.0100
verify_in,0.3161
verify_in,0.3128
verify_in,0.3198
verify_in,0.3204
verify_in,0.3133
verify_in,0.3188
verify_in,0.3186
verify_in,0.3190
verify_in,0.3125
verify_in,0.3208
verify_in,0.3210
verify_in,0.3160
verify_in,0.3145
verify_in,0.3173
verify_in,0.3131
verify_in,0.3156
verify_in,0.3345
fog_preprocessing,7.6098
verify_in,0.3233
verify_in,0.3216
verify_in,0.3268
verify_in,0.4243
verify_in,0.4556
verify_in,0.4590
verify_in,0.4631
verify_in,0.4684
verify_in,0.5008
verify_in,0.4479
verify_in,0.4501
verify_in,0.4299
verify_in,0.4380
verify_in,0.4332
verify_in,0.4277
verify_in,0.4021
verify_in,0.3296
fog_preprocessing,6.9388
fog_preprocessing,6.6016
fog_preprocessing,6.8783
fog_preprocessing,6.5457
fog_preprocessing,6.8988
fog_preprocessing,7.1779
fog_preprocessing,7.3830
fog_preprocessing,7.7529
fog_preprocessing,7.1478
fog_preprocessing,7.0431
fog_preprocessing,7.4121
fog_preprocessing,8.0965
fog_preprocessing,7.6107
fog_preprocessing,7.1685
fog_preprocessing,8.3845
compress_out,0.0203
decrypt_in,0.0210
fog_preprocessing,7.4078
compress_out,0.0219
decrypt_in,0.0225
fog_preprocessing,8.4043
compress_out,0.0193
decrypt_in,0.0199
compress_out,0.0231
decrypt_in,0.0239
fog_preprocessing,6.8791
compress_out,0.0304
decrypt_in,0.0313
fog_preprocessing,6.7270
compress_out,0.0316
decrypt_in,0.0325
fog_preprocessing,6.7106
fog_preprocessing,6.7330
compress_out,0.0158
decrypt_in,0.0165
integrity_out,0.0103
fog_preprocessing,7.2831
fog_preprocessing,8.1289
fog_preprocessing,6.6551
fog_preprocessing,6.7029
fog_preprocessing,8.5069
fog_preprocessing,7.3111
compress_out,0.0168
decrypt_in,0.0175
fog_preprocessing,7.0142
fog_preprocessing,6.9655
fog_preprocessing,7.0132
fog_preprocessing,6.9951
fog_preprocessing,6.6860
fog_preprocessing,7.0176
compress_out,0.0290
decrypt_in,0.0300
compress_out,0.0181
decrypt_in,0.0187
compress_out,0.0140
decrypt_in,0.0148
fog_preprocessing,6.7877
fog_preprocessing,7.1021
fog_preprocessing,6.9801
fog_preprocessing,6.9348
compress_out,0.0168
decrypt_in,0.0174
fog_preprocessing,6.7803
fog_preprocessing,7.2402
fog_preprocessing,6.7784
fog_preprocessing,6.9878
fog_preprocessing,6.8558
fog_preprocessing,6.7896
fog_preprocessing,6.8193
fog_preprocessing,6.8132
fog_preprocessing,6.7730
fog_preprocessing,6.7943
fog_preprocessing,7.0126
fog_preprocessing,6.8670
fog_preprocessing,6.7507
fog_preprocessing,6.6959
fog_preprocessing,6.7840
fog_preprocessing,6.7686
fog_preprocessing,6.8599
integrity_out,0.0109
fog_preprocessing,6.7456
fog_preprocessing,6.9167
fog_preprocessing,6.7417
fog_preprocessing,6.7182
fog_preprocessing,6.7202
fog_preprocessing,6.8038
fog_preprocessing,6.7114
fog_preprocessing,6.8254
fog_preprocessing,6.7813
fog_preprocessing,6.9294
fog_preprocessing,6.7565
fog_preprocessing,6.7178
fog_preprocessing,6.7786
fog_preprocessing,6.8501
fog_preprocessing,6.7765
fog_preprocessing,6.8156
fog_preprocessing,6.7395
integrity_out,0.0245
integrity_out,0.0239
integrity_out,0.0093
integrity_out,0.0100
integrity_out,0.0093
integrity_out,0.0092
integrity_out,0.0097
integrity_out,0.0097
integrity_out,0.0093
integrity_out,0.0096
integrity_out,0.0093
integrity_out,0.0095
integrity_out,0.0090
integrity_out,0.0093
integrity_out,0.0091
encrypt_out,0.0151
decode_in,0.0157
integrity_out,0.0103
encrypt_out,0.0093
decode_in,0.0098
integrity_out,0.0098
encrypt_out,0.0096
decode_in,0.0101
encrypt_out,0.0091
decode_in,0.0096
integrity_out,0.0103
encrypt_out,0.0148
decode_in,0.0154
integrity_out,0.0091
encrypt_out,0.0086
decode_in,0.0093
integrity_out,0.0092
integrity_out,0.0185
encrypt_out,0.0105
decode_in,0.0110
compress_out,0.0360
decrypt_in,0.0369
integrity_out,0.0114
integrity_out,0.0104
integrity_out,0.0099
integrity_out,0.0107
integrity_out,0.0104
integrity_out,0.0093
encrypt_out,0.0094
decode_in,0.0099
integrity_out,0.0095
integrity_out,0.0105
integrity_out,0.0099
integrity_out,0.0102
integrity_out,0.0104
integrity_out,0.0104
encrypt_out,0.0122
decode_in,0.0128
encrypt_out,0.0092
decode_in,0.0098
encrypt_out,0.0098
decode_in,0.0104
fog_preprocessing,6.8651
integrity_out,0.0099
integrity_out,0.0155
integrity_out,0.0104
integrity_out,0.0101
integrity_out,0.0094
encrypt_out,0.0124
decode_in,0.0129
integrity_out,0.0100
integrity_out,0.0105
integrity_out,0.0108
integrity_out,0.0101
integrity_out,0.0093
integrity_out,0.0092
integrity_out,0.0102
integrity_out,0.0089
integrity_out,0.0099
integrity_out,0.0098
integrity_out,0.0094
integrity_out,0.0222
integrity_out,0.0090
integrity_out,0.0096
integrity_out,0.0090
integrity_out,0.0105
compress_out,0.0180
decrypt_in,0.0187
integrity_out,0.0108
integrity_out,0.0103
integrity_out,0.0103
integrity_out,0.0106
integrity_out,0.0100
integrity_out,0.0094
integrity_out,0.0099
integrity_out,0.0092
integrity_out,0.0101
integrity_out,0.0247
integrity_out,0.0109
integrity_out,0.0123
integrity_out,0.0113
integrity_out,0.0099
integrity_out,0.0110
integrity_out,0.0108
integrity_out,0.0130
compress_out,0.0192
decrypt_in,0.0197
compress_out,0.0220
decrypt_in,0.0225
compress_out,0.0160
decrypt_in,0.0164
compress_out,0.0142
decrypt_in,0.0147
compress_out,0.0139
decrypt_in,0.0145
compress_out,0.0145
decrypt_in,0.0150
compress_out,0.0138
decrypt_in,0.0143
compress_out,0.0140
decrypt_in,0.0144
compress_out,0.0139
decrypt_in,0.0144
compress_out,0.0140
decrypt_in,0.0144
compress_out,0.0135
decrypt_in,0.0140
compress_out,0.0140
decrypt_in,0.0145
compress_out,0.0209
decrypt_in,0.0214
compress_out,0.0162
decrypt_in,0.0167
fog_preprocessing,6.7281
compress_out,0.0156
decrypt_in,0.0161
encode_out,0.0259
encode_out,0.0220
compress_out,0.0286
decrypt_in,0.0291
compress_out,0.0191
decrypt_in,0.0196
encode_out,0.0211
encode_out,0.0212
compress_out,0.0146
decrypt_in,0.0154
encrypt_out,0.0376
decode_in,0.0382
encrypt_out,0.0359
decode_in,0.0367
compress_out,0.0143
decrypt_in,0.0148
encode_out,0.0275
encode_out,0.0195
encrypt_out,0.0278
decode_in,0.0286
encrypt_out,0.0266
compress_out,0.0142
decrypt_in,0.0150
compress_out,0.0134
decrypt_in,0.0140
encode_out,0.0189
encrypt_out,0.0101
decode_in,0.0105
decrypt_in,0.0272
decrypt_in,0.0336
2
decrypt_in,0.0137
compress_out,0.0142
decrypt_in,0.0147
encrypt_out,0.0286
compress_out,0.0145
decrypt_in,0.0154
encrypt_out,0.0266
decode_in,0.0272
compress_out,0.0135
decrypt_in,0.0140
decrypt_in,0.0231
compress_out,0.0154
decrypt_in,0.0159
compress_out,0.0170
decrypt_in,0.0175
encode_out,0.0199
encrypt_out,0.0265
decode_in,0.0271
compress_out,0.0153
decrypt_in,0.0159
compress_out,0.0143
decrypt_in,0.0147
compress_out,0.0158
decrypt_in,0.0178
fog_preprocessing,6.8223
compress_out,0.0152
decrypt_in,0.0158
decompress_in,0.0302
decompress_in,0.0280
compress_out,0.0141
decrypt_in,0.0146
fog_preprocessing,6.6948
decrypt_in,0.0236
fog_preprocessing,6.7740
compress_out,0.0148
decrypt_in,0.0155
decrypt_in,0.0227
integrity_out,0.0095
encode_out,0.0210
encode_out,0.0207
encode_out,0.0207
decompress_in,0.0293
compress_out,0.0177
decrypt_in,0.0183
compress_out,0.0143
decrypt_in,0.0147
compress_out,0.0160
decrypt_in,0.0164
compress_out,0.0182
compress_out,0.0160
decrypt_in,0.0190
decrypt_in,0.0167
decompress_in,0.0288
compress_out,0.0146
decrypt_in,0.0151
compress_out,0.0156
decrypt_in,0.0161
encode_out,0.0224
compress_out,0.0142
decrypt_in,0.0146
encrypt_out,0.0260
decode_in,0.0265
compress_out,0.0171
decrypt_in,0.0176
compress_out,0.0228
decrypt_in,0.0277
decrypt_in,0.0233
compress_out,0.0143
decrypt_in,0.0148
compress_out,0.0151
decrypt_in,0.0156
compress_out,0.0145
decrypt_in,0.0149
compress_out,0.0151
decrypt_in,0.0157
compress_out,0.0266
decrypt_in,0.0271
verify_in,0.0094
compress_out,0.0146
compress_out,0.0156
decrypt_in,0.0150
decrypt_in,0.0165
compress_out,0.0138
decrypt_in,0.0142
compress_out,0.0141
decrypt_in,0.0146
compress_out,0.0149
compress_out,0.0250
decrypt_in,0.0154
encrypt_out,0.0106
decrypt_in,0.0255
decode_in,0.0122
verify_in,0.0124
compress_out,0.0146
decrypt_in,0.0151
compress_out,0.0138
decrypt_in,0.0142
fog_preprocessing,6.7842
compress_out,0.0139
decrypt_in,0.0147
fog_preprocessing,6.7802
compress_out,0.0146
compress_out,0.0156
decrypt_in,0.0154
compress_out,0.0162
decrypt_in,0.0170
decrypt_in,0.0168
compress_out,0.0147
decrypt_in,0.0153
compress_out,0.0140
decrypt_in,0.0162
compress_out,0.0147
decrypt_in,0.0152
compress_out,0.0161
decrypt_in,0.0169
compress_out,0.0141
compress_out,0.0154
decrypt_in,0.0146
decrypt_in,0.0159
decompress_in,0.0327
compress_out,0.0158
compress_out,0.0160
decrypt_in,0.0164
decrypt_in,0.0170
compress_out,0.0166
decrypt_in,0.0173
fog_preprocessing,6.8398
compress_out,0.0138
decrypt_in,0.0144
encrypt_out,0.0100
decode_in,0.0105
encrypt_out,0.0086
decode_in,0.0092
encrypt_out,0.0095
decode_in,0.0101
encrypt_out,0.0097
compress_out,0.0177
decode_in,0.0102
decrypt_in,0.0182
encrypt_out,0.0095
2
encrypt_out,0.0097
encrypt_out,0.0113
decode_in,0.0101
encrypt_out,0.0110
decode_in,0.0106
decode_in,0.0134
decode_in,0.0128
encrypt_out,0.0097
decode_in,0.0103
encrypt_out,0.0090
decode_in,0.0099
encrypt_out,0.0088
decode_in,0.0112
encrypt_out,0.0101
decode_in,0.0106
encrypt_out,0.0105
decode_in,0.0111
integrity_out,0.0087
encrypt_out,0.0094
encrypt_out,0.0091
decode_in,0.0100
verify_in,0.0094
decode_in,0.0098
encrypt_out,0.0091
encrypt_out,0.0136
decode_in,0.0101
decode_in,0.0143
encrypt_out,0.0090
decode_in,0.0102
encrypt_out,0.0086
decode_in,0.0095
encrypt_out,0.0258
decode_in,0.0264
encrypt_out,0.0101
encrypt_out,0.0112
decode_in,0.0105
decode_in,0.0121
encrypt_out,0.0099
decode_in,0.0106
encrypt_out,0.0100
decode_in,0.0104
encrypt_out,0.0130
decode_in,0.0142
encrypt_out,0.0099
encrypt_out,0.0120
decode_in,0.0105
decode_in,0.0125
encode_out,0.0198
encrypt_out,0.0100
decode_in,0.0105
encrypt_out,0.0093
encrypt_out,0.0111
decode_in,0.0098
encrypt_out,0.0177
decode_in,0.0118
decode_in,0.0185
encrypt_out,0.0274
7
encrypt_out,0.0093
decode_in,0.0280
integrity_out,0.0086
decode_in,0.0118
integrity_out,0.0093
encrypt_out,0.0098
encrypt_out,0.0227
decode_in,0.0115
decode_in,0.0235
encrypt_out,0.0086
decode_in,0.0091
encrypt_out,0.0088
decode_in,0.0094
encrypt_out,0.0094
decode_in,0.0099
compress_out,0.0158
decrypt_in,0.0165
verify_in,0.0099
encrypt_out,0.0093
decode_in,0.0098
encrypt_out,0.0087
decode_in,0.0091
encrypt_out,0.0095
decode_in,0.0100
encrypt_out,0.0092
decode_in,0.0098
encrypt_out,0.0092
decode_in,0.0097
decrypt_in,0.0225
encrypt_out,0.0089
decode_in,0.0093
encrypt_out,0.0088
decode_in,0.0094
encrypt_out,0.0305
decode_in,0.0310
encrypt_out,0.0126
decode_in,0.0131
decompress_in,0.0272
encrypt_out,0.0160
decode_in,0.0165
encrypt_out,0.0128
decode_in,0.0133
encrypt_out,0.0084
decode_in,0.0089
encrypt_out,0.0091
decode_in,0.0095
encrypt_out,0.0091
decode_in,0.0096
encrypt_out,0.0098
decode_in,0.0103
encrypt_out,0.0092
decode_in,0.0097
encrypt_out,0.0089
decode_in,0.0095
encrypt_out,0.0096
decode_in,0.0100
fog_preprocessing,6.8149
encrypt_out,0.0101
decode_in,0.0105
encrypt_out,0.0099
decode_in,0.0104
encrypt_out,0.0088
decode_in,0.0093
encode_out,0.0205
encrypt_out,0.0086
decode_in,0.0091
integrity_out,0.0093
encrypt_out,0.0098
decode_in,0.0105
integrity_out,0.0114
encrypt_out,0.0132
decode_in,0.0137
encrypt_out,0.0124
decode_in,0.0128
encrypt_out,0.0099
decode_in,0.0104
encrypt_out,0.0099
decode_in,0.0104
verify_in,0.0341
encrypt_out,0.0091
decode_in,0.0096
encrypt_out,0.0085
decode_in,0.0090
verify_in,0.0102
encrypt_out,0.0090
decode_in,0.0095
encrypt_out,0.0090
decode_in,0.0097
encrypt_out,0.0091
decode_in,0.0098
encrypt_out,0.0090
decode_in,0.0095
encrypt_out,0.0097
decode_in,0.0102
encrypt_out,0.0094
decode_in,0.0098
integrity_out,0.0098
encrypt_out,0.0097
decode_in,0.0103
decrypt_in,0.0410
decrypt_in,0.0185
encode_out,0.0212
encode_out,0.0208
encrypt_out,0.0140
decode_in,0.0146
encode_out,0.0238
encode_out,0.0224
encode_out,0.0224
encode_out,0.0214
encode_out,0.0190
encode_out,0.0197
encode_out,0.0189
decrypt_in,0.0685
encode_out,0.0260
encode_out,0.0198
encode_out,0.0204
encode_out,0.0332
compress_out,0.0173
decrypt_in,0.0178
encode_out,0.0197
encode_out,0.0197
encode_out,0.0198
encode_out,0.0194
encode_out,0.0202
encode_out,0.0186
encode_out,0.0190
encode_out,0.0190
decrypt_in,0.0148
encode_out,0.0193
decompress_in,0.0429
encode_out,0.0207
verify_in,0.0098
encode_out,0.0209
encode_out,0.0241
encode_out,0.0235
encode_out,0.0223
encrypt_out,0.0285
decode_in,0.0291
encode_out,0.0190
compress_out,0.0137
decrypt_in,0.0142
encode_out,0.0289
encode_out,0.0202
compress_out,0.0141
decrypt_in,0.0147
compress_out,0.0141
decrypt_in,0.0146
encode_out,0.0207
encode_out,0.0195
encode_out,0.0197
encrypt_out,0.0087
decode_in,0.0092
encode_out,0.0215
encode_out,0.0188
encode_out,0.0200
encode_out,0.0196
encode_out,0.0185
encode_out,0.0188
encode_out,0.0193
encode_out,0.0187
encode_out,0.0205
encode_out,0.0216
encode_out,0.0382
encode_out,0.0200
encode_out,0.0230
encode_out,0.0202
encode_out,0.0188
encode_out,0.0191
encode_out,0.0199
encode_out,0.0187
integrity_out,0.0093
encode_out,0.0186
encode_out,0.0197
encode_out,0.0188
encode_out,0.0195
compress_out,0.0137
decrypt_in,0.0142
encode_out,0.0190
encode_out,0.0189
compress_out,0.0152
decrypt_in,0.0157
encrypt_out,0.0306
decode_in,0.0313
encode_out,0.0198
encode_out,0.0187
encode_out,0.0304
encode_out,0.0196
encode_out,0.0193
encode_out,0.0198
encode_out,0.0206
encode_out,0.0220
encode_out,0.0206
encode_out,0.0226
compress_out,0.0147
decrypt_in,0.0153
encode_out,0.0191
encode_out,0.0189
encode_out,0.0330
encode_out,0.0193
encrypt_out,0.0110
decode_in,0.0116
decompress_in,0.0938
decompress_in,0.1151
encrypt_out,0.0609
decode_in,0.0616
encrypt_out,0.0711
encrypt_out,0.0839
encrypt_out,0.0851
encrypt_out,0.0597
decode_in,0.0719
decode_in,0.0846
encrypt_out,0.0093
decode_in,0.0861
encrypt_out,0.0865
decode_in,0.0611
encrypt_out,0.1061
decode_in,0.0887
decode_in,0.0890
decode_in,0.1086
encrypt_out,0.0107
decode_in,0.0116
encrypt_out,0.0180
decode_in,0.0185
encrypt_out,0.0284
decode_in,0.0290
encrypt_out,0.0264
encrypt_out,0.0272
decode_in,0.0269
decode_in,0.0277
encrypt_out,0.0329
decode_in,0.0334
decompress_in,0.0281
encrypt_out,0.0276
encrypt_out,0.0286
encrypt_out,0.0283
decode_in,0.0287
encrypt_out,0.0343
encrypt_out,0.0299
decode_in,0.0298
decode_in,0.0294
decode_in,0.0357
decode_in,0.0314
verify_in,0.0097
encrypt_out,0.0254
decode_in,0.0259
encrypt_out,0.0248
decode_in,0.0254
decompress_in,0.0222
encrypt_out,0.0252
encrypt_out,0.0253
decode_in,0.0258
decode_in,0.0258
encrypt_out,0.0240
decode_in,0.0246
encrypt_out,0.0271
decode_in,0.0277
encrypt_out,0.0341
decode_in,0.0347
decrypt_in,0.0127
encrypt_out,0.0261
decode_in,0.0266
encrypt_out,0.0244
decode_in,0.0250
encrypt_out,0.0242
decode_in,0.0248
encrypt_out,0.0222
decode_in,0.0227
encrypt_out,0.0233
decode_in,0.0238
encrypt_out,0.0251
decode_in,0.0256
encrypt_out,0.0238
decode_in,0.0244
encrypt_out,0.0259
decode_in,0.0265
encrypt_out,0.0250
decode_in,0.0255
encrypt_out,0.0246
decode_in,0.0291
encrypt_out,0.0245
encrypt_out,0.0228
decode_in,0.0250
decode_in,0.0235
encrypt_out,0.0254
fog_preprocessing,6.7379
encrypt_out,0.0240
decode_in,0.0245
encrypt_out,0.0269
decode_in,0.0274
encrypt_out,0.0246
decode_in,0.0251
encrypt_out,0.0271
decode_in,0.0284
encrypt_out,0.0276
decode_in,0.0282
encrypt_out,0.0322
decode_in,0.0327
encrypt_out,0.0269
encrypt_out,0.0270
decode_in,0.0274
decode_in,0.0276
encrypt_out,0.0258
decode_in,0.0269
encrypt_out,0.0280
decode_in,0.0285
encrypt_out,0.0256
decode_in,0.0261
encrypt_out,0.0241
decode_in,0.0245
encrypt_out,0.0271
decode_in,0.0276
compress_out,0.0170
decrypt_in,0.0176
encrypt_out,0.0251
decode_in,0.0256
encrypt_out,0.0267
decode_in,0.0273
encrypt_out,0.0259
decode_in,0.0266
encrypt_out,0.0097
encrypt_out,0.0239
decode_in,0.0103
decode_in,0.0245
encrypt_out,0.0253
decode_in,0.0258
encrypt_out,0.0261
decrypt_in,0.0128
decode_in,0.0265
encrypt_out,0.0257
decode_in,0.0262
encrypt_out,0.0258
decode_in,0.0264
encrypt_out,0.0252
decode_in,0.0258
encrypt_out,0.0244
decode_in,0.0250
encrypt_out,0.0254
decode_in,0.0258
encrypt_out,0.0275
decode_in,0.0281
encrypt_out,0.0250
decode_in,0.0255
encrypt_out,0.0251
decode_in,0.0265
encrypt_out,0.0270
decode_in,0.0275
encrypt_out,0.0248
decode_in,0.0254
encrypt_out,0.0157
decode_in,0.0257
decode_in,0.0163
encrypt_out,0.0265
decode_in,0.0270
encrypt_out,0.0238
decode_in,0.0244
encrypt_out,0.0253
decode_in,0.0258
verify_in,0.0097
encrypt_out,0.0263
decode_in,0.0269
encrypt_out,0.0231
decode_in,0.0237
verify_in,0.0098
encode_out,0.0233
decrypt_in,0.0134
encode_out,0.0277
decrypt_in,0.0135
decrypt_in,0.0226
decrypt_in,0.0121
decrypt_in,0.0128
encode_out,0.0210
encode_out,0.0208
decrypt_in,0.0224
decrypt_in,0.0133
decrypt_in,0.0226
decrypt_in,0.0221
decrypt_in,0.0128
decrypt_in,0.0137
decrypt_in,0.0121
verify_in,0.0091
decrypt_in,0.0122
decrypt_in,0.0237
decrypt_in,0.0179
decrypt_in,0.0148
decrypt_in,0.0145
decrypt_in,0.0126
decrypt_in,0.0124
verify_in,0.0103
encrypt_out,0.0277
decode_in,0.0283
decrypt_in,0.0126
decrypt_in,0.0130
decrypt_in,0.0131
decrypt_in,0.0123
decrypt_in,0.0121
decrypt_in,0.0117
decompress_in,0.0213
decrypt_in,0.0125
decrypt_in,0.0134
decrypt_in,0.0184
decrypt_in,0.0117
decrypt_in,0.0149
decrypt_in,0.0117
integrity_out,0.0085
decrypt_in,0.0212
decrypt_in,0.0129
decrypt_in,0.0163
decrypt_in,0.0138
decrypt_in,0.0126
decrypt_in,0.0223
decrypt_in,0.0228
decrypt_in,0.0164
decrypt_in,0.0266
decrypt_in,0.0243
decrypt_in,0.0162
decrypt_in,0.0198
decrypt_in,0.0176
decrypt_in,0.0138
decrypt_in,0.0128
decrypt_in,0.0185
decrypt_in,0.0130
encrypt_out,0.0140
decode_in,0.0146
decrypt_in,0.0122
decrypt_in,0.0132
decrypt_in,0.0125
decrypt_in,0.0133
decrypt_in,0.0126
decrypt_in,0.0125
decrypt_in,0.0136
encode_out,0.0224
decrypt_in,0.0117
decompress_in,0.0222
decrypt_in,0.0131
decrypt_in,0.0125
encode_out,0.0238
decrypt_in,0.0123
decrypt_in,0.0129
decrypt_in,0.0132
decrypt_in,0.0128
decrypt_in,0.0138
decrypt_in,0.0142
decrypt_in,0.0149
decrypt_in,0.0142
encode_out,0.0227
decrypt_in,0.0132
decrypt_in,0.0135
decrypt_in,0.0139
decrypt_in,0.0125
compress_out,0.0181
decrypt_in,0.0188
decompress_in,0.1166
encrypt_out,0.1177
decode_in,0.1182
decompress_in,0.1473
decompress_in,0.1189
encrypt_out,0.1550
decode_in,0.1556
decompress_in,0.1054
decompress_in,0.0211
decompress_in,0.0210
decompress_in,0.0215
decompress_in,0.0233
encrypt_out,0.0261
decode_in,0.0266
encrypt_out,0.0267
decode_in,0.0272
decompress_in,0.0213
decompress_in,0.0220
decompress_in,0.0225
decompress_in,0.0214
encode_out,0.0286
decompress_in,0.0378
decompress_in,0.0209
decompress_in,0.0217
decompress_in,0.0332
decompress_in,0.0431
encrypt_out,0.0101
decode_in,0.0107
decrypt_in,0.1078
decompress_in,0.1261
encode_out,0.0265
decompress_in,0.0213
decompress_in,0.1503
decompress_in,0.1210
decompress_in,0.0213
decompress_in,0.0212
decompress_in,0.0217
decompress_in,0.0209
verify_in,0.0097
decompress_in,0.0211
decompress_in,0.0220
decompress_in,0.0207
decompress_in,0.0217
decompress_in,0.0216
decompress_in,0.0212
decompress_in,0.0213
decompress_in,0.0214
decompress_in,0.0218
decompress_in,0.0219
decompress_in,0.0217
decompress_in,0.0217
decompress_in,0.0216
decompress_in,0.0213
decompress_in,0.0211
decompress_in,0.0213
decompress_in,0.0216
decompress_in,0.0216
decompress_in,0.0217
decompress_in,0.0226
decompress_in,0.0210
decompress_in,0.0218
decompress_in,0.0210
decompress_in,0.0326
decompress_in,0.0211
decompress_in,0.0211
decompress_in,0.0208
decompress_in,0.0212
decompress_in,0.0213
decompress_in,0.0209
decompress_in,0.0212
encrypt_out,0.0269
decode_in,0.0275
verify_in,0.0096
decompress_in,0.0213
decompress_in,0.0209
decompress_in,0.0225
encrypt_out,0.0245
decode_in,0.0250
decompress_in,0.0206
decompress_in,0.0213
decompress_in,0.0208
decompress_in,0.0202
decompress_in,0.0208
decompress_in,0.0219
decompress_in,0.0205
decompress_in,0.0215
decompress_in,0.0222
encrypt_out,0.0432
decompress_in,0.0222
decode_in,0.0443
verify_in,0.0097
decompress_in,0.0289
decrypt_in,0.0125
decompress_in,0.0206
verify_in,0.0085
verify_in,0.0099
verify_in,0.0086
verify_in,0.0100
decrypt_in,0.0123
verify_in,0.0090
verify_in,0.0086
verify_in,0.0086
decrypt_in,0.0119
verify_in,0.0086
verify_in,0.0087
decrypt_in,0.0110
verify_in,0.0093
verify_in,0.0086
verify_in,0.0087
verify_in,0.0086
verify_in,0.0084
verify_in,0.0084
verify_in,0.0085
encrypt_out,0.0292
decode_in,0.0297
verify_in,0.0086
verify_in,0.0090
decompress_in,0.0210
verify_in,0.0090
verify_in,0.0086
verify_in,0.0087
verify_in,0.0109
verify_in,0.0086
verify_in,0.0086
verify_in,0.0097
verify_in,0.0197
encrypt_out,0.0930
decode_in,0.1260
verify_in,0.0451
verify_in,0.0107
verify_in,0.0101
verify_in,0.0089
verify_in,0.0492
verify_in,0.0089
verify_in,0.0097
verify_in,0.0088
verify_in,0.0088
verify_in,0.0091
verify_in,0.0087
verify_in,0.0087
verify_in,0.0088
verify_in,0.0093
verify_in,0.0086
verify_in,0.0085
verify_in,0.0086
verify_in,0.0088
verify_in,0.0085
verify_in,0.0096
verify_in,0.0087
verify_in,0.0086
verify_in,0.0086
verify_in,0.0084
verify_in,0.0086
verify_in,0.0098
verify_in,0.0084
verify_in,0.0085
verify_in,0.0098
decrypt_in,0.0127
verify_in,0.0095
verify_in,0.0094
verify_in,0.0097
decrypt_in,0.0125
verify_in,0.0091
verify_in,0.0096
verify_in,0.0086
verify_in,0.0085
verify_in,0.0085
verify_in,0.0085
verify_in,0.0084
verify_in,0.0126
verify_in,0.0421
verify_in,0.0116
decrypt_in,0.0141
fog_preprocessing,6.5743
decompress_in,0.0639
integrity_out,0.0099
verify_in,0.0103
verify_in,0.0089
compress_out,0.0161
decrypt_in,0.0167
encrypt_out,0.0088
decode_in,0.0097
encode_out,0.0270
fog_preprocessing,6.5324
integrity_out,0.0097
compress_out,0.0151
decrypt_in,0.0156
encrypt_out,0.0091
decode_in,0.0097
fog_preprocessing,6.5455
encode_out,0.0254
integrity_out,0.0102
compress_out,0.0215
decrypt_in,0.0222
encrypt_out,0.0135
decode_in,0.0140
encode_out,0.0398
fog_preprocessing,6.5778
integrity_out,0.0382
compress_out,0.0158
decrypt_in,0.0164
encrypt_out,0.0093
decode_in,0.0098
encode_out,0.0283
fog_preprocessing,6.3994
integrity_out,0.0097
compress_out,0.0167
decrypt_in,0.0173
encrypt_out,0.0090
decode_in,0.0095
encode_out,0.0235
cloud_inference,32.8218
cloud_inference,31.6970
cloud_inference,33.1079
cloud_inference,32.6610
decompress_in,0.0525
cloud_inference,35.0081
cloud_inference,32.8150
cloud_inference,34.1401
decompress_in,0.0713
cloud_inference,34.3326
cloud_inference,33.7918
decompress_in,0.3168
cloud_inference,35.2764
cloud_inference,38.2569
cloud_inference,38.1377
cloud_inference,38.7157
cloud_inference,36.5106
cloud_inference,38.7607
cloud_inference,40.0530
decrypt_in,0.1064
cloud_inference,23.2263
cloud_inference,26.0998
verify_in,0.0264
cloud_inference,30.2681
cloud_inference,29.4586
cloud_inference,28.4441
cloud_inference,28.3491
cloud_inference,29.0331
cloud_inference,30.2374
cloud_inference,31.2443
cloud_inference,30.1128
decrypt_in,0.0288
cloud_inference,31.2126
cloud_inference,17.3222
cloud_inference,36.7129
cloud_inference,37.5270
cloud_inference,36.6128
cloud_inference,38.4576
cloud_inference,37.5516
cloud_inference,25.9666
cloud_inference,25.4663
cloud_inference,27.7259
cloud_inference,19.4387
cloud_inference,29.1227
cloud_inference,26.3209
cloud_inference,29.3249
cloud_inference,33.0153
cloud_inference,35.9535
cloud_inference,39.0331
cloud_inference,40.0951
cloud_inference,19.0053
cloud_inference,27.8651
cloud_inference,24.2602
cloud_inference,38.8663
cloud_inference,40.3329
cloud_inference,25.6323
cloud_inference,26.3976
cloud_inference,25.8572
cloud_inference,45.6686
cloud_inference,44.7183
cloud_inference,43.9401
decompress_in,0.0392
cloud_inference,28.7734
cloud_inference,31.4929
cloud_inference,20.4007
decompress_in,0.0680
cloud_inference,35.6892
cloud_inference,24.8121
cloud_inference,27.3342
cloud_inference,25.5896
cloud_inference,26.9670
cloud_inference,33.8078
cloud_inference,27.2551
cloud_inference,39.1036
cloud_inference,27.7508
cloud_inference,47.0091
decompress_in,0.2151
verify_in,0.0311
cloud_inference,20.5074
cloud_inference,38.1775
encrypt_out,0.1703
decode_in,0.1779
encrypt_out,0.1095
decode_in,0.1109
encrypt_out,0.2189
decode_in,0.2643
encrypt_out,0.1045
decode_in,0.1056
encrypt_out,0.0863
decode_in,0.0874
verify_in,0.0356
verify_in,0.0148
verify_in,0.0155
decompress_in,0.0782
cloud_inference,30.0677
decompress_in,0.1239
verify_in,0.0227
verify_in,0.0518
verify_in,0.0172
cloud_inference,22.2405
decrypt_in,0.0465
decrypt_in,0.0610
decrypt_in,0.0376
decrypt_in,0.0309
decrypt_in,0.0908
cloud_inference,23.9513
cloud_inference,45.0207
cloud_inference,45.8630
verify_in,0.1527
verify_in,0.0295
cloud_inference,46.5634
cloud_inference,30.1150
cloud_inference,19.0022
decompress_in,0.0794
decompress_in,0.0219
cloud_inference,34.2367
decompress_in,0.0183
decompress_in,0.0188
decompress_in,0.0368
cloud_inference,24.6068
verify_in,0.0262
verify_in,0.0086
verify_in,0.0405
verify_in,0.0099
verify_in,0.0349
cloud_inference,26.9403
cloud_inference,26.7057
cloud_inference,22.9192
cloud_inference,40.2333
cloud_inference,31.5313
cloud_inference,17.8092
cloud_inference,24.4375
cloud_inference,36.4326
cloud_inference,44.0393
cloud_inference,26.4592
cloud_inference,22.0991
cloud_inference,24.3603
cloud_inference,48.4745
cloud_inference,26.4467
cloud_inference,15.4084
cloud_inference,24.2945
cloud_inference,33.6858
cloud_inference,35.2040
cloud_inference,33.6794
cloud_inference,14.6219
