task,duration_seconds
edge_acquisition,0.6597
edge_acquisition,0.6450
edge_acquisition,0.6864
edge_acquisition,0.6569
edge_acquisition,0.6584
edge_acquisition,0.6601
edge_acquisition,0.6503
edge_acquisition,0.6822
edge_acquisition,0.6554
edge_acquisition,0.6733
edge_acquisition,0.6482
edge_acquisition,0.7051
edge_acquisition,0.6888
edge_acquisition,0.6556
edge_acquisition,0.6397
edge_acquisition,0.6637
edge_acquisition,0.6285
edge_acquisition,0.6363
edge_acquisition,0.6235
edge_acquisition,0.6208
edge_acquisition,0.6417
edge_acquisition,0.6185
edge_acquisition,0.6523
edge_acquisition,0.6694
edge_acquisition,0.6971
edge_acquisition,0.6720
edge_acquisition,0.6796
edge_acquisition,0.6782
edge_acquisition,0.6839
edge_acquisition,0.6950
edge_acquisition,0.7211
edge_acquisition,0.6684
edge_acquisition,0.6916
edge_acquisition,0.6970
edge_acquisition,0.7091
edge_acquisition,0.6787
edge_acquisition,0.7216
edge_acquisition,0.6863
edge_acquisition,0.6908
edge_acquisition,0.7171
edge_acquisition,0.7021
edge_acquisition,0.6810
edge_acquisition,0.6809
edge_acquisition,0.6815
edge_acquisition,0.7522
edge_acquisition,0.6861
edge_acquisition,0.7265
edge_acquisition,0.7064
edge_acquisition,0.6875
edge_acquisition,0.6674
edge_acquisition,0.6827
edge_acquisition,0.6507
edge_acquisition,0.6341
edge_acquisition,0.6376
edge_acquisition,0.6456
edge_acquisition,0.6482
edge_acquisition,0.6379
edge_acquisition,0.6839
edge_acquisition,0.6706
edge_acquisition,0.6950
edge_acquisition,0.6411
edge_acquisition,0.7201
edge_acquisition,0.7195
edge_acquisition,0.7033
edge_acquisition,0.6644
edge_acquisition,0.6459
edge_acquisition,0.7028
edge_acquisition,0.6828
edge_acquisition,0.6928
edge_acquisition,0.7153
edge_acquisition,0.6742
edge_acquisition,0.6786
edge_acquisition,0.6783
edge_acquisition,0.7368
edge_acquisition,0.6672
edge_acquisition,0.7003
edge_acquisition,0.6679
edge_acquisition,0.6786
edge_acquisition,0.6718
edge_acquisition,0.6768
edge_acquisition,0.7272
edge_acquisition,0.7184
edge_acquisition,0.6840
edge_acquisition,0.7007
edge_acquisition,0.6824
edge_acquisition,0.7302
edge_acquisition,0.6688
edge_acquisition,0.6905
edge_acquisition,0.7053
edge_acquisition,0.7141
edge_acquisition,0.7035
edge_acquisition,0.6368
edge_acquisition,0.6902
edge_acquisition,0.6493
edge_acquisition,0.6630
edge_acquisition,0.7088
edge_acquisition,0.6784
edge_acquisition,0.6789
edge_acquisition,0.6659
edge_acquisition,0.6792
integrity_out,0.2705
integrity_out,0.2643
integrity_out,0.2641
integrity_out,0.2654
integrity_out,0.2900
integrity_out,0.2649
integrity_out,0.2729
integrity_out,0.2651
integrity_out,0.2676
integrity_out,0.2644
integrity_out,0.2644
integrity_out,0.2653
integrity_out,0.2676
integrity_out,0.2643
integrity_out,0.2648
integrity_out,0.2642
integrity_out,0.2659
integrity_out,0.2671
integrity_out,0.2658
integrity_out,0.2645
integrity_out,0.2656
integrity_out,0.2654
integrity_out,0.2658
integrity_out,0.2697
integrity_out,0.2773
integrity_out,0.2817
integrity_out,0.2649
integrity_out,0.2634
integrity_out,0.2650
integrity_out,0.2628
integrity_out,0.2645
integrity_out,0.2651
integrity_out,0.2645
integrity_out,0.2644
integrity_out,0.2665
integrity_out,0.2654
integrity_out,0.2790
integrity_out,0.2646
integrity_out,0.2643
integrity_out,0.2674
integrity_out,0.2680
integrity_out,0.2642
integrity_out,0.2649
integrity_out,0.2703
integrity_out,0.2696
integrity_out,0.2920
integrity_out,0.2710
integrity_out,0.2694
integrity_out,0.2657
integrity_out,0.2653
integrity_out,0.2812
integrity_out,0.2648
integrity_out,0.2660
integrity_out,0.2641
integrity_out,0.2641
integrity_out,0.2646
integrity_out,0.2712
integrity_out,0.2643
integrity_out,0.2645
integrity_out,0.2648
integrity_out,0.2649
integrity_out,0.2680
integrity_out,0.2647
integrity_out,0.2643
integrity_out,0.2649
integrity_out,0.2648
integrity_out,0.2904
integrity_out,0.2647
integrity_out,0.2636
integrity_out,0.2667
integrity_out,0.2642
integrity_out,0.2636
integrity_out,0.2685
integrity_out,0.2778
integrity_out,0.2734
integrity_out,0.2651
integrity_out,0.2645
integrity_out,0.2639
integrity_out,0.2653
integrity_out,0.2634
integrity_out,0.2655
integrity_out,0.2640
integrity_out,0.2648
integrity_out,0.2644
integrity_out,0.2644
integrity_out,0.2657
integrity_out,0.2645
integrity_out,0.2916
integrity_out,0.2648
integrity_out,0.2681
integrity_out,0.2678
integrity_out,0.2630
integrity_out,0.2628
integrity_out,0.2636
integrity_out,0.2648
integrity_out,0.2679
integrity_out,0.2647
integrity_out,0.2637
integrity_out,0.2686
integrity_out,0.2638
compress_out,0.4100
decrypt_in,0.4118
compress_out,0.3975
decrypt_in,0.3985
compress_out,0.3970
decrypt_in,0.3982
compress_out,0.3970
decrypt_in,0.3982
compress_out,0.4111
decrypt_in,0.4120
compress_out,0.4399
decrypt_in,0.4413
compress_out,0.4139
decrypt_in,0.4152
compress_out,0.4028
decrypt_in,0.4042
compress_out,0.4209
decrypt_in,0.4226
compress_out,0.4000
decrypt_in,0.4011
compress_out,0.4011
decrypt_in,0.4022
compress_out,0.4041
decrypt_in,0.4054
compress_out,0.4023
decrypt_in,0.4037
compress_out,0.4028
decrypt_in,0.4040
compress_out,0.4002
decrypt_in,0.4017
compress_out,0.3990
decrypt_in,0.4004
compress_out,0.4006
decrypt_in,0.4019
compress_out,0.4012
decrypt_in,0.4026
compress_out,0.4344
decrypt_in,0.4355
compress_out,0.4055
decrypt_in,0.4069
compress_out,0.4028
decrypt_in,0.4044
compress_out,0.4008
decrypt_in,0.4024
compress_out,0.4195
decrypt_in,0.4205
compress_out,0.4003
decrypt_in,0.4018
compress_out,0.4285
decrypt_in,0.4300
compress_out,0.4048
decrypt_in,0.4063
compress_out,0.3986
decrypt_in,0.4000
compress_out,0.4024
decrypt_in,0.4039
compress_out,0.3999
decrypt_in,0.4013
compress_out,0.3967
decrypt_in,0.3980
compress_out,0.4048
decrypt_in,0.4060
compress_out,0.4253
decrypt_in,0.4268
compress_out,0.4118
decrypt_in,0.4134
compress_out,0.4130
decrypt_in,0.4142
compress_out,0.4165
decrypt_in,0.4178
compress_out,0.4272
decrypt_in,0.4288
compress_out,0.4189
decrypt_in,0.4203
compress_out,0.4009
decrypt_in,0.4022
compress_out,0.4132
decrypt_in,0.4147
compress_out,0.4003
decrypt_in,0.4018
compress_out,0.4102
decrypt_in,0.4117
compress_out,0.4003
decrypt_in,0.4015
compress_out,0.4065
decrypt_in,0.4081
compress_out,0.3981
decrypt_in,0.3997
compress_out,0.3994
decrypt_in,0.4008
compress_out,0.3999
decrypt_in,0.4013
compress_out,0.4154
decrypt_in,0.4169
compress_out,0.4121
decrypt_in,0.4131
compress_out,0.4234
decrypt_in,0.4251
compress_out,0.4055
decrypt_in,0.4072
compress_out,0.4292
decrypt_in,0.4300
compress_out,0.3995
decrypt_in,0.4007
compress_out,0.4062
decrypt_in,0.4076
compress_out,0.4024
decrypt_in,0.4036
compress_out,0.4268
decrypt_in,0.4283
compress_out,0.4118
decrypt_in,0.4131
compress_out,0.4085
decrypt_in,0.4099
compress_out,0.4034
decrypt_in,0.4046
compress_out,0.4007
decrypt_in,0.4021
compress_out,0.4089
decrypt_in,0.4099
compress_out,0.4161
decrypt_in,0.4176
compress_out,0.4083
decrypt_in,0.4097
compress_out,0.4261
decrypt_in,0.4277
compress_out,0.4112
decrypt_in,0.4125
compress_out,0.4197
decrypt_in,0.4211
compress_out,0.4005
decrypt_in,0.4018
compress_out,0.4199
decrypt_in,0.4214
compress_out,0.4054
decrypt_in,0.4066
compress_out,0.4546
decrypt_in,0.4556
compress_out,0.3986
decrypt_in,0.4002
compress_out,0.4048
decrypt_in,0.4063
compress_out,0.4052
decrypt_in,0.4061
compress_out,0.4233
decrypt_in,0.4245
compress_out,0.4143
decrypt_in,0.4157
compress_out,0.4070
decrypt_in,0.4082
compress_out,0.4098
decrypt_in,0.4112
compress_out,0.4161
decrypt_in,0.4178
compress_out,0.4096
decrypt_in,0.4112
compress_out,0.4248
decrypt_in,0.4263
compress_out,0.4082
decrypt_in,0.4098
compress_out,0.4186
decrypt_in,0.4198
compress_out,0.4007
decrypt_in,0.4024
compress_out,0.4210
decrypt_in,0.4220
compress_out,0.4092
decrypt_in,0.4107
compress_out,0.4346
decrypt_in,0.4360
compress_out,0.4125
decrypt_in,0.4138
compress_out,0.4112
decrypt_in,0.4128
compress_out,0.3998
decrypt_in,0.4012
compress_out,0.4067
decrypt_in,0.4080
compress_out,0.4138
decrypt_in,0.4154
compress_out,0.4112
decrypt_in,0.4133
compress_out,0.4012
decrypt_in,0.4021
compress_out,0.4121
decrypt_in,0.4138
compress_out,0.4023
decrypt_in,0.4039
compress_out,0.4136
decrypt_in,0.4152
compress_out,0.4030
decrypt_in,0.4039
compress_out,0.4157
decrypt_in,0.4170
compress_out,0.4034
decrypt_in,0.4048
compress_out,0.4325
decrypt_in,0.4340
compress_out,0.4116
decrypt_in,0.4128
encrypt_out,0.1023
decode_in,0.1036
encrypt_out,0.0938
decode_in,0.0950
encrypt_out,0.0879
decode_in,0.0890
encrypt_out,0.0953
decode_in,0.0962
encrypt_out,0.0866
decode_in,0.0880
encrypt_out,0.0867
decode_in,0.0884
encrypt_out,0.0966
decode_in,0.0974
encrypt_out,0.0890
decode_in,0.0905
encrypt_out,0.0963
decode_in,0.0981
encrypt_out,0.0950
decode_in,0.0961
encrypt_out,0.0976
decode_in,0.0989
encrypt_out,0.0868
decode_in,0.0887
encrypt_out,0.0987
decode_in,0.0998
encrypt_out,0.0949
decode_in,0.0963
encrypt_out,0.0856
decode_in,0.0868
encrypt_out,0.0867
decode_in,0.0878
encrypt_out,0.0890
decode_in,0.0902
encrypt_out,0.0865
decode_in,0.0878
encrypt_out,0.0893
decode_in,0.0903
encrypt_out,0.0862
decode_in,0.0876
encrypt_out,0.0885
decode_in,0.0897
encrypt_out,0.0877
decode_in,0.0893
encrypt_out,0.0863
decode_in,0.0878
encrypt_out,0.0884
decode_in,0.0895
encrypt_out,0.0873
decode_in,0.0889
encrypt_out,0.0864
decode_in,0.0877
encrypt_out,0.0871
decode_in,0.0887
encrypt_out,0.0866
decode_in,0.0877
encrypt_out,0.0879
decode_in,0.0898
encrypt_out,0.0862
decode_in,0.0875
encrypt_out,0.0948
decode_in,0.0958
encrypt_out,0.0862
decode_in,0.0873
encrypt_out,0.0852
decode_in,0.0860
encrypt_out,0.0890
decode_in,0.0902
encrypt_out,0.0860
decode_in,0.0872
encrypt_out,0.0874
decode_in,0.0886
encrypt_out,0.0875
decode_in,0.0886
encrypt_out,0.0872
decode_in,0.0885
encrypt_out,0.0883
decode_in,0.0894
encrypt_out,0.0869
decode_in,0.0880
encrypt_out,0.0856
decode_in,0.0869
encrypt_out,0.0850
decode_in,0.0858
encrypt_out,0.0868
decode_in,0.0882
encrypt_out,0.0852
decode_in,0.0865
encrypt_out,0.0865
decode_in,0.0878
encrypt_out,0.0860
decode_in,0.0874
encrypt_out,0.0868
decode_in,0.0877
encrypt_out,0.0864
decode_in,0.0876
encrypt_out,0.1004
decode_in,0.1020
encrypt_out,0.1030
decode_in,0.1043
encrypt_out,0.1013
decode_in,0.1026
encrypt_out,0.1015
decode_in,0.1024
encrypt_out,0.1018
decode_in,0.1033
encrypt_out,0.1083
decode_in,0.1095
encrypt_out,0.1039
decode_in,0.1054
encrypt_out,0.1059
decode_in,0.1076
encrypt_out,0.1016
decode_in,0.1043
encrypt_out,0.1015
decode_in,0.1030
encrypt_out,0.1022
decode_in,0.1032
encrypt_out,0.1019
decode_in,0.1032
encrypt_out,0.1007
decode_in,0.1020
encrypt_out,0.1032
decode_in,0.1046
encrypt_out,0.1018
decode_in,0.1030
encrypt_out,0.1020
decode_in,0.1031
encrypt_out,0.1030
decode_in,0.1045
encrypt_out,0.1055
decode_in,0.1070
encrypt_out,0.1038
decode_in,0.1057
encrypt_out,0.1024
decode_in,0.1040
encrypt_out,0.1036
decode_in,0.1045
encrypt_out,0.1017
decode_in,0.1028
encrypt_out,0.1158
decode_in,0.1173
encrypt_out,0.1026
decode_in,0.1040
encrypt_out,0.1017
decode_in,0.1036
encrypt_out,0.1019
decode_in,0.1033
encrypt_out,0.1052
decode_in,0.1067
encrypt_out,0.1018
decode_in,0.1030
encrypt_out,0.1037
decode_in,0.1052
encrypt_out,0.1034
decode_in,0.1049
encrypt_out,0.1100
decode_in,0.1117
encrypt_out,0.1044
decode_in,0.1059
encrypt_out,0.1029
decode_in,0.1045
encrypt_out,0.1017
decode_in,0.1029
encrypt_out,0.1012
decode_in,0.1027
encrypt_out,0.1024
decode_in,0.1032
encrypt_out,0.1019
decode_in,0.1029
encrypt_out,0.1026
decode_in,0.1038
encrypt_out,0.1031
decode_in,0.1044
encrypt_out,0.1046
decode_in,0.1058
encrypt_out,0.1040
decode_in,0.1051
encrypt_out,0.1044
decode_in,0.1054
encrypt_out,0.1027
decode_in,0.1040
encrypt_out,0.1029
decode_in,0.1039
encrypt_out,0.1032
decode_in,0.1045
encrypt_out,0.1023
decode_in,0.1038
encrypt_out,0.1020
decode_in,0.1036
encrypt_out,0.1016
decode_in,0.1029
encrypt_out,0.1028
decode_in,0.1037
encrypt_out,0.1030
decode_in,0.1039
encrypt_out,0.1034
decode_in,0.1044
encrypt_out,0.1075
decode_in,0.1088
encode_out,0.2592
encrypt_out,0.1954
decode_in,0.1970
encode_out,0.2700
decrypt_in,0.1170
encrypt_out,0.1843
decode_in,0.1853
encode_out,0.2612
encode_out,0.2650
encode_out,0.2867
decompress_in,0.7703
encode_out,0.2760
decrypt_in,0.1070
encrypt_out,0.2084
decode_in,0.2095
encode_out,0.2628
encrypt_out,0.1781
decode_in,0.1793
encode_out,0.2660
encrypt_out,0.1891
decode_in,0.1903
encode_out,0.2613
verify_in,0.2674
encrypt_out,0.1862
encode_out,0.2603
encode_out,0.2837
encode_out,0.2869
decompress_in,0.7649
encode_out,0.2750
decrypt_in,0.0982
encrypt_out,0.1818
decode_in,0.1827
encode_out,0.2555
decrypt_in,0.1025
encrypt_out,0.1917
decode_in,0.1928
encode_out,0.2646
decrypt_in,0.1007
encrypt_out,0.1862
decode_in,0.1876
encode_out,0.2650
encode_out,0.2540
encode_out,0.2578
encode_out,0.2669
encode_out,0.2725
encode_out,0.2495
encode_out,0.2498
encode_out,0.2605
encode_out,0.2568
encode_out,0.2636
encode_out,0.2553
encode_out,0.2624
encode_out,0.2529
encode_out,0.2742
encode_out,0.2538
encode_out,0.2611
encode_out,0.2548
encode_out,0.2576
encode_out,0.2499
encode_out,0.2485
encode_out,0.2556
encode_out,0.2603
encode_out,0.2638
encode_out,0.2588
encode_out,0.2562
fog_preprocessing,6.4214
decrypt_in,0.1019
encode_out,0.2604
encrypt_out,0.1818
decode_in,0.1825
encrypt_out,0.1880
decode_in,0.1890
encode_out,0.2680
encrypt_out,0.1933
decode_in,0.1945
encode_out,0.2718
verify_in,0.2851
encode_out,0.2606
encrypt_out,0.1879
decode_in,0.1892
encode_out,0.2571
encode_out,0.2793
encode_out,0.2827
decompress_in,0.8469
decrypt_in,0.1022
encode_out,0.2902
encrypt_out,0.1719
decode_in,0.1729
encode_out,0.2895
encode_out,0.2959
encode_out,0.2945
decompress_in,0.7739
decrypt_in,0.0971
encode_out,0.2744
encrypt_out,0.1905
decode_in,0.1914
encode_out,0.2814
encode_out,0.2964
decompress_in,0.7629
decrypt_in,0.0999
encode_out,0.2960
encrypt_out,0.1719
decode_in,0.1731
encode_out,0.2885
encrypt_out,0.2058
decode_in,0.2071
encrypt_out,0.1873
decode_in,0.1886
encode_out,0.2770
encrypt_out,0.1830
decode_in,0.1842
encode_out,0.2804
encrypt_out,0.1689
decode_in,0.1702
encrypt_out,0.1789
decode_in,0.1806
encode_out,0.2861
encrypt_out,0.1775
decode_in,0.1786
encode_out,0.2783
encrypt_out,0.1836
decode_in,0.1846
encrypt_out,0.1799
decode_in,0.1808
encode_out,0.2821
encrypt_out,0.1775
decode_in,0.1785
encode_out,0.2858
encrypt_out,0.1830
decode_in,0.1838
encrypt_out,0.1737
decode_in,0.1746
encode_out,0.2813
encrypt_out,0.1767
decode_in,0.1778
encrypt_out,0.1850
decode_in,0.1859
encode_out,0.2830
encrypt_out,0.1786
decode_in,0.1801
encode_out,0.2798
encrypt_out,0.1732
decode_in,0.1747
encrypt_out,0.1917
decode_in,0.1929
encode_out,0.2913
encrypt_out,0.1862
decode_in,0.1870
encode_out,0.2869
encrypt_out,0.1794
decode_in,0.1808
encrypt_out,0.1686
decode_in,0.1698
encode_out,0.2719
encrypt_out,0.1751
decode_in,0.1764
encode_out,0.2840
encrypt_out,0.1851
decode_in,0.1860
encrypt_out,0.1833
decode_in,0.1847
encode_out,0.2742
encrypt_out,0.1808
decode_in,0.1823
encode_out,0.2949
encrypt_out,0.1725
decode_in,0.1733
integrity_out,0.0101
encode_out,0.2703
encode_out,0.3162
decompress_in,0.7226
encode_out,0.3079
encrypt_out,0.1889
decode_in,0.1897
decrypt_in,0.0981
decrypt_in,0.1000
encode_out,0.2697
encrypt_out,0.1755
decode_in,0.1768
decrypt_in,0.0985
encode_out,0.2896
encrypt_out,0.1756
decode_in,0.1772
encode_out,0.2845
encode_out,0.2722
encode_out,0.2837
encode_out,0.2693
encode_out,0.2923
encode_out,0.2853
encode_out,0.2811
encode_out,0.2942
encode_out,0.2780
encode_out,0.2784
encode_out,0.2788
encode_out,0.2689
encode_out,0.2721
encode_out,0.2705
encode_out,0.2708
encode_out,0.2782
encode_out,0.2922
encode_out,0.2766
encode_out,0.2779
encode_out,0.2719
encode_out,0.2710
fog_preprocessing,5.8776
encrypt_out,0.1819
decode_in,0.1835
encode_out,0.2817
decrypt_in,0.0994
encrypt_out,0.1827
decode_in,0.1840
encode_out,0.2890
encrypt_out,0.1792
decode_in,0.1806
encrypt_out,0.1857
decode_in,0.1871
encode_out,0.2850
verify_in,0.2681
decompress_in,0.7496
encrypt_out,0.1873
decode_in,0.1888
decrypt_in,0.1010
encrypt_out,0.1831
decode_in,0.1844
encrypt_out,0.1822
decode_in,0.1831
encrypt_out,0.1970
decode_in,0.1985
verify_in,0.2697
decompress_in,0.7870
encrypt_out,0.1833
decode_in,0.1845
decrypt_in,0.0969
encrypt_out,0.1903
decode_in,0.1918
encrypt_out,0.1906
decode_in,0.1919
verify_in,0.2669
decompress_in,0.7914
encrypt_out,0.1768
decode_in,0.1782
decrypt_in,0.0988
encrypt_out,0.1773
decode_in,0.1787
decrypt_in,0.0967
decrypt_in,0.1001
encrypt_out,0.1865
decode_in,0.1881
decrypt_in,0.0988
encrypt_out,0.1787
decode_in,0.1801
decrypt_in,0.0983
decrypt_in,0.0976
encrypt_out,0.1848
decode_in,0.1855
decrypt_in,0.1008
encrypt_out,0.1732
decode_in,0.1745
decrypt_in,0.0977
decrypt_in,0.1003
encrypt_out,0.1801
decode_in,0.1813
decrypt_in,0.1011
encrypt_out,0.1821
decode_in,0.1835
decrypt_in,0.0989
decrypt_in,0.0997
encrypt_out,0.1823
decode_in,0.1834
decrypt_in,0.0967
decrypt_in,0.1020
encrypt_out,0.1994
decode_in,0.2004
decrypt_in,0.0998
encrypt_out,0.1890
decode_in,0.1906
decrypt_in,0.0991
decrypt_in,0.0986
encrypt_out,0.1842
decode_in,0.1857
decrypt_in,0.1054
encrypt_out,0.1799
decode_in,0.1811
decrypt_in,0.0988
decrypt_in,0.0995
encrypt_out,0.1798
decode_in,0.1812
decrypt_in,0.0976
encrypt_out,0.1785
decode_in,0.1797
decrypt_in,0.1018
decrypt_in,0.1008
encrypt_out,0.1688
decode_in,0.1701
decrypt_in,0.0991
encrypt_out,0.1795
decode_in,0.1808
decrypt_in,0.1003
compress_out,0.0242
decrypt_in,0.0246
encrypt_out,0.1769
decode_in,0.1781
encrypt_out,0.1879
decode_in,0.1893
verify_in,0.2676
encrypt_out,0.1899
decode_in,0.1911
decrypt_in,0.1001
decompress_in,0.7383
decompress_in,0.7436
encrypt_out,0.1812
decode_in,0.1826
decrypt_in,0.1009
decompress_in,0.7478
encrypt_out,0.1861
decode_in,0.1874
decrypt_in,0.1008
encrypt_out,0.1898
decode_in,0.1911
encrypt_out,0.1793
decode_in,0.1802
encrypt_out,0.1787
decode_in,0.1802
encrypt_out,0.1845
decode_in,0.1854
encrypt_out,0.1821
decode_in,0.1833
encrypt_out,0.1781
decode_in,0.1795
encrypt_out,0.1841
decode_in,0.1854
encrypt_out,0.1814
decode_in,0.1822
encrypt_out,0.1746
decode_in,0.1758
encrypt_out,0.1904
decode_in,0.1918
encrypt_out,0.1763
decode_in,0.1776
encrypt_out,0.1835
decode_in,0.1849
encrypt_out,0.1740
decode_in,0.1751
encrypt_out,0.1870
decode_in,0.1884
encrypt_out,0.1775
decode_in,0.1788
encrypt_out,0.1783
decode_in,0.1800
encrypt_out,0.1894
decode_in,0.1906
encrypt_out,0.1932
decode_in,0.1946
encrypt_out,0.1770
decode_in,0.1782
encrypt_out,0.1912
decode_in,0.1930
encrypt_out,0.1851
decode_in,0.1865
integrity_out,0.0111
decrypt_in,0.0991
encrypt_out,0.1854
decode_in,0.1867
decompress_in,0.7672
decrypt_in,0.0979
encrypt_out,0.1843
decode_in,0.1858
decrypt_in,0.1002
decrypt_in,0.0990
encrypt_out,0.1823
decode_in,0.1832
fog_preprocessing,5.8696
verify_in,0.2720
decrypt_in,0.1053
decompress_in,0.7493
decrypt_in,0.0996
decrypt_in,0.0989
decrypt_in,0.0998
fog_preprocessing,5.8362
verify_in,0.2786
decrypt_in,0.1174
decompress_in,0.7348
decrypt_in,0.1000
decrypt_in,0.1011
fog_preprocessing,5.8568
verify_in,0.2677
decrypt_in,0.0997
decompress_in,0.7659
decrypt_in,0.1018
decompress_in,0.7881
decompress_in,0.8617
decrypt_in,0.0976
decompress_in,0.8126
decrypt_in,0.0986
decompress_in,0.8016
decompress_in,0.7945
decrypt_in,0.1016
decompress_in,0.7404
decrypt_in,0.0977
decompress_in,0.7953
decompress_in,0.7755
decrypt_in,0.0973
decompress_in,0.7733
decrypt_in,0.1019
decompress_in,0.7893
decompress_in,0.7244
decrypt_in,0.0980
decompress_in,0.8181
decompress_in,0.7985
decrypt_in,0.0999
decompress_in,0.7526
decrypt_in,0.0983
decompress_in,0.8226
decompress_in,0.7518
decrypt_in,0.0979
decompress_in,0.7234
decrypt_in,0.0977
decompress_in,0.7991
decompress_in,0.7286
decrypt_in,0.0979
decompress_in,0.8018
decrypt_in,0.0995
decompress_in,0.7646
decompress_in,0.7251
decrypt_in,0.0998
decompress_in,0.7469
decrypt_in,0.0970
decompress_in,0.7214
encrypt_out,0.0162
decode_in,0.0167
decrypt_in,0.1022
decrypt_in,0.1001
fog_preprocessing,5.8607
decrypt_in,0.1035
decompress_in,0.7233
verify_in,0.2672
verify_in,0.2661
decrypt_in,0.0989
decompress_in,0.7870
verify_in,0.2656
decrypt_in,0.0992
decompress_in,0.7418
decrypt_in,0.0990
decrypt_in,0.0989
decrypt_in,0.0998
decrypt_in,0.1015
decrypt_in,0.1007
decrypt_in,0.0982
decrypt_in,0.1006
decrypt_in,0.0986
decrypt_in,0.0969
decrypt_in,0.0983
decrypt_in,0.0982
decrypt_in,0.0998
decrypt_in,0.0980
decrypt_in,0.0992
decrypt_in,0.1005
decrypt_in,0.0994
decrypt_in,0.1013
decrypt_in,0.0996
decrypt_in,0.0997
decrypt_in,0.1095
decrypt_in,0.1054
compress_out,0.0210
decrypt_in,0.0216
decompress_in,0.7290
decrypt_in,0.0992
verify_in,0.2818
decompress_in,0.8626
decrypt_in,0.0996
decompress_in,0.7619
decompress_in,0.7759
decrypt_in,0.0986
integrity_out,0.0096
fog_preprocessing,5.9042
decompress_in,0.7893
verify_in,0.2681
decompress_in,0.7678
decompress_in,0.7702
decompress_in,0.7695
integrity_out,0.0090
fog_preprocessing,5.8453
decompress_in,0.7987
verify_in,0.2751
decompress_in,0.7894
decompress_in,0.7919
integrity_out,0.0092
fog_preprocessing,5.8274
decompress_in,0.8004
verify_in,0.2655
decompress_in,0.7832
verify_in,0.2652
verify_in,0.2743
decompress_in,0.8127
verify_in,0.2660
decompress_in,0.7948
verify_in,0.2654
verify_in,0.2638
decompress_in,0.8335
verify_in,0.2765
decompress_in,0.8046
verify_in,0.2642
verify_in,0.2644
decompress_in,0.7918
verify_in,0.2650
decompress_in,0.7740
verify_in,0.2717
verify_in,0.2640
decompress_in,0.8040
verify_in,0.2644
verify_in,0.2925
decompress_in,0.7654
verify_in,0.2648
decompress_in,0.7934
verify_in,0.2647
verify_in,0.2645
decompress_in,0.7885
verify_in,0.2733
decompress_in,0.8066
verify_in,0.2645
verify_in,0.2641
decompress_in,0.8162
verify_in,0.2646
decompress_in,0.8010
verify_in,0.2658
verify_in,0.2653
decompress_in,0.7937
verify_in,0.2726
decompress_in,0.7873
verify_in,0.2663
encode_out,0.0331
encrypt_out,0.0420
decode_in,0.0429
decrypt_in,0.0275
decompress_in,0.0322
verify_in,0.0075
decompress_in,0.8108
decompress_in,0.7602
integrity_out,0.0091
decompress_in,0.7702
verify_in,0.2660
cloud_inference,6.9108
fog_preprocessing,5.8498
fog_preprocessing,5.8494
decompress_in,0.8152
verify_in,0.2723
fog_preprocessing,5.8551
decompress_in,0.7903
verify_in,0.2646
decompress_in,0.7709
decompress_in,0.7491
decompress_in,0.7698
decompress_in,0.7979
decompress_in,0.8241
decompress_in,0.8054
decompress_in,0.7955
decompress_in,0.7945
decompress_in,0.7695
decompress_in,0.7907
decompress_in,0.7665
decompress_in,0.8278
decompress_in,0.7653
decompress_in,0.7728
decompress_in,0.7685
decompress_in,0.7946
decompress_in,0.7829
decompress_in,0.8483
decompress_in,0.7985
decompress_in,0.7987
decompress_in,0.7765
encrypt_out,0.0107
decode_in,0.0113
verify_in,0.2653
decompress_in,0.8084
fog_preprocessing,5.8295
verify_in,0.2683
decompress_in,0.7315
verify_in,0.2649
verify_in,0.2657
decompress_in,0.7171
compress_out,0.0159
decrypt_in,0.0166
integrity_out,0.0087
verify_in,0.2640
fog_preprocessing,5.8410
verify_in,0.2673
verify_in,0.2654
verify_in,0.2651
compress_out,0.0165
decrypt_in,0.0172
integrity_out,0.0089
verify_in,0.2659
fog_preprocessing,5.8244
verify_in,0.2666
verify_in,0.2691
compress_out,0.0168
decrypt_in,0.0175
integrity_out,0.0093
verify_in,0.2746
fog_preprocessing,5.8318
verify_in,0.2835
fog_preprocessing,5.8329
fog_preprocessing,5.8130
verify_in,0.2657
fog_preprocessing,5.8189
verify_in,0.2730
fog_preprocessing,5.8165
fog_preprocessing,5.8021
verify_in,0.2726
fog_preprocessing,5.8176
verify_in,0.2718
fog_preprocessing,5.8077
fog_preprocessing,5.8310
verify_in,0.2717
fog_preprocessing,5.8239
verify_in,0.2727
fog_preprocessing,5.8056
fog_preprocessing,5.8233
verify_in,0.2704
fog_preprocessing,5.8091
fog_preprocessing,5.8317
verify_in,0.2730
fog_preprocessing,5.8174
verify_in,0.2682
fog_preprocessing,5.8063
fog_preprocessing,5.8204
verify_in,0.2694
fog_preprocessing,5.8047
verify_in,0.2662
fog_preprocessing,5.8204
fog_preprocessing,5.8067
verify_in,0.2783
fog_preprocessing,5.8015
verify_in,0.2670
fog_preprocessing,5.8162
fog_preprocessing,5.8041
verify_in,0.2670
fog_preprocessing,5.8165
verify_in,0.2682
fog_preprocessing,5.8213
verify_in,0.2662
verify_in,0.2692
compress_out,0.0195
decrypt_in,0.0201
verify_in,0.2699
fog_preprocessing,5.8058
integrity_out,0.0100
integrity_out,0.0095
verify_in,0.2668
fog_preprocessing,5.8120
integrity_out,0.0107
verify_in,0.2707
fog_preprocessing,5.8166
verify_in,0.2728
verify_in,0.2660
verify_in,0.2649
verify_in,0.2767
verify_in,0.2640
verify_in,0.2630
verify_in,0.2649
verify_in,0.2718
verify_in,0.2704
verify_in,0.2682
verify_in,0.2705
verify_in,0.2704
verify_in,0.2711
verify_in,0.2703
verify_in,0.2710
verify_in,0.2696
verify_in,0.2680
verify_in,0.2706
verify_in,0.2734
verify_in,0.2708
verify_in,0.2704
encode_out,0.0358
encrypt_out,0.0391
decode_in,0.0400
decrypt_in,0.0140
decompress_in,0.0246
verify_in,0.0081
cloud_inference,2.8323
fog_preprocessing,5.8418
verify_in,0.2720
integrity_out,0.0098
fog_preprocessing,5.7940
verify_in,0.2726
fog_preprocessing,5.8218
fog_preprocessing,5.8008
verify_in,0.2709
encrypt_out,0.0120
decode_in,0.0126
compress_out,0.0169
decrypt_in,0.0175
fog_preprocessing,5.8138
integrity_out,0.0110
fog_preprocessing,5.8017
fog_preprocessing,5.7860
fog_preprocessing,5.8130
encrypt_out,0.0150
decode_in,0.0156
compress_out,0.0172
decrypt_in,0.0178
fog_preprocessing,5.7994
integrity_out,0.0106
fog_preprocessing,5.7981
fog_preprocessing,5.8068
encrypt_out,0.0090
decode_in,0.0096
compress_out,0.0170
decrypt_in,0.0175
fog_preprocessing,5.7977
integrity_out,0.0111
fog_preprocessing,5.8003
integrity_out,0.0106
integrity_out,0.0099
fog_preprocessing,5.7969
integrity_out,0.0105
fog_preprocessing,5.7978
integrity_out,0.0117
integrity_out,0.0099
fog_preprocessing,5.7870
integrity_out,0.0107
fog_preprocessing,5.8194
integrity_out,0.0129
integrity_out,0.0103
fog_preprocessing,5.8001
integrity_out,0.0124
fog_preprocessing,5.7971
integrity_out,0.0114
integrity_out,0.0103
fog_preprocessing,5.8068
integrity_out,0.0115
integrity_out,0.0099
fog_preprocessing,5.7867
integrity_out,0.0098
fog_preprocessing,5.8008
integrity_out,0.0097
integrity_out,0.0087
fog_preprocessing,5.7923
integrity_out,0.0101
fog_preprocessing,5.8033
integrity_out,0.0097
integrity_out,0.0091
fog_preprocessing,5.8118
integrity_out,0.0097
fog_preprocessing,5.7927
integrity_out,0.0096
integrity_out,0.0085
fog_preprocessing,5.8049
integrity_out,0.0102
fog_preprocessing,5.7897
integrity_out,0.0095
fog_preprocessing,5.8013
fog_preprocessing,5.8095
encrypt_out,0.0101
decode_in,0.0106
fog_preprocessing,5.7946
integrity_out,0.0102
compress_out,0.0160
decrypt_in,0.0164
compress_out,0.0137
decrypt_in,0.0142
fog_preprocessing,5.7885
integrity_out,0.0106
compress_out,0.0151
decrypt_in,0.0156
fog_preprocessing,5.7941
integrity_out,0.0098
fog_preprocessing,5.8107
fog_preprocessing,5.8045
fog_preprocessing,5.8086
fog_preprocessing,5.8120
fog_preprocessing,5.7906
fog_preprocessing,5.8014
fog_preprocessing,5.8035
fog_preprocessing,5.8013
fog_preprocessing,5.8237
fog_preprocessing,5.7950
fog_preprocessing,5.8045
fog_preprocessing,5.7978
fog_preprocessing,5.8150
fog_preprocessing,5.7929
fog_preprocessing,5.8045
fog_preprocessing,5.8224
fog_preprocessing,5.8009
fog_preprocessing,5.8106
fog_preprocessing,5.7938
fog_preprocessing,5.8062
fog_preprocessing,5.7939
integrity_out,0.0095
fog_preprocessing,5.8059
compress_out,0.0199
decrypt_in,0.0205
integrity_out,0.0085
fog_preprocessing,5.8190
integrity_out,0.0092
integrity_out,0.0088
fog_preprocessing,5.8068
encode_out,0.0274
encrypt_out,0.0087
decode_in,0.0093
integrity_out,0.0086
compress_out,0.0145
decrypt_in,0.0151
encrypt_out,0.0351
decode_in,0.0361
integrity_out,0.0083
integrity_out,0.0081
decrypt_in,0.0147
integrity_out,0.0080
encode_out,0.0259
decompress_in,0.0330
encrypt_out,0.0077
decode_in,0.0082
integrity_out,0.0087
encrypt_out,0.0293
decode_in,0.0301
compress_out,0.0140
decrypt_in,0.0146
verify_in,0.0075
integrity_out,0.0080
decrypt_in,0.0092
integrity_out,0.0080
encode_out,0.0358
encrypt_out,0.0079
decode_in,0.0084
integrity_out,0.0081
compress_out,0.0137
decrypt_in,0.0143
integrity_out,0.0083
compress_out,0.0137
decrypt_in,0.0143
compress_out,0.0122
decrypt_in,0.0128
integrity_out,0.0079
compress_out,0.0132
decrypt_in,0.0139
integrity_out,0.0120
compress_out,0.0152
decrypt_in,0.0158
compress_out,0.0278
decrypt_in,0.0286
integrity_out,0.0080
compress_out,0.0131
decrypt_in,0.0137
integrity_out,0.0082
compress_out,0.0140
decrypt_in,0.0146
compress_out,0.0131
decrypt_in,0.0137
integrity_out,0.0081
compress_out,0.0136
decrypt_in,0.0141
integrity_out,0.0083
compress_out,0.0135
decrypt_in,0.0140
compress_out,0.0132
decrypt_in,0.0137
integrity_out,0.0302
compress_out,0.0141
decrypt_in,0.0147
compress_out,0.0130
decrypt_in,0.0136
integrity_out,0.0085
compress_out,0.0131
decrypt_in,0.0137
integrity_out,0.0079
compress_out,0.0141
decrypt_in,0.0147
compress_out,0.0315
decrypt_in,0.0323
integrity_out,0.0085
compress_out,0.0133
decrypt_in,0.0139
integrity_out,0.0084
compress_out,0.0134
decrypt_in,0.0140
compress_out,0.0131
decrypt_in,0.0137
integrity_out,0.0083
compress_out,0.0126
decrypt_in,0.0131
integrity_out,0.0081
compress_out,0.0130
decrypt_in,0.0135
compress_out,0.0125
decrypt_in,0.0130
integrity_out,0.0081
compress_out,0.0293
decrypt_in,0.0299
integrity_out,0.0085
compress_out,0.0129
decrypt_in,0.0135
integrity_out,0.0083
integrity_out,0.0081
encode_out,0.0222
integrity_out,0.0084
compress_out,0.0141
decrypt_in,0.0146
encrypt_out,0.0082
decode_in,0.0088
encrypt_out,0.0079
decode_in,0.0084
integrity_out,0.0083
compress_out,0.0128
decrypt_in,0.0133
encrypt_out,0.0081
decode_in,0.0085
integrity_out,0.0083
compress_out,0.0133
decrypt_in,0.0138
integrity_out,0.0082
integrity_out,0.0081
integrity_out,0.0083
integrity_out,0.0086
integrity_out,0.0084
integrity_out,0.0080
integrity_out,0.0078
integrity_out,0.0084
integrity_out,0.0080
integrity_out,0.0085
integrity_out,0.0083
integrity_out,0.0080
integrity_out,0.0082
integrity_out,0.0083
integrity_out,0.0085
integrity_out,0.0080
integrity_out,0.0081
integrity_out,0.0082
integrity_out,0.0082
integrity_out,0.0078
integrity_out,0.0082
compress_out,0.0136
decrypt_in,0.0142
integrity_out,0.0082
encrypt_out,0.0078
decode_in,0.0082
compress_out,0.0134
decrypt_in,0.0139
integrity_out,0.0080
compress_out,0.0131
decrypt_in,0.0136
compress_out,0.0131
decrypt_in,0.0136
integrity_out,0.0084
encode_out,0.0218
compress_out,0.0265
decrypt_in,0.0272
encrypt_out,0.0081
decode_in,0.0087
compress_out,0.0133
decrypt_in,0.0139
compress_out,0.0127
decrypt_in,0.0133
compress_out,0.0130
decrypt_in,0.0135
encode_out,0.0395
compress_out,0.0129
decrypt_in,0.0135
encrypt_out,0.0124
decode_in,0.0130
compress_out,0.0144
decrypt_in,0.0150
compress_out,0.0135
decrypt_in,0.0141
encode_out,0.0384
compress_out,0.0127
decrypt_in,0.0133
encrypt_out,0.0080
decode_in,0.0087
compress_out,0.0134
decrypt_in,0.0140
encrypt_out,0.0078
decode_in,0.0083
encrypt_out,0.0077
decode_in,0.0082
compress_out,0.0133
decrypt_in,0.0139
encrypt_out,0.0077
decode_in,0.0082
compress_out,0.0254
decrypt_in,0.0260
encrypt_out,0.0078
decode_in,0.0083
encrypt_out,0.0089
decode_in,0.0093
compress_out,0.0317
decrypt_in,0.0324
encrypt_out,0.0135
decode_in,0.0141
compress_out,0.0129
decrypt_in,0.0134
encrypt_out,0.0076
decode_in,0.0083
encrypt_out,0.0080
decode_in,0.0084
compress_out,0.0129
decrypt_in,0.0136
encrypt_out,0.0077
decode_in,0.0082
compress_out,0.0135
decrypt_in,0.0141
encrypt_out,0.0161
decode_in,0.0166
encrypt_out,0.0082
decode_in,0.0087
compress_out,0.0136
decrypt_in,0.0141
encrypt_out,0.0081
decode_in,0.0085
encrypt_out,0.0077
decode_in,0.0082
compress_out,0.0297
decrypt_in,0.0303
encrypt_out,0.0078
decode_in,0.0084
compress_out,0.0132
decrypt_in,0.0138
encrypt_out,0.0078
decode_in,0.0083
encrypt_out,0.0085
decode_in,0.0089
compress_out,0.0133
decrypt_in,0.0139
encrypt_out,0.0075
decode_in,0.0080
compress_out,0.0133
decrypt_in,0.0138
encrypt_out,0.0082
decode_in,0.0088
encrypt_out,0.0077
decode_in,0.0082
compress_out,0.0135
decrypt_in,0.0141
encrypt_out,0.0315
decode_in,0.0323
compress_out,0.0140
decrypt_in,0.0146
encrypt_out,0.0080
decode_in,0.0086
encrypt_out,0.0082
decode_in,0.0087
compress_out,0.0131
decrypt_in,0.0136
encrypt_out,0.0078
decode_in,0.0083
compress_out,0.0138
decrypt_in,0.0143
encrypt_out,0.0223
decode_in,0.0229
compress_out,0.0134
decrypt_in,0.0140
compress_out,0.0128
decrypt_in,0.0134
compress_out,0.0159
decrypt_in,0.0174
encrypt_out,0.0096
decode_in,0.0101
encode_out,0.0198
encode_out,0.0344
compress_out,0.0135
decrypt_in,0.0142
encrypt_out,0.0085
decode_in,0.0091
encode_out,0.0210
compress_out,0.0137
decrypt_in,0.0144
encrypt_out,0.0083
decode_in,0.0089
compress_out,0.0139
decrypt_in,0.0145
compress_out,0.0134
decrypt_in,0.0140
compress_out,0.0139
decrypt_in,0.0145
compress_out,0.0131
decrypt_in,0.0138
compress_out,0.0132
decrypt_in,0.0138
compress_out,0.0138
decrypt_in,0.0144
compress_out,0.0186
decrypt_in,0.0193
compress_out,0.0141
decrypt_in,0.0148
compress_out,0.0202
decrypt_in,0.0209
compress_out,0.0136
decrypt_in,0.0142
compress_out,0.0144
decrypt_in,0.0151
compress_out,0.0140
decrypt_in,0.0146
compress_out,0.0141
decrypt_in,0.0147
compress_out,0.0137
decrypt_in,0.0143
compress_out,0.0252
decrypt_in,0.0258
compress_out,0.0140
decrypt_in,0.0146
compress_out,0.0253
decrypt_in,0.0259
compress_out,0.0145
decrypt_in,0.0151
compress_out,0.0151
decrypt_in,0.0160
compress_out,0.0133
decrypt_in,0.0141
compress_out,0.0133
decrypt_in,0.0139
encrypt_out,0.0087
decode_in,0.0092
compress_out,0.0147
decrypt_in,0.0152
encode_out,0.0307
encrypt_out,0.0092
decode_in,0.0097
compress_out,0.0148
decrypt_in,0.0154
encrypt_out,0.0083
decode_in,0.0088
encrypt_out,0.0083
decode_in,0.0087
cloud_inference,2.8322
compress_out,0.0212
decrypt_in,0.0218
encrypt_out,0.0079
decompress_in,0.0222
encode_out,0.0223
encrypt_out,0.0281
decode_in,0.0288
encrypt_out,0.0085
decode_in,0.0091
encrypt_out,0.0084
decode_in,0.0090
encrypt_out,0.0085
decode_in,0.0089
encrypt_out,0.0333
decode_in,0.0340
encrypt_out,0.0084
decode_in,0.0088
encode_out,0.0218
encrypt_out,0.0282
decode_in,0.0290
encrypt_out,0.0084
decode_in,0.0091
encrypt_out,0.0087
decode_in,0.0092
encrypt_out,0.0260
decode_in,0.0268
encrypt_out,0.0088
decode_in,0.0092
encode_out,0.0212
encrypt_out,0.0245
decode_in,0.0252
encrypt_out,0.0083
decode_in,0.0089
encrypt_out,0.0249
decode_in,0.0257
encode_out,0.0209
encode_out,0.0199
encrypt_out,0.0254
decode_in,0.0262
encrypt_out,0.0082
decode_in,0.0088
encrypt_out,0.0249
decode_in,0.0257
encode_out,0.0347
encrypt_out,0.0245
decode_in,0.0253
encrypt_out,0.0085
decode_in,0.0092
verify_in,0.0086
encode_out,0.0221
encrypt_out,0.0270
decode_in,0.0278
decrypt_in,0.0096
encode_out,0.0301
decrypt_in,0.0082
encrypt_out,0.0083
decode_in,0.0090
encrypt_out,0.0268
decode_in,0.0276
decrypt_in,0.0094
encode_out,0.0362
decrypt_in,0.0094
encrypt_out,0.0086
decode_in,0.0092
encode_out,0.0215
encrypt_out,0.0268
decode_in,0.0275
decrypt_in,0.0092
encode_out,0.0212
decrypt_in,0.0090
encrypt_out,0.0085
decode_in,0.0090
encrypt_out,0.0260
decode_in,0.0266
encode_out,0.0215
encrypt_out,0.0244
decode_in,0.0251
encrypt_out,0.0292
decode_in,0.0299
decrypt_in,0.0091
decrypt_in,0.0088
encode_out,0.0226
encrypt_out,0.0271
decode_in,0.0278
encode_out,0.0214
decrypt_in,0.0091
encrypt_out,0.0086
decode_in,0.0091
encode_out,0.0239
encode_out,0.0330
encrypt_out,0.0086
decode_in,0.0093
encode_out,0.0213
encrypt_out,0.0301
decode_in,0.0310
encode_out,0.0218
encode_out,0.0225
encrypt_out,0.0086
decode_in,0.0092
encode_out,0.0221
encrypt_out,0.0088
decode_in,0.0094
encode_out,0.0252
encode_out,0.0213
encrypt_out,0.0085
decode_in,0.0091
encode_out,0.0508
encrypt_out,0.0086
decode_in,0.0092
encode_out,0.0340
encode_out,0.0221
encrypt_out,0.0089
decode_in,0.0095
encode_out,0.0218
encrypt_out,0.0084
decode_in,0.0090
encode_out,0.0230
encrypt_out,0.0086
decode_in,0.0093
encrypt_out,0.0085
decode_in,0.0091
encrypt_out,0.0083
decode_in,0.0088
encode_out,0.0414
encrypt_out,0.0080
decode_in,0.0090
encode_out,0.0221
encrypt_out,0.0085
decode_in,0.0091
encode_out,0.0225
encrypt_out,0.0085
decode_in,0.0090
encrypt_out,0.0089
decode_in,0.0093
encrypt_out,0.0087
decode_in,0.0091
encrypt_out,0.0088
decode_in,0.0092
encrypt_out,0.0081
decode_in,0.0086
encrypt_out,0.0084
decode_in,0.0088
encrypt_out,0.0084
decode_in,0.0088
encrypt_out,0.0079
decode_in,0.0091
encrypt_out,0.0331
decode_in,0.0338
encrypt_out,0.0080
decode_in,0.0086
encrypt_out,0.0230
decode_in,0.0237
encrypt_out,0.0080
decode_in,0.0086
encrypt_out,0.0084
decode_in,0.0089
encrypt_out,0.0076
decode_in,0.0080
encrypt_out,0.0084
decode_in,0.0089
encrypt_out,0.0077
decode_in,0.0082
encrypt_out,0.0082
decode_in,0.0087
encrypt_out,0.0084
decode_in,0.0088
encrypt_out,0.0083
decode_in,0.0087
encrypt_out,0.0078
decode_in,0.0082
encrypt_out,0.0083
decode_in,0.0088
encode_out,0.0420
encrypt_out,0.0075
decode_in,0.0080
encode_out,0.0219
encrypt_out,0.0326
decode_in,0.0333
encode_out,0.0442
encode_out,0.0213
encrypt_out,0.0086
decode_in,0.0091
encode_out,0.0487
encode_out,0.0217
encode_out,0.0644
encode_out,0.0397
encode_out,0.0309
encode_out,0.0215
encode_out,0.0216
encode_out,0.0393
encode_out,0.0220
encode_out,0.0215
encode_out,0.0411
encode_out,0.0224
encode_out,0.0209
encode_out,0.0216
encode_out,0.0248
encode_out,0.0247
encode_out,0.0255
encode_out,0.0224
encode_out,0.0238
encode_out,0.0228
encode_out,0.0215
encode_out,0.0209
encode_out,0.0211
encode_out,0.0200
encode_out,0.0210
encode_out,0.0370
encode_out,0.0442
encode_out,0.0228
encode_out,0.0212
encode_out,0.0381
encode_out,0.0225
encode_out,0.0213
encode_out,0.0540
encode_out,0.0202
encode_out,0.0310
encode_out,0.0210
encode_out,0.0201
encode_out,0.0571
encode_out,0.0224
encode_out,0.0217
encode_out,0.0319
encode_out,0.0206
encode_out,0.0483
encode_out,0.0207
encode_out,0.0202
encode_out,0.0213
encode_out,0.0203
encode_out,0.0363
cloud_inference,2.6414
encrypt_out,0.0311
encode_out,0.0495
decode_in,0.0319
decrypt_in,0.0103
encode_out,0.0209
decompress_in,0.0172
encode_out,0.0210
encrypt_out,0.0256
decode_in,0.0264
decompress_in,0.0166
encode_out,0.0368
decrypt_in,0.0089
encode_out,0.0215
decompress_in,0.0174
encrypt_out,0.0300
decode_in,0.0307
decompress_in,0.0173
encrypt_out,0.0290
decode_in,0.0304
decrypt_in,0.0088
decompress_in,0.0172
encrypt_out,0.0279
decode_in,0.0286
decompress_in,0.0166
decrypt_in,0.0090
encrypt_out,0.0295
decode_in,0.0306
decrypt_in,0.0091
decompress_in,0.0170
decompress_in,0.0183
encrypt_out,0.0283
decode_in,0.0291
decrypt_in,0.0092
encrypt_out,0.0284
decode_in,0.0290
decompress_in,0.0176
encrypt_out,0.0286
decode_in,0.0294
encrypt_out,0.0261
decode_in,0.0269
encrypt_out,0.0253
decode_in,0.0261
encrypt_out,0.0265
decode_in,0.0272
encrypt_out,0.0269
decode_in,0.0277
encrypt_out,0.0257
decode_in,0.0266
encrypt_out,0.0256
decode_in,0.0264
encrypt_out,0.0260
decode_in,0.0268
encrypt_out,0.0263
decode_in,0.0271
encrypt_out,0.0273
decode_in,0.0281
encrypt_out,0.0253
decode_in,0.0262
encrypt_out,0.0252
decode_in,0.0261
encrypt_out,0.0263
decode_in,0.0271
encrypt_out,0.0264
decode_in,0.0273
encrypt_out,0.0261
decode_in,0.0270
encrypt_out,0.0263
decode_in,0.0271
encrypt_out,0.0260
decode_in,0.0268
encrypt_out,0.0266
decode_in,0.0274
encrypt_out,0.0252
decode_in,0.0259
encrypt_out,0.0261
decode_in,0.0269
encrypt_out,0.0247
decode_in,0.0255
encrypt_out,0.0451
decode_in,0.0464
encrypt_out,0.0314
decode_in,0.0329
encrypt_out,0.0276
decode_in,0.0285
encrypt_out,0.0257
decode_in,0.0264
encrypt_out,0.0260
decode_in,0.0267
encrypt_out,0.0248
decode_in,0.0254
encrypt_out,0.0255
decode_in,0.0262
encrypt_out,0.0240
decode_in,0.0247
encrypt_out,0.0238
decode_in,0.0246
encrypt_out,0.0255
decode_in,0.0263
encrypt_out,0.0254
decode_in,0.0262
encrypt_out,0.0255
decode_in,0.0264
encrypt_out,0.0254
decode_in,0.0262
encrypt_out,0.0423
decode_in,0.0432
encrypt_out,0.0423
decode_in,0.0434
encrypt_out,0.0282
decode_in,0.0290
encrypt_out,0.0253
decode_in,0.0260
encrypt_out,0.0256
decode_in,0.0265
encrypt_out,0.0250
decode_in,0.0260
encrypt_out,0.0254
decode_in,0.0260
encrypt_out,0.0244
decode_in,0.0251
encrypt_out,0.0252
decode_in,0.0259
encrypt_out,0.0245
decode_in,0.0253
encrypt_out,0.0259
decode_in,0.0265
encrypt_out,0.0256
decode_in,0.0263
encrypt_out,0.0259
decode_in,0.0266
encrypt_out,0.0255
decode_in,0.0262
encrypt_out,0.0263
decode_in,0.0269
encrypt_out,0.0276
decode_in,0.0283
encrypt_out,0.0263
decode_in,0.0273
encrypt_out,0.0252
decode_in,0.0271
encrypt_out,0.0255
decode_in,0.0264
encrypt_out,0.0475
decode_in,0.0484
encrypt_out,0.0307
decode_in,0.0319
encrypt_out,0.0294
decode_in,0.0303
encrypt_out,0.0272
decode_in,0.0285
encrypt_out,0.0279
decode_in,0.0288
encrypt_out,0.0262
decode_in,0.0271
encrypt_out,0.0254
decode_in,0.0262
encrypt_out,0.0254
decode_in,0.0262
encrypt_out,0.0254
decode_in,0.0263
encrypt_out,0.0382
decode_in,0.0394
encrypt_out,0.0268
decode_in,0.0275
encrypt_out,0.0254
decode_in,0.0263
encrypt_out,0.0270
decode_in,0.0277
encrypt_out,0.0264
decode_in,0.0272
encrypt_out,0.0256
decode_in,0.0265
encrypt_out,0.0264
decode_in,0.0273
decrypt_in,0.0096
decompress_in,0.0254
encrypt_out,0.0292
decode_in,0.0300
verify_in,0.0076
encrypt_out,0.0488
decode_in,0.0495
decrypt_in,0.0091
verify_in,0.0074
encrypt_out,0.0315
decode_in,0.0324
decompress_in,0.0168
encrypt_out,0.0293
decode_in,0.0301
verify_in,0.0076
decrypt_in,0.0082
verify_in,0.0074
decrypt_in,0.0082
decompress_in,0.0178
verify_in,0.0077
decrypt_in,0.0101
verify_in,0.0074
decompress_in,0.0172
decrypt_in,0.0095
decompress_in,0.0374
verify_in,0.0073
verify_in,0.0072
decrypt_in,0.0088
decompress_in,0.0175
decrypt_in,0.0085
verify_in,0.0075
decrypt_in,0.0082
decrypt_in,0.0083
decrypt_in,0.0082
decrypt_in,0.0086
decrypt_in,0.0092
decrypt_in,0.0099
decrypt_in,0.0091
decrypt_in,0.0089
decrypt_in,0.0083
decrypt_in,0.0091
decrypt_in,0.0087
decrypt_in,0.0084
decrypt_in,0.0085
decrypt_in,0.0087
decrypt_in,0.0091
decrypt_in,0.0086
decrypt_in,0.0085
decrypt_in,0.0095
decrypt_in,0.0087
decrypt_in,0.0281
decrypt_in,0.0084
decrypt_in,0.0085
decrypt_in,0.0080
decrypt_in,0.0278
decrypt_in,0.0084
decrypt_in,0.0089
decrypt_in,0.0082
decrypt_in,0.0083
decrypt_in,0.0079
decrypt_in,0.0084
decrypt_in,0.0084
decrypt_in,0.0084
decrypt_in,0.0082
decrypt_in,0.0089
decrypt_in,0.0088
decrypt_in,0.0091
decrypt_in,0.0080
decrypt_in,0.0265
decrypt_in,0.0085
decrypt_in,0.0088
decrypt_in,0.0081
decrypt_in,0.0085
decrypt_in,0.0082
decrypt_in,0.0083
decrypt_in,0.0079
decrypt_in,0.0082
decrypt_in,0.0110
decrypt_in,0.0099
decrypt_in,0.0116
decrypt_in,0.0097
decrypt_in,0.0084
decrypt_in,0.0087
decrypt_in,0.0080
decrypt_in,0.0219
decrypt_in,0.0082
decrypt_in,0.0087
decrypt_in,0.0082
decrypt_in,0.0088
decrypt_in,0.0084
decrypt_in,0.0086
decrypt_in,0.0085
decrypt_in,0.0102
decrypt_in,0.0099
decrypt_in,0.0092
decrypt_in,0.0088
decrypt_in,0.0087
decrypt_in,0.0084
decrypt_in,0.0087
decrypt_in,0.0078
decompress_in,0.0185
verify_in,0.0077
decrypt_in,0.0086
cloud_inference,2.5794
decrypt_in,0.0135
decompress_in,0.0188
cloud_inference,2.6221
decrypt_in,0.0115
verify_in,0.0076
decrypt_in,0.0085
cloud_inference,2.6798
decompress_in,0.0230
cloud_inference,2.6752
decompress_in,0.0209
verify_in,0.0073
cloud_inference,2.6228
decompress_in,0.0201
cloud_inference,2.6039
verify_in,0.0085
decompress_in,0.0212
verify_in,0.0072
cloud_inference,2.6331
cloud_inference,2.6932
decompress_in,0.0213
verify_in,0.0074
decompress_in,0.0167
cloud_inference,2.6126
decompress_in,0.0208
decompress_in,0.0172
decompress_in,0.0186
decompress_in,0.0178
decompress_in,0.0170
decompress_in,0.0177
decompress_in,0.0172
decompress_in,0.0175
decompress_in,0.0189
decompress_in,0.0171
decompress_in,0.0175
decompress_in,0.0175
decompress_in,0.0171
decompress_in,0.0179
decompress_in,0.0172
decompress_in,0.0179
decompress_in,0.0171
decompress_in,0.0175
decompress_in,0.0171
decompress_in,0.0178
decompress_in,0.0172
decompress_in,0.0170
decompress_in,0.0169
decompress_in,0.0175
decompress_in,0.0353
decompress_in,0.0360
decompress_in,0.0170
decompress_in,0.0173
decompress_in,0.0183
decompress_in,0.0179
decompress_in,0.0178
decompress_in,0.0336
decompress_in,0.0167
decompress_in,0.0176
decompress_in,0.0180
decompress_in,0.0174
decompress_in,0.0176
decompress_in,0.0172
decompress_in,0.0175
decompress_in,0.0179
decompress_in,0.0176
decompress_in,0.0169
decompress_in,0.0176
decompress_in,0.0175
decompress_in,0.0177
decompress_in,0.0171
decompress_in,0.0180
decompress_in,0.0174
decompress_in,0.0173
decompress_in,0.0176
decompress_in,0.0172
decompress_in,0.0171
decompress_in,0.0176
decompress_in,0.0173
decompress_in,0.0181
decompress_in,0.0175
decompress_in,0.0343
decompress_in,0.0169
decompress_in,0.0179
decompress_in,0.0180
decompress_in,0.0179
decompress_in,0.0173
decompress_in,0.0292
decompress_in,0.0181
decompress_in,0.0171
decompress_in,0.0172
decompress_in,0.0177
decompress_in,0.0186
decompress_in,0.0181
verify_in,0.0085
cloud_inference,4.1925
decompress_in,0.0222
decompress_in,0.0182
verify_in,0.0074
decompress_in,0.0177
cloud_inference,2.6627
decompress_in,0.0375
verify_in,0.0073
verify_in,0.0073
cloud_inference,2.6472
verify_in,0.0084
cloud_inference,2.7455
verify_in,0.0092
cloud_inference,2.6932
verify_in,0.0087
cloud_inference,2.6812
verify_in,0.0081
verify_in,0.0076
verify_in,0.0075
verify_in,0.0077
verify_in,0.0074
verify_in,0.0075
verify_in,0.0074
verify_in,0.0075
verify_in,0.0074
verify_in,0.0075
verify_in,0.0074
verify_in,0.0075
verify_in,0.0074
verify_in,0.0074
verify_in,0.0074
verify_in,0.0072
verify_in,0.0074
verify_in,0.0075
verify_in,0.0075
verify_in,0.0075
verify_in,0.0073
verify_in,0.0074
verify_in,0.0073
verify_in,0.0072
verify_in,0.0075
verify_in,0.0072
verify_in,0.0074
verify_in,0.0075
verify_in,0.0075
verify_in,0.0073
verify_in,0.0072
verify_in,0.0073
verify_in,0.0075
verify_in,0.0075
verify_in,0.0073
verify_in,0.0073
verify_in,0.0073
verify_in,0.0072
verify_in,0.0074
verify_in,0.0073
verify_in,0.0073
verify_in,0.0074
verify_in,0.0073
verify_in,0.0072
verify_in,0.0073
verify_in,0.0075
verify_in,0.0075
verify_in,0.0073
verify_in,0.0074
verify_in,0.0073
verify_in,0.0073
verify_in,0.0073
verify_in,0.0073
verify_in,0.0073
verify_in,0.0073
verify_in,0.0072
verify_in,0.0072
verify_in,0.0073
verify_in,0.0074
verify_in,0.0072
verify_in,0.0073
verify_in,0.0073
verify_in,0.0073
verify_in,0.0074
verify_in,0.0072
verify_in,0.0072
verify_in,0.0073
verify_in,0.0073
verify_in,0.0073
verify_in,0.0072
cloud_inference,4.2295
verify_in,0.0088
verify_in,0.0082
cloud_inference,2.5913
verify_in,0.0089
verify_in,0.0079
cloud_inference,2.6159
cloud_inference,2.6174
cloud_inference,2.7985
cloud_inference,4.1622
cloud_inference,4.2425
cloud_inference,4.3181
cloud_inference,4.2565
cloud_inference,3.6484
cloud_inference,2.6008
cloud_inference,2.6652
cloud_inference,2.6246
cloud_inference,4.2887
cloud_inference,4.3339
cloud_inference,4.2680
cloud_inference,2.6513
cloud_inference,2.6268
cloud_inference,4.3436
cloud_inference,4.3506
cloud_inference,4.4081
cloud_inference,4.2566
cloud_inference,4.4526
cloud_inference,4.3709
cloud_inference,4.2748
cloud_inference,4.2528
cloud_inference,3.4925
cloud_inference,2.6391
cloud_inference,2.6456
cloud_inference,2.5840
cloud_inference,4.2443
cloud_inference,4.2242
cloud_inference,4.2794
cloud_inference,4.3144
cloud_inference,4.3439
cloud_inference,3.8423
cloud_inference,2.6093
cloud_inference,4.3045
cloud_inference,4.3002
cloud_inference,4.3254
cloud_inference,4.3495
cloud_inference,4.4408
cloud_inference,4.2821
cloud_inference,4.2553
cloud_inference,4.3175
cloud_inference,4.3270
cloud_inference,4.3101
cloud_inference,4.7690
cloud_inference,4.2208
cloud_inference,4.2216
cloud_inference,4.2531
cloud_inference,4.3477
cloud_inference,4.2932
cloud_inference,4.3485
cloud_inference,4.3402
cloud_inference,4.3020
cloud_inference,4.2780
cloud_inference,4.2643
cloud_inference,4.2657
cloud_inference,4.2884
cloud_inference,4.2845
cloud_inference,4.2911
cloud_inference,4.3763
cloud_inference,4.4623
cloud_inference,4.3106
cloud_inference,4.3757
cloud_inference,4.2999
cloud_inference,4.3217
cloud_inference,4.2501
cloud_inference,3.8445
cloud_inference,2.6505
cloud_inference,2.6420
cloud_inference,4.2914
cloud_inference,4.3211
cloud_inference,4.4986
cloud_inference,4.3283
cloud_inference,4.3102
cloud_inference,4.3887
cloud_inference,4.9437
cloud_inference,4.2581
cloud_inference,4.2630
