task,duration_seconds
edge_acquisition,0.5744
edge_acquisition,0.5675
edge_acquisition,0.5760
edge_acquisition,0.5833
edge_acquisition,0.5371
edge_acquisition,0.5388
edge_acquisition,0.5703
edge_acquisition,0.5702
edge_acquisition,0.5442
edge_acquisition,0.5612
edge_acquisition,0.5710
edge_acquisition,0.5942
edge_acquisition,0.5699
edge_acquisition,0.5946
edge_acquisition,0.6061
edge_acquisition,0.6433
edge_acquisition,0.5881
edge_acquisition,0.5906
edge_acquisition,0.6334
edge_acquisition,0.5932
edge_acquisition,0.5634
edge_acquisition,0.5904
edge_acquisition,0.5591
edge_acquisition,0.5939
edge_acquisition,0.6044
edge_acquisition,0.5487
edge_acquisition,0.5752
edge_acquisition,0.5841
edge_acquisition,0.5623
edge_acquisition,0.5830
edge_acquisition,0.5821
edge_acquisition,0.5978
edge_acquisition,0.5725
edge_acquisition,0.5840
edge_acquisition,0.6452
edge_acquisition,0.5839
edge_acquisition,0.5688
edge_acquisition,0.5964
edge_acquisition,0.5960
edge_acquisition,0.5967
edge_acquisition,0.6083
edge_acquisition,0.5703
edge_acquisition,0.5746
edge_acquisition,0.5623
edge_acquisition,0.5719
edge_acquisition,0.5842
edge_acquisition,0.5875
edge_acquisition,0.5906
edge_acquisition,0.6229
edge_acquisition,0.6486
edge_acquisition,0.6413
edge_acquisition,0.6424
edge_acquisition,0.5590
edge_acquisition,0.5884
edge_acquisition,0.5773
edge_acquisition,0.6162
edge_acquisition,0.6175
edge_acquisition,0.5782
edge_acquisition,0.6175
edge_acquisition,0.5842
edge_acquisition,0.5711
edge_acquisition,0.5821
edge_acquisition,0.5812
edge_acquisition,0.6027
edge_acquisition,0.6056
edge_acquisition,0.6137
edge_acquisition,0.6011
edge_acquisition,0.6047
edge_acquisition,0.6046
edge_acquisition,0.6081
edge_acquisition,0.5735
edge_acquisition,0.5898
edge_acquisition,0.5683
edge_acquisition,0.5362
edge_acquisition,0.5420
edge_acquisition,0.5579
edge_acquisition,0.5539
edge_acquisition,0.5586
edge_acquisition,0.5704
edge_acquisition,0.5911
edge_acquisition,0.5441
edge_acquisition,0.6034
edge_acquisition,0.5804
edge_acquisition,0.6015
edge_acquisition,0.5847
edge_acquisition,0.5367
edge_acquisition,0.5433
edge_acquisition,0.5462
edge_acquisition,0.5272
edge_acquisition,0.5409
edge_acquisition,0.5315
edge_acquisition,0.5476
edge_acquisition,0.5471
edge_acquisition,0.5664
edge_acquisition,0.5558
edge_acquisition,0.5972
integrity_out,0.3158
edge_acquisition,0.5604
integrity_out,0.3450
edge_acquisition,0.5594
integrity_out,0.3434
integrity_out,0.3458
integrity_out,0.3139
integrity_out,0.3160
edge_acquisition,0.5930
edge_acquisition,0.5754
integrity_out,0.3044
integrity_out,0.3262
integrity_out,0.2868
integrity_out,0.2751
integrity_out,0.2868
integrity_out,0.2871
integrity_out,0.2965
integrity_out,0.3094
integrity_out,0.3139
integrity_out,0.3109
integrity_out,0.3089
integrity_out,0.3178
integrity_out,0.3116
integrity_out,0.3081
integrity_out,0.3056
integrity_out,0.3141
integrity_out,0.3060
integrity_out,0.3150
integrity_out,0.3062
integrity_out,0.3038
integrity_out,0.3074
integrity_out,0.3189
integrity_out,0.2971
integrity_out,0.2940
integrity_out,0.2825
integrity_out,0.3085
integrity_out,0.3110
integrity_out,0.3245
integrity_out,0.3164
integrity_out,0.3394
integrity_out,0.2847
integrity_out,0.2993
integrity_out,0.2790
integrity_out,0.2757
integrity_out,0.3072
integrity_out,0.2951
integrity_out,0.2958
integrity_out,0.3059
integrity_out,0.2961
integrity_out,0.2938
integrity_out,0.3082
integrity_out,0.2957
integrity_out,0.2992
integrity_out,0.3012
integrity_out,0.3132
integrity_out,0.3035
integrity_out,0.3048
integrity_out,0.2989
integrity_out,0.3172
integrity_out,0.3024
integrity_out,0.3045
integrity_out,0.3006
integrity_out,0.3224
integrity_out,0.3085
integrity_out,0.3106
integrity_out,0.2962
integrity_out,0.3363
integrity_out,0.3157
integrity_out,0.3163
integrity_out,0.3194
integrity_out,0.3072
integrity_out,0.2875
integrity_out,0.2894
integrity_out,0.2922
integrity_out,0.3242
integrity_out,0.2977
integrity_out,0.3001
integrity_out,0.3070
integrity_out,0.3061
integrity_out,0.3286
integrity_out,0.3097
integrity_out,0.3097
integrity_out,0.3113
integrity_out,0.3107
integrity_out,0.3345
integrity_out,0.3097
integrity_out,0.3082
integrity_out,0.3060
integrity_out,0.3235
integrity_out,0.3091
integrity_out,0.3072
integrity_out,0.3108
integrity_out,0.3331
integrity_out,0.2978
integrity_out,0.3102
integrity_out,0.3289
integrity_out,0.3151
integrity_out,0.3112
integrity_out,0.3170
integrity_out,0.3193
integrity_out,0.3236
compress_out,0.5453
decrypt_in,0.5467
integrity_out,0.3315
compress_out,0.4859
decrypt_in,0.4872
compress_out,0.4684
decrypt_in,0.4691
compress_out,0.4645
decrypt_in,0.4659
integrity_out,0.3141
compress_out,0.5091
decrypt_in,0.5099
compress_out,0.4377
decrypt_in,0.4388
integrity_out,0.3198
compress_out,0.4570
decrypt_in,0.4583
compress_out,0.4569
decrypt_in,0.4576
compress_out,0.4423
decrypt_in,0.4432
compress_out,0.4694
decrypt_in,0.4710
compress_out,0.4693
decrypt_in,0.4708
compress_out,0.4574
decrypt_in,0.4581
compress_out,0.4492
decrypt_in,0.4504
compress_out,0.4453
decrypt_in,0.4469
compress_out,0.4630
decrypt_in,0.4646
compress_out,0.4568
decrypt_in,0.4577
compress_out,0.4469
decrypt_in,0.4478
compress_out,0.4331
decrypt_in,0.4342
compress_out,0.4491
decrypt_in,0.4499
compress_out,0.4466
decrypt_in,0.4475
compress_out,0.4385
decrypt_in,0.4394
compress_out,0.4297
decrypt_in,0.4306
compress_out,0.4610
decrypt_in,0.4624
compress_out,0.4673
decrypt_in,0.4686
compress_out,0.4427
decrypt_in,0.4433
compress_out,0.4266
decrypt_in,0.4282
compress_out,0.4489
decrypt_in,0.4501
compress_out,0.4503
decrypt_in,0.4511
compress_out,0.4404
decrypt_in,0.4411
compress_out,0.4292
decrypt_in,0.4310
compress_out,0.4466
decrypt_in,0.4475
compress_out,0.4480
compress_out,0.4448
decrypt_in,0.4494
decrypt_in,0.4463
compress_out,0.4273
decrypt_in,0.4284
compress_out,0.4662
decrypt_in,0.4676
compress_out,0.4804
decrypt_in,0.4811
compress_out,0.4938
decrypt_in,0.4947
compress_out,0.4854
decrypt_in,0.4863
compress_out,0.4613
decrypt_in,0.4624
compress_out,0.5229
decrypt_in,0.5240
compress_out,0.4584
decrypt_in,0.4591
compress_out,0.5490
decrypt_in,0.5498
compress_out,0.4315
decrypt_in,0.4329
compress_out,0.4398
decrypt_in,0.4416
compress_out,0.4400
decrypt_in,0.4411
compress_out,0.4340
decrypt_in,0.4348
compress_out,0.5016
decrypt_in,0.5024
compress_out,0.4565
decrypt_in,0.4574
compress_out,0.4597
decrypt_in,0.4605
compress_out,0.5092
decrypt_in,0.5100
compress_out,0.4579
decrypt_in,0.4593
compress_out,0.4532
decrypt_in,0.4539
compress_out,0.4985
decrypt_in,0.4997
compress_out,0.4828
decrypt_in,0.4835
compress_out,0.5054
decrypt_in,0.5070
compress_out,0.5001
decrypt_in,0.5009
compress_out,0.4452
decrypt_in,0.4460
compress_out,0.4453
decrypt_in,0.4460
compress_out,0.4456
compress_out,0.4461
compress_out,0.4993
decrypt_in,0.4470
decrypt_in,0.4476
decrypt_in,0.5008
compress_out,0.4806
decrypt_in,0.4816
compress_out,0.4360
decrypt_in,0.4373
compress_out,0.4362
decrypt_in,0.4369
compress_out,0.4411
decrypt_in,0.4419
compress_out,0.4425
decrypt_in,0.4433
compress_out,0.4387
decrypt_in,0.4402
compress_out,0.4462
decrypt_in,0.4469
compress_out,0.4465
compress_out,0.4479
decrypt_in,0.4472
decrypt_in,0.4484
compress_out,0.4381
decrypt_in,0.4395
compress_out,0.4436
decrypt_in,0.4443
compress_out,0.4401
decrypt_in,0.4407
compress_out,0.4411
decrypt_in,0.4418
compress_out,0.4287
decrypt_in,0.4296
compress_out,0.4351
decrypt_in,0.4358
compress_out,0.4388
decrypt_in,0.4395
compress_out,0.4410
decrypt_in,0.4418
compress_out,0.4486
decrypt_in,0.4501
compress_out,0.4370
decrypt_in,0.4378
compress_out,0.4334
decrypt_in,0.4342
compress_out,0.4387
decrypt_in,0.4393
compress_out,0.5331
decrypt_in,0.5343
compress_out,0.5464
decrypt_in,0.5472
compress_out,0.5533
decrypt_in,0.5540
compress_out,0.5478
decrypt_in,0.5485
compress_out,0.5268
decrypt_in,0.5280
compress_out,0.5493
decrypt_in,0.5504
compress_out,0.5526
compress_out,0.5584
decrypt_in,0.5533
decrypt_in,0.5595
compress_out,0.4249
decrypt_in,0.4258
compress_out,0.4270
decrypt_in,0.4279
compress_out,0.4369
decrypt_in,0.4377
compress_out,0.4391
decrypt_in,0.4397
encrypt_out,0.1127
decode_in,0.1135
compress_out,0.4846
decrypt_in,0.4859
compress_out,0.5019
decrypt_in,0.5033
compress_out,0.5044
decrypt_in,0.5052
encrypt_out,0.0990
decode_in,0.0996
compress_out,0.4476
decrypt_in,0.4486
encrypt_out,0.1053
decode_in,0.1061
encrypt_out,0.1131
decode_in,0.1138
encrypt_out,0.0999
decode_in,0.1011
encrypt_out,0.0967
decode_in,0.0974
encrypt_out,0.1030
decode_in,0.1039
encrypt_out,0.0967
decode_in,0.0975
encrypt_out,0.0977
decode_in,0.0989
encrypt_out,0.0937
decode_in,0.0944
encrypt_out,0.1037
decode_in,0.1054
encrypt_out,0.0976
decode_in,0.0984
compress_out,0.5138
decrypt_in,0.5148
encrypt_out,0.0939
decode_in,0.0952
encrypt_out,0.0931
decode_in,0.0937
compress_out,0.5077
decrypt_in,0.5086
encrypt_out,0.0957
decode_in,0.0964
encrypt_out,0.0978
encrypt_out,0.0942
decode_in,0.0990
decode_in,0.0954
encrypt_out,0.0989
decode_in,0.0999
encrypt_out,0.0936
decode_in,0.0942
encrypt_out,0.0942
decode_in,0.0952
encrypt_out,0.1028
decode_in,0.1034
encrypt_out,0.0945
decode_in,0.0952
encrypt_out,0.0984
decode_in,0.0991
encrypt_out,0.0926
decode_in,0.0940
encrypt_out,0.1035
decode_in,0.1042
encrypt_out,0.0937
decode_in,0.0946
encrypt_out,0.0986
decode_in,0.0994
encrypt_out,0.0935
decode_in,0.0945
encrypt_out,0.0981
decode_in,0.0988
encrypt_out,0.0922
decode_in,0.0930
encrypt_out,0.1012
decode_in,0.1021
encrypt_out,0.1000
decode_in,0.1008
encrypt_out,0.0999
decode_in,0.1006
encrypt_out,0.0957
decode_in,0.0963
encrypt_out,0.0986
decode_in,0.0994
encrypt_out,0.0946
decode_in,0.0954
encrypt_out,0.0971
decode_in,0.0980
encrypt_out,0.0948
decode_in,0.0955
encrypt_out,0.0977
decode_in,0.0984
encrypt_out,0.0936
decode_in,0.0943
encrypt_out,0.0971
decode_in,0.0983
encrypt_out,0.0942
decode_in,0.0948
encrypt_out,0.0992
decode_in,0.0999
encrypt_out,0.0926
decode_in,0.0934
encrypt_out,0.0957
decode_in,0.0968
encrypt_out,0.0938
decode_in,0.0946
encrypt_out,0.1044
decode_in,0.1054
encrypt_out,0.0998
decode_in,0.1007
encrypt_out,0.0964
decode_in,0.0974
encrypt_out,0.0925
decode_in,0.0933
encrypt_out,0.0993
decode_in,0.1002
encrypt_out,0.0981
decode_in,0.0990
encrypt_out,0.0967
decode_in,0.0974
encrypt_out,0.1002
decode_in,0.1009
encrypt_out,0.0998
decode_in,0.1009
encrypt_out,0.0957
decode_in,0.0965
encrypt_out,0.0950
decode_in,0.0962
encrypt_out,0.0966
decode_in,0.0974
encrypt_out,0.0995
decode_in,0.1007
encrypt_out,0.0991
decode_in,0.0997
encrypt_out,0.0921
decode_in,0.0928
encrypt_out,0.0977
decode_in,0.0988
encrypt_out,0.1039
decode_in,0.1052
encrypt_out,0.1048
decode_in,0.1058
encrypt_out,0.1016
decode_in,0.1023
encrypt_out,0.0988
decode_in,0.0996
encrypt_out,0.0980
decode_in,0.0994
encrypt_out,0.0951
decode_in,0.0959
encrypt_out,0.0957
decode_in,0.0963
encrypt_out,0.0962
decode_in,0.0969
encrypt_out,0.0971
decode_in,0.0981
encrypt_out,0.0933
decode_in,0.0939
encrypt_out,0.0941
decode_in,0.0951
encrypt_out,0.0961
decode_in,0.0968
encrypt_out,0.1001
decode_in,0.1012
encrypt_out,0.0949
decode_in,0.0955
encrypt_out,0.0937
decode_in,0.0943
encrypt_out,0.0951
decode_in,0.0957
encrypt_out,0.0943
decode_in,0.0951
encrypt_out,0.1008
decode_in,0.1015
encrypt_out,0.1024
decode_in,0.1032
encrypt_out,0.0974
decode_in,0.0982
encrypt_out,0.0999
decode_in,0.1009
encrypt_out,0.1002
decode_in,0.1009
encrypt_out,0.0977
decode_in,0.0984
encrypt_out,0.0980
decode_in,0.0986
encrypt_out,0.0988
decode_in,0.1000
encrypt_out,0.1025
decode_in,0.1032
encrypt_out,0.1011
decode_in,0.1018
encrypt_out,0.0975
decode_in,0.0982
encrypt_out,0.0945
decode_in,0.0955
encrypt_out,0.1022
decode_in,0.1028
encrypt_out,0.0994
decode_in,0.1000
encrypt_out,0.0968
decode_in,0.0974
encrypt_out,0.1041
decode_in,0.1055
encrypt_out,0.1014
decode_in,0.1021
encrypt_out,0.1005
decode_in,0.1017
encrypt_out,0.0978
decode_in,0.0991
encode_out,0.2525
encode_out,0.2614
encode_out,0.2659
encrypt_out,0.1853
decode_in,0.1863
encode_out,0.2609
encode_out,0.2564
decrypt_in,0.1078
encrypt_out,0.1985
decode_in,0.1992
encode_out,0.2580
encrypt_out,0.2315
decode_in,0.2323
encode_out,0.2551
encrypt_out,0.1730
decode_in,0.1738
encrypt_out,0.1778
decode_in,0.1788
encode_out,0.2491
decrypt_in,0.1155
encode_out,0.2571
decrypt_in,0.0994
encrypt_out,0.1705
decode_in,0.1715
encrypt_out,0.1050
decode_in,0.1059
encode_out,0.2573
encode_out,0.2646
encrypt_out,0.1802
decode_in,0.1812
decrypt_in,0.1071
decrypt_in,0.1147
encrypt_out,0.0962
decode_in,0.0972
encode_out,0.2837
encrypt_out,0.1612
decode_in,0.1623
encode_out,0.2610
encrypt_out,0.1751
decode_in,0.1757
encode_out,0.2784
decrypt_in,0.0964
decompress_in,0.7004
encode_out,0.2679
encode_out,0.2581
encode_out,0.2544
encrypt_out,0.1654
decode_in,0.1662
encrypt_out,0.1618
decode_in,0.1625
encode_out,0.2704
decrypt_in,0.0920
encode_out,0.2592
encode_out,0.2641
encode_out,0.2742
encode_out,0.2591
decompress_in,0.7860
decompress_in,0.6440
encode_out,0.2572
decrypt_in,0.0901
encode_out,0.2877
encrypt_out,0.1782
decode_in,0.1795
encode_out,0.2651
encode_out,0.2623
encrypt_out,0.1678
decode_in,0.1686
decrypt_in,0.0933
decompress_in,0.6055
encode_out,0.2544
encode_out,0.2604
decompress_in,0.6720
encrypt_out,0.1702
decode_in,0.1709
encode_out,0.2546
encode_out,0.2620
encode_out,0.2527
encrypt_out,0.1628
decode_in,0.1643
encrypt_out,0.1662
decode_in,0.1668
verify_in,0.3092
encode_out,0.3109
decrypt_in,0.0998
decrypt_in,0.1101
encode_out,0.2785
encrypt_out,0.1773
decode_in,0.1783
encode_out,0.2851
encode_out,0.2450
encrypt_out,0.1610
decode_in,0.1620
decompress_in,0.6510
encode_out,0.2724
encrypt_out,0.1812
decode_in,0.1821
encode_out,0.2643
encrypt_out,0.1694
decode_in,0.1707
encode_out,0.2603
encrypt_out,0.1595
decode_in,0.1602
encode_out,0.2471
encrypt_out,0.1586
decode_in,0.1593
encode_out,0.2592
encode_out,0.2676
encode_out,0.2597
encrypt_out,0.1971
decode_in,0.1990
encode_out,0.2499
verify_in,0.3094
decompress_in,0.6363
verify_in,0.3088
decrypt_in,0.0946
encode_out,0.2639
encrypt_out,0.1648
decode_in,0.1656
encode_out,0.2716
encrypt_out,0.1699
decode_in,0.1707
encode_out,0.2542
encode_out,0.2518
decrypt_in,0.0979
encrypt_out,0.1742
decode_in,0.1750
encode_out,0.2581
encrypt_out,0.1677
decode_in,0.1690
encode_out,0.2600
encode_out,0.2665
encode_out,0.2493
verify_in,0.3091
encrypt_out,0.1605
decode_in,0.1613
decompress_in,0.6617
encode_out,0.2679
decrypt_in,0.0901
encode_out,0.2562
encode_out,0.2535
encode_out,0.2517
encrypt_out,0.1698
decode_in,0.1712
encrypt_out,0.1609
decode_in,0.1623
decompress_in,0.6843
verify_in,0.3097
encode_out,0.2688
encode_out,0.2524
decrypt_in,0.1003
encrypt_out,0.1851
decode_in,0.1858
decrypt_in,0.0990
encode_out,0.2438
encode_out,0.2528
encrypt_out,0.1748
decode_in,0.1755
encode_out,0.2690
encode_out,0.2586
encode_out,0.2606
encode_out,0.2723
encrypt_out,0.1695
decode_in,0.1702
decrypt_in,0.0891
encode_out,0.2639
encode_out,0.2557
encode_out,0.2481
encode_out,0.2699
encrypt_out,0.1529
decode_in,0.1538
decompress_in,0.5971
decompress_in,0.6147
decrypt_in,0.0903
encrypt_out,0.1584
decode_in,0.1591
encode_out,0.2487
encode_out,0.2601
encode_out,0.2516
encode_out,0.2470
decrypt_in,0.1012
encrypt_out,0.1626
decode_in,0.1635
verify_in,0.3074
decrypt_in,0.0905
encode_out,0.2512
encode_out,0.2585
encrypt_out,0.1754
decode_in,0.1761
encode_out,0.2507
decrypt_in,0.0946
encode_out,0.2441
encrypt_out,0.1590
decode_in,0.1598
decrypt_in,0.0970
encrypt_out,0.1915
decode_in,0.1928
encrypt_out,0.1549
decode_in,0.1557
encode_out,0.2489
encode_out,0.2671
encode_out,0.2612
encode_out,0.2537
encrypt_out,0.1853
decode_in,0.1861
decrypt_in,0.0944
encrypt_out,0.1627
decode_in,0.1637
encrypt_out,0.1694
decode_in,0.1703
encode_out,0.2567
encode_out,0.2582
encode_out,0.2572
encode_out,0.2542
verify_in,0.3287
encode_out,0.2567
encode_out,0.2651
encode_out,0.2582
encode_out,0.2690
encode_out,0.2857
encode_out,0.2578
encode_out,0.2584
encode_out,0.2586
encode_out,0.2721
encode_out,0.2901
encode_out,0.2682
encode_out,0.3177
decompress_in,0.8214
encode_out,0.2576
encode_out,0.2597
encode_out,0.2524
encode_out,0.2520
encrypt_out,0.1725
decode_in,0.1738
decrypt_in,0.0773
encode_out,0.2326
encrypt_out,0.1654
decode_in,0.1662
decrypt_in,0.0811
encrypt_out,0.1571
decode_in,0.1584
encrypt_out,0.1641
decode_in,0.1654
decompress_in,0.6438
decrypt_in,0.0826
encrypt_out,0.2044
decode_in,0.2053
decrypt_in,0.0819
encrypt_out,0.1815
decode_in,0.1827
encrypt_out,0.1594
decode_in,0.1607
encrypt_out,0.1760
decode_in,0.1770
fog_preprocessing,7.2601
decrypt_in,0.0863
verify_in,0.2899
encrypt_out,0.1890
decode_in,0.1901
fog_preprocessing,6.9458
decompress_in,0.6861
fog_preprocessing,6.9276
encrypt_out,0.1839
decode_in,0.1848
decrypt_in,0.0956
encrypt_out,0.1738
decode_in,0.1747
encrypt_out,0.1772
decode_in,0.1779
decrypt_in,0.0929
encrypt_out,0.1755
decode_in,0.1765
verify_in,0.3400
encrypt_out,0.1727
decode_in,0.1739
decrypt_in,0.0930
decompress_in,0.5914
decompress_in,0.5853
encrypt_out,0.1834
decode_in,0.1841
decrypt_in,0.0865
encrypt_out,0.1713
decode_in,0.1724
encrypt_out,0.1716
decode_in,0.1729
encrypt_out,0.1702
decode_in,0.1717
encrypt_out,0.1777
decode_in,0.1793
encrypt_out,0.1638
decode_in,0.1652
decrypt_in,0.0811
encrypt_out,0.1705
decode_in,0.1715
encrypt_out,0.1672
decode_in,0.1687
encrypt_out,0.1870
decode_in,0.1880
decompress_in,0.5982
decrypt_in,0.0814
encrypt_out,0.1652
decode_in,0.1661
verify_in,0.2765
verify_in,0.2691
decrypt_in,0.0907
encrypt_out,0.1521
decode_in,0.1532
encrypt_out,0.1632
decode_in,0.1647
decompress_in,0.6171
encrypt_out,0.1704
decode_in,0.1711
encrypt_out,0.1854
decode_in,0.1863
decrypt_in,0.0878
fog_preprocessing,7.2942
decompress_in,0.6081
encrypt_out,0.1728
decode_in,0.1738
encrypt_out,0.1735
decode_in,0.1746
decompress_in,0.6117
decrypt_in,0.0867
encrypt_out,0.1645
decode_in,0.1654
encrypt_out,0.1597
decode_in,0.1610
decrypt_in,0.0942
decompress_in,0.5813
decrypt_in,0.0892
decrypt_in,0.0872
encrypt_out,0.1779
decode_in,0.1790
decompress_in,0.6138
encrypt_out,0.1628
decode_in,0.1640
encrypt_out,0.1655
decode_in,0.1670
decrypt_in,0.0893
encrypt_out,0.1689
decode_in,0.1697
decrypt_in,0.0894
decrypt_in,0.0846
encrypt_out,0.1820
decode_in,0.1828
encrypt_out,0.1731
decode_in,0.1743
decompress_in,0.6197
encrypt_out,0.1832
decode_in,0.1843
encrypt_out,0.1639
decode_in,0.1649
encrypt_out,0.1640
decode_in,0.1647
encrypt_out,0.1702
decode_in,0.1713
fog_preprocessing,6.7181
encrypt_out,0.1766
decode_in,0.1782
encrypt_out,0.1776
decode_in,0.1786
encrypt_out,0.1602
decode_in,0.1616
encrypt_out,0.1666
decode_in,0.1674
encrypt_out,0.1618
decode_in,0.1635
encrypt_out,0.1689
decode_in,0.1695
encrypt_out,0.1659
decode_in,0.1668
encrypt_out,0.1711
decode_in,0.1718
encrypt_out,0.1664
decode_in,0.1681
encrypt_out,0.1659
decode_in,0.1666
encrypt_out,0.1664
decode_in,0.1676
verify_in,0.2969
encrypt_out,0.1609
decode_in,0.1623
encrypt_out,0.1778
decode_in,0.1795
encrypt_out,0.1617
decode_in,0.1627
decrypt_in,0.0898
encrypt_out,0.1741
decode_in,0.1749
decrypt_in,0.0889
decompress_in,0.5697
decrypt_in,0.0886
decrypt_in,0.0891
decompress_in,0.5877
verify_in,0.3165
decrypt_in,0.0898
decompress_in,0.5520
decrypt_in,0.0897
decrypt_in,0.1046
decompress_in,0.5658
integrity_out,0.0094
decrypt_in,0.0858
fog_preprocessing,6.7238
decrypt_in,0.0921
integrity_out,0.0101
decompress_in,0.5727
integrity_out,0.0095
decrypt_in,0.0892
verify_in,0.2972
decrypt_in,0.0853
decrypt_in,0.0957
decompress_in,0.5938
decrypt_in,0.0890
decompress_in,0.5897
decrypt_in,0.0936
decompress_in,0.6161
verify_in,0.2833
verify_in,0.2943
decrypt_in,0.0778
fog_preprocessing,6.6593
decrypt_in,0.0882
decrypt_in,0.0929
decrypt_in,0.0895
decrypt_in,0.0911
decompress_in,0.5981
decrypt_in,0.0923
decrypt_in,0.0888
decrypt_in,0.0848
decrypt_in,0.0903
decompress_in,0.6346
verify_in,0.3149
decrypt_in,0.0888
decompress_in,0.6401
fog_preprocessing,6.4696
decompress_in,0.6275
decrypt_in,0.0827
decrypt_in,0.0829
verify_in,0.2657
decrypt_in,0.0779
decrypt_in,0.0838
fog_preprocessing,6.4478
integrity_out,0.0133
verify_in,0.3337
decrypt_in,0.0930
decompress_in,0.6038
decrypt_in,0.0912
verify_in,0.2986
decrypt_in,0.0898
decrypt_in,0.0916
decompress_in,0.6075
verify_in,0.3285
decompress_in,0.5875
decompress_in,0.5801
decrypt_in,0.0920
decompress_in,0.5908
decrypt_in,0.0834
decrypt_in,0.0815
verify_in,0.2940
decrypt_in,0.0864
fog_preprocessing,6.4532
decompress_in,0.5750
decrypt_in,0.0990
decompress_in,0.5955
decrypt_in,0.0970
decrypt_in,0.0922
decrypt_in,0.0903
decrypt_in,0.0916
fog_preprocessing,6.4696
verify_in,0.3281
integrity_out,0.0146
decompress_in,0.6097
decrypt_in,0.0983
decrypt_in,0.1092
decrypt_in,0.1129
decrypt_in,0.0972
decrypt_in,0.1061
decrypt_in,0.0925
decrypt_in,0.0988
decrypt_in,0.0962
decrypt_in,0.0998
decrypt_in,0.1067
decrypt_in,0.1159
decrypt_in,0.0984
decrypt_in,0.0918
decrypt_in,0.0979
decrypt_in,0.0909
decrypt_in,0.1001
verify_in,0.3146
decompress_in,0.5892
decompress_in,0.5896
verify_in,0.3101
decompress_in,0.5731
decompress_in,0.5951
verify_in,0.3053
decompress_in,0.6432
decompress_in,0.5689
decompress_in,0.6912
compress_out,0.0187
decrypt_in,0.0195
verify_in,0.3344
integrity_out,0.0096
decompress_in,0.5937
decompress_in,0.5861
compress_out,0.0234
decrypt_in,0.0240
compress_out,0.0164
decrypt_in,0.0170
verify_in,0.2932
decompress_in,0.6012
decompress_in,0.5683
decompress_in,0.6181
verify_in,0.2989
decompress_in,0.5863
verify_in,0.2939
fog_preprocessing,6.7153
decompress_in,0.5745
verify_in,0.3099
fog_preprocessing,6.6463
decompress_in,0.5593
integrity_out,0.0085
decompress_in,0.5866
decompress_in,0.5451
decompress_in,0.5759
fog_preprocessing,6.7180
verify_in,0.3232
decompress_in,0.6368
decompress_in,0.5763
decompress_in,0.5811
decompress_in,0.5836
decompress_in,0.5797
verify_in,0.3201
decompress_in,0.6789
verify_in,0.3038
integrity_out,0.0114
verify_in,0.2880
fog_preprocessing,6.6347
fog_preprocessing,6.6089
decompress_in,0.5984
decompress_in,0.5825
decompress_in,0.6086
integrity_out,0.0131
compress_out,0.0179
decrypt_in,0.0186
decompress_in,0.5825
decompress_in,0.5957
verify_in,0.2917
decompress_in,0.6669
fog_preprocessing,6.4371
decompress_in,0.5695
decompress_in,0.5770
verify_in,0.2951
fog_preprocessing,6.4291
verify_in,0.2711
verify_in,0.2678
fog_preprocessing,6.5929
decompress_in,0.6351
verify_in,0.2969
decompress_in,0.5687
decompress_in,0.5989
fog_preprocessing,6.4487
integrity_out,0.0136
decompress_in,0.5858
verify_in,0.3202
decompress_in,0.5995
verify_in,0.3352
decompress_in,0.6221
decompress_in,0.6246
decompress_in,0.5944
decompress_in,0.5771
integrity_out,0.0106
compress_out,0.0161
decrypt_in,0.0166
verify_in,0.3065
decompress_in,0.6114
decompress_in,0.6193
fog_preprocessing,6.7551
decompress_in,0.5874
decompress_in,0.6111
decompress_in,0.5977
decompress_in,0.6058
decompress_in,0.5762
decompress_in,0.6072
decompress_in,0.5865
fog_preprocessing,6.8367
decompress_in,0.6075
decompress_in,0.5758
decompress_in,0.5607
decompress_in,0.6214
decompress_in,0.5878
decompress_in,0.5549
verify_in,0.3327
decompress_in,0.6064
verify_in,0.3056
verify_in,0.2751
verify_in,0.2949
fog_preprocessing,6.8421
verify_in,0.2968
verify_in,0.3095
verify_in,0.2923
encrypt_out,0.0105
decode_in,0.0112
fog_preprocessing,6.2473
compress_out,0.0158
decrypt_in,0.0165
verify_in,0.2950
fog_preprocessing,6.0605
encrypt_out,0.0157
decode_in,0.0164
encrypt_out,0.0086
decode_in,0.0091
verify_in,0.3034
verify_in,0.2993
verify_in,0.2667
fog_preprocessing,6.0605
verify_in,0.3195
verify_in,0.2939
fog_preprocessing,6.1167
integrity_out,0.0111
verify_in,0.2672
fog_preprocessing,6.0927
integrity_out,0.0123
verify_in,0.2778
compress_out,0.0251
decrypt_in,0.0258
verify_in,0.2672
fog_preprocessing,6.0776
verify_in,0.2674
integrity_out,0.0101
verify_in,0.2781
verify_in,0.2869
fog_preprocessing,6.2059
verify_in,0.2654
verify_in,0.2825
verify_in,0.2656
verify_in,0.2975
fog_preprocessing,6.0024
verify_in,0.2975
compress_out,0.0223
decrypt_in,0.0229
fog_preprocessing,6.1831
integrity_out,0.0111
integrity_out,0.0096
verify_in,0.2662
verify_in,0.2789
verify_in,0.2711
compress_out,0.0169
decrypt_in,0.0176
fog_preprocessing,6.0323
encrypt_out,0.0090
decode_in,0.0095
verify_in,0.2699
fog_preprocessing,5.9464
verify_in,0.2931
integrity_out,0.0116
verify_in,0.3166
verify_in,0.3050
fog_preprocessing,6.1370
integrity_out,0.0121
verify_in,0.3122
fog_preprocessing,6.1091
integrity_out,0.0118
fog_preprocessing,6.0626
verify_in,0.3117
fog_preprocessing,5.9376
fog_preprocessing,6.2726
integrity_out,0.0100
compress_out,0.0240
decrypt_in,0.0248
verify_in,0.3205
verify_in,0.3210
verify_in,0.2971
verify_in,0.3266
verify_in,0.3199
verify_in,0.2662
verify_in,0.2885
verify_in,0.2751
compress_out,0.0148
decrypt_in,0.0155
encrypt_out,0.0144
decode_in,0.0150
fog_preprocessing,6.1247
fog_preprocessing,6.0164
verify_in,0.2942
integrity_out,0.0093
verify_in,0.2997
verify_in,0.2764
fog_preprocessing,6.2264
verify_in,0.2814
verify_in,0.2741
verify_in,0.2888
verify_in,0.2976
integrity_out,0.0094
verify_in,0.3010
verify_in,0.2881
verify_in,0.2777
verify_in,0.2688
verify_in,0.2921
verify_in,0.2687
verify_in,0.3118
fog_preprocessing,5.9310
verify_in,0.3119
verify_in,0.3104
fog_preprocessing,5.9473
integrity_out,0.0113
fog_preprocessing,6.0031
fog_preprocessing,5.9205
fog_preprocessing,6.4782
encode_out,0.0357
integrity_out,0.0104
encrypt_out,0.0112
decode_in,0.0120
encrypt_out,0.0414
decode_in,0.0423
decrypt_in,0.0258
decompress_in,0.0303
verify_in,0.0089
fog_preprocessing,5.9864
integrity_out,0.0096
encode_out,0.0345
encode_out,0.0321
encrypt_out,0.0334
decode_in,0.0341
decrypt_in,0.0213
encrypt_out,0.0344
decode_in,0.0354
decrypt_in,0.0123
decompress_in,0.0267
fog_preprocessing,5.9833
verify_in,0.0087
decompress_in,0.0228
verify_in,0.0085
fog_preprocessing,5.9942
fog_preprocessing,6.1813
integrity_out,0.0097
cloud_inference,6.7065
fog_preprocessing,5.9810
fog_preprocessing,5.9691
integrity_out,0.0116
compress_out,0.0226
decrypt_in,0.0232
fog_preprocessing,5.9649
integrity_out,0.0111
compress_out,0.0287
decrypt_in,0.0295
fog_preprocessing,5.9679
encrypt_out,0.0108
decode_in,0.0114
cloud_inference,9.5782
cloud_inference,9.7549
fog_preprocessing,5.9989
integrity_out,0.0176
fog_preprocessing,5.9977
compress_out,0.0263
decrypt_in,0.0269
fog_preprocessing,5.9454
fog_preprocessing,5.9331
integrity_out,0.0107
fog_preprocessing,6.0283
fog_preprocessing,5.9663
fog_preprocessing,5.9540
fog_preprocessing,5.9685
integrity_out,0.0102
fog_preprocessing,5.9923
fog_preprocessing,5.9593
encrypt_out,0.0203
decode_in,0.0210
integrity_out,0.0126
fog_preprocessing,5.9328
compress_out,0.0294
decrypt_in,0.0300
compress_out,0.0304
decrypt_in,0.0309
fog_preprocessing,5.9137
encrypt_out,0.0096
decode_in,0.0102
integrity_out,0.0093
encode_out,0.0220
encrypt_out,0.0354
decode_in,0.0364
decrypt_in,0.0216
decompress_in,0.0247
verify_in,0.0111
fog_preprocessing,5.9341
integrity_out,0.0113
fog_preprocessing,5.9448
compress_out,0.0212
decrypt_in,0.0217
fog_preprocessing,6.0181
fog_preprocessing,5.8858
integrity_out,0.0146
compress_out,0.0205
decrypt_in,0.0210
cloud_inference,6.2342
fog_preprocessing,5.9791
integrity_out,0.0123
fog_preprocessing,5.9852
compress_out,0.0271
decrypt_in,0.0278
integrity_out,0.0123
integrity_out,0.0081
integrity_out,0.0092
fog_preprocessing,5.9727
encrypt_out,0.0186
decode_in,0.0194
compress_out,0.0300
decrypt_in,0.0306
fog_preprocessing,5.8860
fog_preprocessing,5.9227
fog_preprocessing,5.9612
fog_preprocessing,5.9917
fog_preprocessing,5.9136
fog_preprocessing,5.9847
fog_preprocessing,5.9844
encrypt_out,0.0191
decode_in,0.0196
fog_preprocessing,6.1401
integrity_out,0.0158
integrity_out,0.0170
encode_out,0.0416
compress_out,0.0226
decrypt_in,0.0233
encrypt_out,0.0328
decode_in,0.0338
decrypt_in,0.0105
decompress_in,0.0254
verify_in,0.0109
fog_preprocessing,5.9223
cloud_inference,2.6020
fog_preprocessing,5.9813
fog_preprocessing,5.8867
integrity_out,0.0146
fog_preprocessing,5.9009
fog_preprocessing,5.8892
fog_preprocessing,5.9585
compress_out,0.0164
decrypt_in,0.0172
fog_preprocessing,6.0065
fog_preprocessing,5.9850
fog_preprocessing,5.8737
fog_preprocessing,5.9722
fog_preprocessing,5.9876
fog_preprocessing,6.0031
fog_preprocessing,6.0793
integrity_out,0.0103
fog_preprocessing,5.9397
fog_preprocessing,5.9372
integrity_out,0.0112
compress_out,0.0272
decrypt_in,0.0278
integrity_out,0.0109
integrity_out,0.0111
integrity_out,0.0111
compress_out,0.0270
decrypt_in,0.0277
fog_preprocessing,6.0117
integrity_out,0.0095
encode_out,0.0210
integrity_out,0.0092
compress_out,0.0193
decrypt_in,0.0198
integrity_out,0.0088
integrity_out,0.0087
integrity_out,0.0089
compress_out,0.0140
encrypt_out,0.0322
decode_in,0.0331
integrity_out,0.0088
compress_out,0.0132
decrypt_in,0.0137
encrypt_out,0.0090
decode_in,0.0095
integrity_out,0.0086
compress_out,0.0140
decrypt_in,0.0148
encrypt_out,0.0092
decode_in,0.0098
fog_preprocessing,5.9583
decrypt_in,0.0311
integrity_out,0.0097
integrity_out,0.0098
encode_out,0.0250
compress_out,0.0155
decrypt_in,0.0159
integrity_out,0.0102
encrypt_out,0.0090
decode_in,0.0095
integrity_out,0.0099
integrity_out,0.0090
compress_out,0.0133
decompress_in,0.0322
decrypt_in,0.0138
integrity_out,0.0097
encrypt_out,0.0293
decode_in,0.0301
integrity_out,0.0095
integrity_out,0.0098
compress_out,0.0173
decrypt_in,0.0179
integrity_out,0.0103
verify_in,0.0083
integrity_out,0.0113
integrity_out,0.0089
compress_out,0.0142
decrypt_in,0.0147
encode_out,0.0195
decrypt_in,0.0151
encrypt_out,0.0112
encrypt_out,0.0092
decode_in,0.0118
decode_in,0.0104
integrity_out,0.0088
integrity_out,0.0088
compress_out,0.0186
decrypt_in,0.0191
encode_out,0.0197
compress_out,0.0137
decrypt_in,0.0142
integrity_out,0.0092
encrypt_out,0.0090
decode_in,0.0096
integrity_out,0.0087
decompress_in,0.0208
integrity_out,0.0092
encrypt_out,0.0267
decode_in,0.0274
encrypt_out,0.0086
decode_in,0.0090
compress_out,0.0151
decrypt_in,0.0159
integrity_out,0.0091
integrity_out,0.0095
compress_out,0.0135
decrypt_in,0.0143
encrypt_out,0.0146
decode_in,0.0152
encrypt_out,0.0296
decode_in,0.0309
compress_out,0.0152
compress_out,0.0186
decrypt_in,0.0158
decrypt_in,0.0194
verify_in,0.0091
compress_out,0.0145
decrypt_in,0.0151
decrypt_in,0.0124
integrity_out,0.0093
encrypt_out,0.0091
decode_in,0.0097
encode_out,0.0200
integrity_out,0.0089
integrity_out,0.0090
integrity_out,0.0091
integrity_out,0.0091
integrity_out,0.0088
integrity_out,0.0090
integrity_out,0.0088
decrypt_in,0.0152
integrity_out,0.0089
compress_out,0.0133
decrypt_in,0.0139
encode_out,0.0195
encrypt_out,0.0091
decode_in,0.0097
integrity_out,0.0090
compress_out,0.0158
decrypt_in,0.0164
integrity_out,0.0091
integrity_out,0.0094
decompress_in,0.0230
compress_out,0.0182
decrypt_in,0.0187
integrity_out,0.0113
integrity_out,0.0129
encrypt_out,0.0290
decode_in,0.0297
integrity_out,0.0096
encrypt_out,0.0091
integrity_out,0.0090
decode_in,0.0096
integrity_out,0.0092
integrity_out,0.0090
integrity_out,0.0095
integrity_out,0.0096
integrity_out,0.0090
integrity_out,0.0091
decompress_in,0.0211
integrity_out,0.0090
integrity_out,0.0096
compress_out,0.0145
decrypt_in,0.0150
encrypt_out,0.0088
decode_in,0.0093
compress_out,0.0142
decrypt_in,0.0147
compress_out,0.0156
decrypt_in,0.0167
compress_out,0.0147
decrypt_in,0.0152
encrypt_out,0.0091
decode_in,0.0096
compress_out,0.0133
decrypt_in,0.0140
encrypt_out,0.0544
decode_in,0.0551
verify_in,0.0286
098
compress_out,0.0137
decrypt_in,0.0143
decrypt_in,0.0122
compress_out,0.0211
decrypt_in,0.0216
compress_out,0.0142
decrypt_in,0.0147
compress_out,0.0135
encrypt_out,0.0284
decrypt_in,0.0147
decode_in,0.0290
compress_out,0.0130
decrypt_in,0.0134
encrypt_out,0.0092
decode_in,0.0098
compress_out,0.0152
decrypt_in,0.0157
encrypt_out,0.0137
decode_in,0.0142
verify_in,0.0207
encode_out,0.0193
compress_out,0.0135
decrypt_in,0.0141
encrypt_out,0.0083
decode_in,0.0088
integrity_out,0.0096
compress_out,0.0131
decrypt_in,0.0136
encode_out,0.0197
encrypt_out,0.0086
decode_in,0.0091
compress_out,0.0158
decrypt_in,0.0163
compress_out,0.0142
decrypt_in,0.0149
compress_out,0.0141
decrypt_in,0.0147
encode_out,0.0194
compress_out,0.0180
decrypt_in,0.0317
encrypt_out,0.0099
decode_in,0.0103
compress_out,0.0175
decrypt_in,0.0194
compress_out,0.0141
decrypt_in,0.0146
compress_out,0.0135
decrypt_in,0.0139
compress_out,0.0137
decrypt_in,0.0142
encrypt_out,0.0095
decode_in,0.0108
compress_out,0.0152
decrypt_in,0.0157
compress_out,0.0154
decrypt_in,0.0159
compress_out,0.0138
decrypt_in,0.0143
encrypt_out,0.0087
decode_in,0.0092
compress_out,0.0133
decrypt_in,0.0138
encode_out,0.0210
encode_out,0.0192
compress_out,0.0126
encrypt_out,0.0096
decrypt_in,0.0132
decompress_in,0.0512
code_in,0.0102
decode_in,0.0104
compress_out,0.0161
compress_out,0.0158
decrypt_in,0.0169
decrypt_in,0.0166
encode_out,0.0194
encrypt_out,0.0115
decode_in,0.0121
compress_out,0.0188
decrypt_in,0.0193
encode_out,0.0222
compress_out,0.0171
decrypt_in,0.0176
encrypt_out,0.0121
decode_in,0.0126
compress_out,0.0184
decrypt_in,0.0189
encrypt_out,0.0083
decode_in,0.0088
encrypt_out,0.0098
decode_in,0.0103
encode_out,0.0191
encrypt_out,0.0083
decode_in,0.0088
encrypt_out,0.0731
compress_out,0.0143
decrypt_in,0.0148
compress_out,0.0133
decode_in,0.0842

encode_out,0.0202
compress_out,0.0141
decrypt_in,0.0146
compress_out,0.0131
decrypt_in,0.0135
compress_out,0.0145
decrypt_in,0.0151
compress_out,0.0138
decrypt_in,0.0143
compress_out,0.0129
decrypt_in,0.0134
compress_out,0.0129
decrypt_in,0.0135
encrypt_out,0.0083
decode_in,0.0088
compress_out,0.0140
decrypt_in,0.0144
encrypt_out,0.0119
compress_out,0.0144
encode_out,0.0216
decrypt_in,0.0153
decode_in,0.0127
encrypt_out,0.0114
decode_in,0.0118
compress_out,0.0162
compress_out,0.0172
decrypt_in,0.0177
decrypt_in,0.0167
compress_out,0.0162
decrypt_in,0.0166
compress_out,0.0135
decrypt_in,0.0141
compress_out,0.0158
decrypt_in,0.0164
compress_out,0.0145
decrypt_in,0.0150
compress_out,0.0157
decrypt_in,0.0162
encode_out,0.0215
compress_out,0.0153
decrypt_in,0.0158
compress_out,0.0133
decrypt_in,0.0139
compress_out,0.0139
decrypt_in,0.0146
compress_out,0.0158
decrypt_in,0.0163
compress_out,0.0180
decrypt_in,0.0185
compress_out,0.0145
decrypt_in,0.0152
encrypt_out,0.0088
compress_out,0.0171
decode_in,0.0092
decrypt_in,0.0177
encrypt_out,0.0091
decode_in,0.0095
encode_out,0.0216
encrypt_out,0.0120
decode_in,0.0125
encrypt_out,0.0084
decode_in,0.0090
encrypt_out,0.0100
decode_in,0.0105
encode_out,0.0213
compress_out,0.0152
encrypt_out,0.0102
decrypt_in,0.0157
decode_in,0.0107
encrypt_out,0.0094
encrypt_out,0.0125
decode_in,0.0097
encrypt_out,0.0094
decode_in,0.0132
decode_in,0.0101
encrypt_out,0.0124
decode_in,0.0130
encode_out,0.0213
encode_out,0.0215
encrypt_out,0.0146
decode_in,0.0152
encrypt_out,0.0108
decode_in,0.0113
encode_out,0.0191
encode_out,0.0191
compress_out,0.0151
decrypt_in,0.0155
encrypt_out,0.0098
decode_in,0.0103
encrypt_out,0.0096
encrypt_out,0.0088
decode_in,0.0106
decode_in,0.0096
encode_out,0.0190
encrypt_out,0.0086
decode_in,0.0091
encrypt_out,0.0094
decode_in,0.0099
encrypt_out,0.0103
decode_in,0.0109
encrypt_out,0.0118
decode_in,0.0126
encode_out,0.0192
encrypt_out,0.0090
decode_in,0.0096
encrypt_out,0.0089
decode_in,0.0093
encrypt_out,0.0088
encrypt_out,0.0089
decode_in,0.0093
decode_in,0.0096
encode_out,0.0210
encrypt_out,0.0093
decode_in,0.0099
encrypt_out,0.0113
decode_in,0.0120
encrypt_out,0.0103
decode_in,0.0108
encode_out,0.0236
encode_out,0.0216
encrypt_out,0.0130
decode_in,0.0136
encode_out,0.0206
encrypt_out,0.0120
decode_in,0.0126
encrypt_out,0.0101
decode_in,0.0106
encrypt_out,0.0087
encode_out,0.0209
decode_in,0.0094
encrypt_out,0.0094
decode_in,0.0099
encode_out,0.0184
encode_out,0.0187
encrypt_out,0.0087
decode_in,0.0092
encode_out,0.0197
encode_out,0.0185
encrypt_out,0.0083
decode_in,0.0088
encrypt_out,0.0100
decode_in,0.0106
encrypt_out,0.0085
decode_in,0.0090
encrypt_out,0.0089
decode_in,0.0094
encrypt_out,0.0093
encrypt_out,0.0087
decode_in,0.0098
decode_in,0.0098
encrypt_out,0.0089
decode_in,0.0094
encrypt_out,0.0088
decode_in,0.0104
encrypt_out,0.0086
decode_in,0.0091
encode_out,0.0200
encode_out,0.0197
encrypt_out,0.0113
decode_in,0.0117
encode_out,0.0200
encrypt_out,0.0099
decode_in,0.0104
encrypt_out,0.0138
decode_in,0.0143
encrypt_out,0.0112
decode_in,0.0117
encrypt_out,0.0092
decode_in,0.0098
encrypt_out,0.0090
decode_in,0.0095
encrypt_out,0.0092
decode_in,0.0098
encrypt_out,0.0085
decode_in,0.0091
encrypt_out,0.0095
decode_in,0.0101
encrypt_out,0.0093
decode_in,0.0102
encrypt_out,0.0084
decode_in,0.0089
encrypt_out,0.0093
decode_in,0.0099
encrypt_out,0.0091
decode_in,0.0097
encrypt_out,0.0086
decode_in,0.0091
encode_out,0.0187
encode_out,0.0191
encode_out,0.0183
encode_out,0.0182
encode_out,0.0181
encrypt_out,0.0087
decode_in,0.0093
encode_out,0.0181
encode_out,0.0193
encode_out,0.0193
encode_out,0.0198
encode_out,0.0195
encode_out,0.0210
encrypt_out,0.0123
decode_in,0.0128
encode_out,0.0219
encode_out,0.0229
encode_out,0.0187
encode_out,0.0184
encode_out,0.0191
encode_out,0.0176
encode_out,0.0187
encode_out,0.0183
encode_out,0.0179
encode_out,0.0194
encode_out,0.0186
encode_out,0.0179
encode_out,0.0181
encode_out,0.0191
encode_out,0.0190
encode_out,0.0202
encode_out,0.0222
encode_out,0.0186
encode_out,0.0198
encode_out,0.0224
encode_out,0.0206
encode_out,0.0189
encode_out,0.0198
encode_out,0.0215
encode_out,0.0206
encode_out,0.0190
encode_out,0.0202
encode_out,0.0190
encode_out,0.0199
encode_out,0.0205
encode_out,0.0187
encode_out,0.0194
encode_out,0.0190
encode_out,0.0197
encode_out,0.0196
encode_out,0.0191
encode_out,0.0206
encode_out,0.0189
encode_out,0.0192
encode_out,0.0211
encode_out,0.0209
encode_out,0.0200
encode_out,0.0224
encode_out,0.0180
encode_out,0.0180
encode_out,0.0191
fog_preprocessing,6.1278
integrity_out,0.0107
compress_out,0.0211
decrypt_in,0.0218
encrypt_out,0.0117
decode_in,0.0123
encode_out,0.0411
cloud_inference,9.3319
cloud_inference,9.7319
encrypt_out,0.0299
decode_in,0.0306
encrypt_out,0.0255
decode_in,0.0261
decompress_in,0.0194
encrypt_out,0.0248
decode_in,0.0253
encrypt_out,0.0247
decode_in,0.0252
verify_in,0.0097
encrypt_out,0.0251
decode_in,0.0257
encrypt_out,0.0261
decode_in,0.0267
encrypt_out,0.0232
decode_in,0.0238
encrypt_out,0.0233
decode_in,0.0239
decrypt_in,0.0114
encrypt_out,0.0268
decode_in,0.0274
encrypt_out,0.0231
decode_in,0.0235
encrypt_out,0.0238
decode_in,0.0244
encrypt_out,0.0364
decode_in,0.0371
encrypt_out,0.0235
decode_in,0.0240
encrypt_out,0.0239
decode_in,0.0245
cloud_inference,9.8361
encrypt_out,0.0361
decode_in,0.0368
encrypt_out,0.0234
decode_in,0.0239
encrypt_out,0.0265
decode_in,0.0270
encrypt_out,0.0240
decode_in,0.0248
encrypt_out,0.0219
decode_in,0.0224
encrypt_out,0.0236
decode_in,0.0241
encrypt_out,0.0245
decode_in,0.0251
encrypt_out,0.0224
decode_in,0.0229
encrypt_out,0.0227
decode_in,0.0232
encrypt_out,0.0223
decode_in,0.0228
encrypt_out,0.0225
decode_in,0.0230
encrypt_out,0.0253
decode_in,0.0259
encrypt_out,0.0228
decode_in,0.0233
encrypt_out,0.0293
decode_in,0.0297
encrypt_out,0.0254
decode_in,0.0260
encrypt_out,0.0236
decode_in,0.0242
encrypt_out,0.0234
decode_in,0.0238
cloud_inference,9.5495
encrypt_out,0.0244
decode_in,0.0249
encrypt_out,0.0285
decode_in,0.0291
encrypt_out,0.0254
decode_in,0.0260
encrypt_out,0.0235
decode_in,0.0241
encrypt_out,0.0220
decode_in,0.0226
encrypt_out,0.0253
decode_in,0.0259
encrypt_out,0.0421
decode_in,0.0426
encrypt_out,0.0224
decode_in,0.0228
encrypt_out,0.0232
decode_in,0.0236
encrypt_out,0.0238
decode_in,0.0243
encrypt_out,0.0231
decode_in,0.0235
encrypt_out,0.0234
encrypt_out,0.0227
decode_in,0.0239
decode_in,0.0233
encrypt_out,0.0221
decode_in,0.0226
encrypt_out,0.0242
decode_in,0.0250
encrypt_out,0.0229
decode_in,0.0234
encrypt_out,0.0243
decode_in,0.0248
encrypt_out,0.0315
decode_in,0.0320
encrypt_out,0.0250
encrypt_out,0.0236
decode_in,0.0254
encrypt_out,0.0275
decode_in,0.0244
decode_in,0.0286
encrypt_out,0.0220
decode_in,0.0225
encrypt_out,0.0245
encrypt_out,0.0241
decode_in,0.0249
encrypt_out,0.0249
decode_in,0.0248
decode_in,0.0257
encrypt_out,0.0224
decode_in,0.0230
encrypt_out,0.0218
decode_in,0.0223
encrypt_out,0.0236
decode_in,0.0243
encrypt_out,0.0246
decode_in,0.0252
encrypt_out,0.0217
decode_in,0.0222
encrypt_out,0.0222
decode_in,0.0226
encrypt_out,0.0233
encrypt_out,0.0230
decode_in,0.0238
decode_in,0.0236
encrypt_out,0.0289
decode_in,0.0296
encrypt_out,0.0237
decode_in,0.0242
encrypt_out,0.0234
decode_in,0.0239
encrypt_out,0.0281
decode_in,0.0287
encrypt_out,0.0294
decode_in,0.0300
encrypt_out,0.0251
decode_in,0.0256
encrypt_out,0.0245
decode_in,0.0250
encrypt_out,0.0292
decode_in,0.0296
encrypt_out,0.0248
decode_in,0.0255
encrypt_out,0.0238
decode_in,0.0242
encrypt_out,0.0240
decode_in,0.0245
encrypt_out,0.0233
decode_in,0.0238
encrypt_out,0.0247
decode_in,0.0252
encrypt_out,0.0267
decode_in,0.0274
encrypt_out,0.0242
decode_in,0.0248
encrypt_out,0.0236
decode_in,0.0240
encrypt_out,0.0221
decode_in,0.0226
encrypt_out,0.0240
decode_in,0.0246
encrypt_out,0.0238
decode_in,0.0243
encrypt_out,0.0234
decode_in,0.0240
encrypt_out,0.0228
decode_in,0.0232
encrypt_out,0.0238
decode_in,0.0245
encrypt_out,0.0239
decode_in,0.0244
decrypt_in,0.0148
encrypt_out,0.0290
decode_in,0.0296
decrypt_in,0.0111
verify_in,0.0121
decrypt_in,0.0089
decrypt_in,0.0093
decrypt_in,0.0118
decrypt_in,0.0108
decrypt_in,0.0113
decrypt_in,0.0150
decrypt_in,0.0095
decrypt_in,0.0101
decompress_in,0.0204
decrypt_in,0.0093
decrypt_in,0.0102
decrypt_in,0.0095
decrypt_in,0.0092
decrypt_in,0.0094
decrypt_in,0.0102
decrypt_in,0.0092
decrypt_in,0.0093
decrypt_in,0.0098
decrypt_in,0.0104
decrypt_in,0.0093
decrypt_in,0.0101
decrypt_in,0.0094
decrypt_in,0.0126
decrypt_in,0.0099
decrypt_in,0.0093
decrypt_in,0.0093
decrypt_in,0.0109
decrypt_in,0.0096
decrypt_in,0.0093
decrypt_in,0.0123
decrypt_in,0.0098
decrypt_in,0.0100
decrypt_in,0.0101
decrypt_in,0.0092
decrypt_in,0.0123
decrypt_in,0.0102
decrypt_in,0.0093
decrypt_in,0.0103
decrypt_in,0.0096
decrypt_in,0.0092
decrypt_in,0.0102
decrypt_in,0.0095
decrypt_in,0.0130
decrypt_in,0.0112
decrypt_in,0.0092
decrypt_in,0.0128
decrypt_in,0.0101
decrypt_in,0.0125
decrypt_in,0.0099
decrypt_in,0.0098
decrypt_in,0.0094
decrypt_in,0.0097
decrypt_in,0.0101
decrypt_in,0.0095
decrypt_in,0.0095
decrypt_in,0.0094
decrypt_in,0.0102
decrypt_in,0.0095
decrypt_in,0.0229
decrypt_in,0.0246
decrypt_in,0.0309
decrypt_in,0.0194
decrypt_in,0.0196
decrypt_in,0.0103
decrypt_in,0.0100
decrypt_in,0.0131
decrypt_in,0.0095
decrypt_in,0.0090
decrypt_in,0.0099
decrypt_in,0.0207
decrypt_in,0.0252
decrypt_in,0.0237
decrypt_in,0.0262
decrypt_in,0.0213
decrypt_in,0.0197
decrypt_in,0.0223
decrypt_in,0.0291
decrypt_in,0.0282
decrypt_in,0.0406
decrypt_in,0.0322
decrypt_in,0.0351
decrypt_in,0.0283
decrypt_in,0.0317
decrypt_in,0.0389
decrypt_in,0.0381
decrypt_in,0.0287
decompress_in,0.0398
decrypt_in,0.0334
decompress_in,0.0421
decompress_in,0.0405
decompress_in,0.0317
decompress_in,0.1026
decompress_in,0.1134
decompress_in,0.0753
decompress_in,0.1276
decompress_in,0.0699
verify_in,0.0254
decompress_in,0.1228
decompress_in,0.1066
decompress_in,0.0464
decompress_in,0.0640
decompress_in,0.1347
decompress_in,0.0507
decompress_in,0.0557
decompress_in,0.0444
decompress_in,0.0603
decompress_in,0.0898
decompress_in,0.0792
decompress_in,0.0698
decompress_in,0.0924
decompress_in,0.0725
decompress_in,0.0864
decompress_in,0.0929
decompress_in,0.1762
decompress_in,0.0434
decompress_in,0.1316
decompress_in,0.0466
decompress_in,0.0453
decompress_in,0.0683
decompress_in,0.0295
decompress_in,0.0545
decompress_in,0.0473
decompress_in,0.0357
decompress_in,0.0680
decompress_in,0.0427
decompress_in,0.0571
decompress_in,0.0457
decompress_in,0.1423
decompress_in,0.0732
decompress_in,0.0299
decompress_in,0.0707
decompress_in,0.0592
decompress_in,0.0606
decompress_in,0.0479
decompress_in,0.0635
decompress_in,0.0373
decompress_in,0.0539
decompress_in,0.0886
decompress_in,0.0803
decompress_in,0.0787
decompress_in,0.0525
decompress_in,0.0575
decompress_in,0.0351
decompress_in,0.0402
decompress_in,0.0309
decompress_in,0.0332
decompress_in,0.0394
decompress_in,0.0320
decompress_in,0.0946
decompress_in,0.0424
decompress_in,0.0557
decompress_in,0.0627
decompress_in,0.0356
decompress_in,0.0398
decompress_in,0.0245
decompress_in,0.0173
decompress_in,0.0764
decompress_in,0.0167
decompress_in,0.0237
decompress_in,0.0525
decompress_in,0.0172
decompress_in,0.0169
decompress_in,0.0635
decompress_in,0.0631
decompress_in,0.0339
decompress_in,0.0231
decompress_in,0.0518
decompress_in,0.0583
decompress_in,0.0447
decompress_in,0.0421
decompress_in,0.0434
decompress_in,0.0446
decompress_in,0.0473
decompress_in,0.0549
decompress_in,0.0371
verify_in,0.0096
verify_in,0.0219
decompress_in,0.0794
verify_in,0.0136
verify_in,0.0088
verify_in,0.0085
verify_in,0.0090
verify_in,0.0089
verify_in,0.0092
verify_in,0.0109
verify_in,0.0101
verify_in,0.0123
verify_in,0.0182
verify_in,0.0101
verify_in,0.0102
verify_in,0.0087
verify_in,0.0086
verify_in,0.0086
verify_in,0.0086
verify_in,0.0086
verify_in,0.0087
verify_in,0.0094
verify_in,0.0157
verify_in,0.0224
verify_in,0.0088
verify_in,0.0087
verify_in,0.0085
verify_in,0.0476
verify_in,0.0448
verify_in,0.0326
verify_in,0.0100
verify_in,0.0315
verify_in,0.0137
verify_in,0.0309
verify_in,0.0146
verify_in,0.0232
verify_in,0.0291
verify_in,0.0255
verify_in,0.0152
verify_in,0.0327
verify_in,0.0245
verify_in,0.0333
verify_in,0.0394
verify_in,0.0247
verify_in,0.0165
verify_in,0.0088
verify_in,0.0094
verify_in,0.0086
verify_in,0.0095
verify_in,0.0096
verify_in,0.0140
verify_in,0.0152
verify_in,0.0253
verify_in,0.0256
verify_in,0.0123
verify_in,0.0118
verify_in,0.0172
verify_in,0.0090
verify_in,0.0446
verify_in,0.0146
verify_in,0.0162
verify_in,0.0098
verify_in,0.0129
verify_in,0.0084
verify_in,0.0087
verify_in,0.0087
verify_in,0.0091
verify_in,0.0385
verify_in,0.0100
verify_in,0.0098
verify_in,0.0170
verify_in,0.0239
verify_in,0.0087
verify_in,0.0089
verify_in,0.0095
verify_in,0.0176
verify_in,0.0216
verify_in,0.0111
verify_in,0.0320
verify_in,0.0297
verify_in,0.0213
verify_in,0.0480
verify_in,0.0096
verify_in,0.0317
verify_in,0.0298
verify_in,0.0254
verify_in,0.0090
verify_in,0.0091
cloud_inference,7.2181
cloud_inference,7.4013
verify_in,0.0106
cloud_inference,5.8278
cloud_inference,8.3400
cloud_inference,8.4756
cloud_inference,8.5182
cloud_inference,10.7295
cloud_inference,6.1441
cloud_inference,7.8316
cloud_inference,7.7729
cloud_inference,9.7622
cloud_inference,7.5585
cloud_inference,7.5705
cloud_inference,6.4314
cloud_inference,9.1115
cloud_inference,8.5482
cloud_inference,8.7770
cloud_inference,8.0928
cloud_inference,9.1051
cloud_inference,8.8430
cloud_inference,9.2312
cloud_inference,8.2306
cloud_inference,9.0224
cloud_inference,8.9383
cloud_inference,9.4776
cloud_inference,9.1569
cloud_inference,8.5574
cloud_inference,10.0845
cloud_inference,9.5665
cloud_inference,9.1531
cloud_inference,5.8584
cloud_inference,9.6553
cloud_inference,9.2329
cloud_inference,9.0736
cloud_inference,7.5200
cloud_inference,8.8454
cloud_inference,9.5544
cloud_inference,9.4702
cloud_inference,8.6156
cloud_inference,8.1566
cloud_inference,9.1275
cloud_inference,8.7813
cloud_inference,9.4617
cloud_inference,7.0679
cloud_inference,8.5294
cloud_inference,9.1857
cloud_inference,9.7160
cloud_inference,8.7363
cloud_inference,7.3455
cloud_inference,8.7121
cloud_inference,8.6970
cloud_inference,8.2991
cloud_inference,6.7024
cloud_inference,7.7281
cloud_inference,8.8158
cloud_inference,8.3324
cloud_inference,9.4767
cloud_inference,6.8968
cloud_inference,6.5213
cloud_inference,9.2427
cloud_inference,9.4652
cloud_inference,9.0388
cloud_inference,8.9835
cloud_inference,9.0336
cloud_inference,8.7711
cloud_inference,10.2962
cloud_inference,8.7131
cloud_inference,7.2912
cloud_inference,8.5626
cloud_inference,10.7359
cloud_inference,9.9023
cloud_inference,5.9896
cloud_inference,5.5270
cloud_inference,9.6396
cloud_inference,9.8441
cloud_inference,9.8252
cloud_inference,8.1172
cloud_inference,9.8518
cloud_inference,8.8643
cloud_inference,10.3470
cloud_inference,10.1363
cloud_inference,8.6851
cloud_inference,9.4927
cloud_inference,10.2417
cloud_inference,11.7662
cloud_inference,7.8850
cloud_inference,10.6077
cloud_inference,8.9757
cloud_inference,8.0610
cloud_inference,5.1988
cloud_inference,4.6217
