task,duration_seconds
edge_acquisition,0.6302
edge_acquisition,0.7272
edge_acquisition,0.6382
edge_acquisition,0.6175
edge_acquisition,0.5561
edge_acquisition,0.6226
edge_acquisition,0.6360
edge_acquisition,0.6164
edge_acquisition,0.5925
edge_acquisition,0.6234
edge_acquisition,0.6481
edge_acquisition,0.5653
edge_acquisition,0.6268
edge_acquisition,0.6633
edge_acquisition,0.6109
edge_acquisition,0.6015
edge_acquisition,0.5916
edge_acquisition,0.6281
edge_acquisition,0.5736
edge_acquisition,0.5695
edge_acquisition,0.5588
edge_acquisition,0.5757
edge_acquisition,0.5535
edge_acquisition,0.5468
edge_acquisition,0.5015
edge_acquisition,0.5657
edge_acquisition,0.5452
edge_acquisition,0.5490
edge_acquisition,0.5927
edge_acquisition,0.5458
edge_acquisition,0.6293
edge_acquisition,0.5800
edge_acquisition,0.5615
edge_acquisition,0.5505
edge_acquisition,0.6547
edge_acquisition,0.7836
edge_acquisition,0.6345
edge_acquisition,0.5933
edge_acquisition,0.5422
edge_acquisition,0.5946
edge_acquisition,0.5450
edge_acquisition,0.5486
edge_acquisition,0.5243
edge_acquisition,0.5451
edge_acquisition,0.5689
edge_acquisition,0.5913
edge_acquisition,0.5625
edge_acquisition,0.5871
edge_acquisition,0.5132
edge_acquisition,0.5369
edge_acquisition,0.5801
edge_acquisition,0.5937
edge_acquisition,0.5848
edge_acquisition,0.5648
edge_acquisition,0.5499
edge_acquisition,0.5305
edge_acquisition,0.5963
edge_acquisition,0.5361
edge_acquisition,0.5598
edge_acquisition,0.5297
edge_acquisition,0.5442
edge_acquisition,0.5484
edge_acquisition,0.6355
edge_acquisition,0.5894
edge_acquisition,0.5417
edge_acquisition,0.5579
edge_acquisition,0.5549
edge_acquisition,0.5430
edge_acquisition,0.5800
edge_acquisition,0.5549
edge_acquisition,0.5253
edge_acquisition,0.5869
edge_acquisition,0.5200
edge_acquisition,0.5155
edge_acquisition,0.5744
edge_acquisition,0.5647
edge_acquisition,0.5369
edge_acquisition,0.5456
edge_acquisition,0.5661
edge_acquisition,0.5619
edge_acquisition,0.6003
edge_acquisition,0.5704
edge_acquisition,0.5425
edge_acquisition,0.5422
edge_acquisition,0.5822
edge_acquisition,0.5583
edge_acquisition,0.5519
edge_acquisition,0.5399
edge_acquisition,0.5224
edge_acquisition,0.5253
edge_acquisition,0.5262
edge_acquisition,0.5501
edge_acquisition,0.5220
edge_acquisition,0.5152
edge_acquisition,0.5462
edge_acquisition,0.5267
edge_acquisition,0.5349
edge_acquisition,0.5390
edge_acquisition,0.5907
edge_acquisition,0.6064
integrity_out,0.3088
integrity_out,0.2858
integrity_out,0.2704
integrity_out,0.2998
integrity_out,0.2784
integrity_out,0.3022
integrity_out,0.2674
integrity_out,0.2657
integrity_out,0.2694
integrity_out,0.2646
integrity_out,0.2700
integrity_out,0.3077
integrity_out,0.2696
integrity_out,0.3082
integrity_out,0.2721
integrity_out,0.2708
integrity_out,0.2807
integrity_out,0.2657
integrity_out,0.2899
integrity_out,0.2823
integrity_out,0.2754
integrity_out,0.2706
integrity_out,0.2879
integrity_out,0.2638
integrity_out,0.2689
integrity_out,0.2643
integrity_out,0.2700
integrity_out,0.2671
integrity_out,0.3043
integrity_out,0.2678
integrity_out,0.2736
integrity_out,0.2957
integrity_out,0.2744
integrity_out,0.2692
integrity_out,0.2781
integrity_out,0.3010
integrity_out,0.2931
integrity_out,0.2685
integrity_out,0.2705
integrity_out,0.2733
integrity_out,0.2759
integrity_out,0.2736
integrity_out,0.2760
integrity_out,0.2672
integrity_out,0.2660
integrity_out,0.2659
integrity_out,0.2780
integrity_out,0.3036
integrity_out,0.2690
integrity_out,0.3020
integrity_out,0.3007
integrity_out,0.2734
integrity_out,0.2805
integrity_out,0.2672
integrity_out,0.2874
integrity_out,0.2981
integrity_out,0.3054
integrity_out,0.2752
integrity_out,0.2821
integrity_out,0.2822
integrity_out,0.2762
integrity_out,0.2723
integrity_out,0.2751
integrity_out,0.2981
integrity_out,0.2814
integrity_out,0.3017
integrity_out,0.2883
integrity_out,0.2695
integrity_out,0.2923
integrity_out,0.2878
integrity_out,0.2981
integrity_out,0.2805
integrity_out,0.2735
integrity_out,0.3040
integrity_out,0.2948
integrity_out,0.2784
integrity_out,0.3003
integrity_out,0.3037
integrity_out,0.2770
integrity_out,0.2691
integrity_out,0.2751
integrity_out,0.2703
integrity_out,0.2954
integrity_out,0.2671
integrity_out,0.2760
integrity_out,0.3026
integrity_out,0.2988
integrity_out,0.2740
integrity_out,0.3022
integrity_out,0.3061
integrity_out,0.3053
integrity_out,0.3153
integrity_out,0.3190
integrity_out,0.2724
integrity_out,0.2801
integrity_out,0.2767
integrity_out,0.2871
integrity_out,0.3002
integrity_out,0.2929
integrity_out,0.3199
compress_out,0.4991
decrypt_in,0.5007
compress_out,0.4883
decrypt_in,0.4897
compress_out,0.4335
decrypt_in,0.4348
compress_out,0.4369
decrypt_in,0.4383
compress_out,0.4659
decrypt_in,0.4676
compress_out,0.4476
decrypt_in,0.4488
compress_out,0.4367
decrypt_in,0.4383
compress_out,0.4426
decrypt_in,0.4439
compress_out,0.4371
decrypt_in,0.4385
compress_out,0.4421
decrypt_in,0.4437
compress_out,0.4601
decrypt_in,0.4618
compress_out,0.4439
decrypt_in,0.4455
compress_out,0.4397
decrypt_in,0.4409
compress_out,0.4457
decrypt_in,0.4470
compress_out,0.4640
decrypt_in,0.4653
compress_out,0.4396
decrypt_in,0.4409
compress_out,0.4521
decrypt_in,0.4535
compress_out,0.4663
decrypt_in,0.4681
compress_out,0.5543
decrypt_in,0.5558
compress_out,0.4583
decrypt_in,0.4594
compress_out,0.4502
decrypt_in,0.4516
compress_out,0.4150
decrypt_in,0.4164
compress_out,0.4321
decrypt_in,0.4337
compress_out,0.4178
decrypt_in,0.4188
compress_out,0.4555
decrypt_in,0.4569
compress_out,0.4441
decrypt_in,0.4455
compress_out,0.4218
decrypt_in,0.4231
compress_out,0.4446
decrypt_in,0.4459
compress_out,0.4248
decrypt_in,0.4263
compress_out,0.4489
decrypt_in,0.4505
compress_out,0.4437
decrypt_in,0.4454
compress_out,0.4675
decrypt_in,0.4689
compress_out,0.4238
decrypt_in,0.4250
compress_out,0.4156
decrypt_in,0.4165
compress_out,0.4248
decrypt_in,0.4258
compress_out,0.4520
decrypt_in,0.4534
compress_out,0.4337
decrypt_in,0.4347
compress_out,0.4178
decrypt_in,0.4195
compress_out,0.4415
decrypt_in,0.4430
compress_out,0.4367
decrypt_in,0.4382
compress_out,0.4795
decrypt_in,0.4805
compress_out,0.4552
decrypt_in,0.4568
compress_out,0.5037
decrypt_in,0.5048
compress_out,0.4683
decrypt_in,0.4693
compress_out,0.4344
decrypt_in,0.4357
compress_out,0.4361
decrypt_in,0.4372
compress_out,0.4601
decrypt_in,0.4618
compress_out,0.4624
decrypt_in,0.4638
compress_out,0.4234
decrypt_in,0.4251
compress_out,0.4130
decrypt_in,0.4145
compress_out,0.4385
decrypt_in,0.4398
compress_out,0.4304
decrypt_in,0.4315
compress_out,0.4197
decrypt_in,0.4209
compress_out,0.4110
decrypt_in,0.4120
compress_out,0.4211
decrypt_in,0.4224
compress_out,0.4209
decrypt_in,0.4219
compress_out,0.4184
decrypt_in,0.4195
compress_out,0.4541
decrypt_in,0.4553
compress_out,0.4236
decrypt_in,0.4250
compress_out,0.4249
decrypt_in,0.4259
compress_out,0.4315
decrypt_in,0.4329
compress_out,0.4222
decrypt_in,0.4236
compress_out,0.4513
decrypt_in,0.4529
compress_out,0.4700
decrypt_in,0.4714
compress_out,0.4546
decrypt_in,0.4560
compress_out,0.4398
decrypt_in,0.4410
compress_out,0.4736
decrypt_in,0.4749
compress_out,0.4449
decrypt_in,0.4459
compress_out,0.5433
decrypt_in,0.5451
compress_out,0.5171
decrypt_in,0.5179
compress_out,0.4269
decrypt_in,0.4283
compress_out,0.4292
decrypt_in,0.4302
compress_out,0.4725
decrypt_in,0.4739
compress_out,0.4503
decrypt_in,0.4519
compress_out,0.4412
decrypt_in,0.4425
compress_out,0.4585
decrypt_in,0.4593
compress_out,0.4214
decrypt_in,0.4232
compress_out,0.4367
decrypt_in,0.4377
compress_out,0.4381
decrypt_in,0.4400
compress_out,0.4399
decrypt_in,0.4408
compress_out,0.4213
decrypt_in,0.4232
compress_out,0.4373
decrypt_in,0.4387
compress_out,0.4232
decrypt_in,0.4247
compress_out,0.4214
decrypt_in,0.4225
compress_out,0.4250
decrypt_in,0.4266
compress_out,0.4120
decrypt_in,0.4128
compress_out,0.4269
decrypt_in,0.4281
compress_out,0.4473
decrypt_in,0.4483
compress_out,0.4793
decrypt_in,0.4809
compress_out,0.4595
decrypt_in,0.4603
compress_out,0.5135
decrypt_in,0.5149
compress_out,0.4872
decrypt_in,0.4885
compress_out,0.4948
decrypt_in,0.4960
compress_out,0.5356
decrypt_in,0.5368
compress_out,0.4556
decrypt_in,0.4578
compress_out,0.4352
decrypt_in,0.4360
compress_out,0.4441
decrypt_in,0.4455
compress_out,0.4355
decrypt_in,0.4364
compress_out,0.4410
decrypt_in,0.4423
compress_out,0.4442
decrypt_in,0.4449
encrypt_out,0.1137
decode_in,0.1153
encrypt_out,0.1059
decode_in,0.1067
encrypt_out,0.0871
decode_in,0.0886
encrypt_out,0.0918
decode_in,0.0926
encrypt_out,0.0892
decode_in,0.0903
encrypt_out,0.0938
decode_in,0.0945
encrypt_out,0.0829
decode_in,0.0844
encrypt_out,0.0877
decode_in,0.0885
encrypt_out,0.0845
decode_in,0.0861
encrypt_out,0.0918
decode_in,0.0927
encrypt_out,0.0865
decode_in,0.0877
encrypt_out,0.0905
decode_in,0.0913
encrypt_out,0.0836
decode_in,0.0848
encrypt_out,0.0893
decode_in,0.0902
encrypt_out,0.0818
decode_in,0.0833
encrypt_out,0.0897
decode_in,0.0905
encrypt_out,0.0789
decode_in,0.0815
encrypt_out,0.0853
decode_in,0.0860
encrypt_out,0.0799
decode_in,0.0808
encrypt_out,0.0850
decode_in,0.0859
encrypt_out,0.0831
decode_in,0.0841
encrypt_out,0.0875
decode_in,0.0887
encrypt_out,0.0830
decode_in,0.0840
encrypt_out,0.0871
decode_in,0.0880
encrypt_out,0.0792
decode_in,0.0801
encrypt_out,0.0857
decode_in,0.0870
encrypt_out,0.0817
decode_in,0.0825
encrypt_out,0.0849
decode_in,0.0861
encrypt_out,0.0810
decode_in,0.0820
encrypt_out,0.0869
decode_in,0.0889
encrypt_out,0.0843
decode_in,0.0852
encrypt_out,0.0914
decode_in,0.0927
encrypt_out,0.0816
decode_in,0.0824
encrypt_out,0.0878
decode_in,0.0891
encrypt_out,0.0961
decode_in,0.0970
encrypt_out,0.0835
decode_in,0.0852
encrypt_out,0.0883
decode_in,0.0891
encrypt_out,0.0865
decode_in,0.0879
encrypt_out,0.0910
decode_in,0.0918
encrypt_out,0.0983
decode_in,0.0996
encrypt_out,0.1012
decode_in,0.1020
encrypt_out,0.0846
decode_in,0.0859
encrypt_out,0.0968
decode_in,0.0976
encrypt_out,0.0846
decode_in,0.0860
encrypt_out,0.0889
decode_in,0.0897
encrypt_out,0.0882
decode_in,0.0896
encrypt_out,0.0906
decode_in,0.0915
encrypt_out,0.0839
decode_in,0.0854
encrypt_out,0.0863
decode_in,0.0872
encrypt_out,0.0835
decode_in,0.0851
encrypt_out,0.0898
decode_in,0.0906
encrypt_out,0.0818
decode_in,0.0834
encrypt_out,0.0880
decode_in,0.0890
encrypt_out,0.0818
decode_in,0.0831
encrypt_out,0.0854
decode_in,0.0864
encrypt_out,0.0843
decode_in,0.0855
encrypt_out,0.1178
decode_in,0.1192
encrypt_out,0.1102
decode_in,0.1114
encrypt_out,0.0876
decode_in,0.0886
encrypt_out,0.0850
decode_in,0.0859
encrypt_out,0.1039
decode_in,0.1049
encrypt_out,0.1034
decode_in,0.1044
encrypt_out,0.0844
decode_in,0.0855
encrypt_out,0.0814
decode_in,0.0823
encrypt_out,0.0994
decode_in,0.1007
encrypt_out,0.0850
decode_in,0.0859
encrypt_out,0.0915
decode_in,0.0932
encrypt_out,0.0866
decode_in,0.0874
encrypt_out,0.0845
decode_in,0.0865
encrypt_out,0.0902
decode_in,0.0910
encrypt_out,0.0987
decode_in,0.1002
encrypt_out,0.0901
decode_in,0.0909
encrypt_out,0.0875
decode_in,0.0883
encrypt_out,0.0981
decode_in,0.0989
encrypt_out,0.0880
encrypt_out,0.0927
decode_in,0.0891
decode_in,0.0945
encrypt_out,0.0968
decode_in,0.0982
encrypt_out,0.0975
decode_in,0.0991
encrypt_out,0.0947
encrypt_out,0.0925
decode_in,0.0962
decode_in,0.0941
encrypt_out,0.0862
decode_in,0.0874
encrypt_out,0.0896
decode_in,0.0904
encrypt_out,0.0897
decode_in,0.0908
encrypt_out,0.0940
decode_in,0.0948
encrypt_out,0.0868
decode_in,0.0886
encrypt_out,0.0887
decode_in,0.0894
encrypt_out,0.0847
decode_in,0.0863
encrypt_out,0.0902
decode_in,0.0909
encrypt_out,0.0903
decode_in,0.0916
encrypt_out,0.0910
decode_in,0.0918
encrypt_out,0.0896
decode_in,0.0913
encrypt_out,0.0907
decode_in,0.0916
encrypt_out,0.0892
decode_in,0.0910
encrypt_out,0.0877
decode_in,0.0885
encrypt_out,0.0871
decode_in,0.0885
encrypt_out,0.0851
decode_in,0.0860
encrypt_out,0.0863
encrypt_out,0.0896
decode_in,0.0877
decode_in,0.0915
encrypt_out,0.0855
decode_in,0.0870
encrypt_out,0.0904
decode_in,0.0914
encode_out,0.2541
encode_out,0.2525
encrypt_out,0.1732
decode_in,0.1744
encrypt_out,0.1888
decode_in,0.1893
encode_out,0.2370
encode_out,0.2461
decrypt_in,0.0996
decrypt_in,0.0919
encrypt_out,0.1595
decode_in,0.1612
encrypt_out,0.1660
decode_in,0.1665
encode_out,0.2343
encode_out,0.2565
encode_out,0.2399
encode_out,0.2528
encode_out,0.2439
encode_out,0.2493
decompress_in,0.6892
decompress_in,0.6880
decrypt_in,0.0788
decrypt_in,0.0783
encode_out,0.2450
encode_out,0.2579
encrypt_out,0.1624
decode_in,0.1637
encrypt_out,0.1589
decode_in,0.1596
encode_out,0.2492
encode_out,0.2448
encrypt_out,0.1521
decode_in,0.1536
encrypt_out,0.1542
decode_in,0.1552
encrypt_out,0.1447
decode_in,0.1462
encrypt_out,0.1520
decode_in,0.1529
encode_out,0.2552
encode_out,0.2518
verify_in,0.2796
verify_in,0.2787
encode_out,0.2529
encode_out,0.2646
encode_out,0.2429
encode_out,0.2607
encode_out,0.2640
encode_out,0.2459
decompress_in,0.6315
decompress_in,0.7030
encode_out,0.2467
encode_out,0.2428
encrypt_out,0.1827
decode_in,0.1838
encrypt_out,0.2002
decode_in,0.2013
decrypt_in,0.0881
decrypt_in,0.0902
encode_out,0.2472
encode_out,0.2555
encrypt_out,0.1770
decode_in,0.1779
encrypt_out,0.1540
decode_in,0.1550
decrypt_in,0.0840
decrypt_in,0.0838
decrypt_in,0.0837
encode_out,0.2370
encode_out,0.2607
decrypt_in,0.0877
encrypt_out,0.1509
decode_in,0.1521
encrypt_out,0.1548
decode_in,0.1555
encode_out,0.2482
encode_out,0.2613
encode_out,0.2592
encode_out,0.2401
encode_out,0.2575
encode_out,0.2428
encode_out,0.2484
encode_out,0.2484
encode_out,0.2451
encode_out,0.2442
encode_out,0.2430
encode_out,0.2577
encode_out,0.2389
encode_out,0.2610
encode_out,0.2752
encode_out,0.2426
encode_out,0.2514
encode_out,0.2529
encode_out,0.2531
encode_out,0.2545
encode_out,0.2550
encode_out,0.2551
encode_out,0.2546
encode_out,0.2549
encode_out,0.2486
encode_out,0.2487
encode_out,0.2498
encode_out,0.2530
encode_out,0.2545
encode_out,0.2714
encode_out,0.2426
encode_out,0.2510
encode_out,0.2454
encode_out,0.2505
encode_out,0.2393
encode_out,0.2533
encode_out,0.2412
encode_out,0.2489
encode_out,0.2406
encode_out,0.2488
encode_out,0.2576
encode_out,0.2348
encode_out,0.2457
encode_out,0.2491
encode_out,0.2465
encode_out,0.2397
encode_out,0.2522
encode_out,0.2618
encode_out,0.2510
encode_out,0.2543
encode_out,0.2516
fog_preprocessing,6.4726
encode_out,0.2464
fog_preprocessing,6.5653
encrypt_out,0.1611
decode_in,0.1620
encrypt_out,0.1651
decode_in,0.1656
encode_out,0.2494
encode_out,0.2503
encrypt_out,0.1713
decode_in,0.1726
encrypt_out,0.1677
decode_in,0.1683
encode_out,0.2330
encode_out,0.2332
encrypt_out,0.1639
decode_in,0.1646
encrypt_out,0.1614
decode_in,0.1621
encode_out,0.2558
encode_out,0.2386
verify_in,0.2771
verify_in,0.2740
encrypt_out,0.1537
decode_in,0.1552
encrypt_out,0.1747
decode_in,0.1752
encode_out,0.2532
encode_out,0.2571
decrypt_in,0.0815
decrypt_in,0.0876
encode_out,0.2377
encode_out,0.2481
encode_out,0.2437
encode_out,0.2492
decompress_in,0.6439
encode_out,0.2416
decompress_in,0.6472
encode_out,0.2670
encrypt_out,0.1711
decode_in,0.1717
decrypt_in,0.0815
encrypt_out,0.1698
decode_in,0.1714
decrypt_in,0.0858
encode_out,0.2421
encode_out,0.2463
encode_out,0.2488
encode_out,0.2372
encode_out,0.2364
encode_out,0.2550
decompress_in,0.6720
decompress_in,0.7020
encrypt_out,0.1539
decode_in,0.1551
encrypt_out,0.1794
decode_in,0.1808
decompress_in,0.6928
decrypt_in,0.0898
decrypt_in,0.0895
decompress_in,0.6232
encrypt_out,0.1588
decode_in,0.1602
encrypt_out,0.1795
decode_in,0.1807
encrypt_out,0.2028
decode_in,0.2036
encrypt_out,0.1618
decode_in,0.1628
encrypt_out,0.1696
decode_in,0.1705
encrypt_out,0.1598
decode_in,0.1613
encrypt_out,0.1846
decode_in,0.1858
encrypt_out,0.1685
decode_in,0.1693
encrypt_out,0.1744
decode_in,0.1755
encrypt_out,0.1587
decode_in,0.1600
encrypt_out,0.1705
decode_in,0.1714
encrypt_out,0.1731
decode_in,0.1739
encrypt_out,0.1701
decode_in,0.1713
encrypt_out,0.1593
decode_in,0.1603
encrypt_out,0.1703
decode_in,0.1716
encrypt_out,0.1596
decode_in,0.1605
encrypt_out,0.1694
decode_in,0.1705
encrypt_out,0.1661
decode_in,0.1670
encrypt_out,0.1725
decode_in,0.1739
encrypt_out,0.1790
decode_in,0.1801
encrypt_out,0.1727
decode_in,0.1737
encrypt_out,0.1641
decode_in,0.1650
encrypt_out,0.1768
decode_in,0.1779
encrypt_out,0.1701
decode_in,0.1709
encrypt_out,0.1667
decode_in,0.1680
encrypt_out,0.1715
decode_in,0.1723
encrypt_out,0.1749
decode_in,0.1765
encrypt_out,0.1711
decode_in,0.1718
encrypt_out,0.1673
decode_in,0.1688
encrypt_out,0.1728
decode_in,0.1737
encrypt_out,0.1599
decode_in,0.1612
encrypt_out,0.1747
decode_in,0.1756
encrypt_out,0.1607
decode_in,0.1622
encrypt_out,0.1651
decode_in,0.1661
encrypt_out,0.1586
decode_in,0.1597
encrypt_out,0.1640
decode_in,0.1650
encrypt_out,0.1700
decode_in,0.1710
encrypt_out,0.1716
decode_in,0.1726
encrypt_out,0.1689
decode_in,0.1701
encrypt_out,0.1653
decode_in,0.1663
encrypt_out,0.1646
decode_in,0.1659
encrypt_out,0.1738
decode_in,0.1750
encrypt_out,0.1738
decode_in,0.1749
encrypt_out,0.1601
decode_in,0.1611
encrypt_out,0.1639
decode_in,0.1653
encrypt_out,0.1719
decode_in,0.1731
encrypt_out,0.1666
decode_in,0.1680
encrypt_out,0.1674
decode_in,0.1689
encrypt_out,0.1571
decode_in,0.1581
encrypt_out,0.1622
decode_in,0.1633
integrity_out,0.0103
encrypt_out,0.1969
decode_in,0.1981
integrity_out,0.0101
encrypt_out,0.1762
decode_in,0.1771
decrypt_in,0.0865
decrypt_in,0.0853
encrypt_out,0.1859
decode_in,0.1874
encrypt_out,0.1643
decode_in,0.1651
decrypt_in,0.0828
decrypt_in,0.0831
encrypt_out,0.1627
decode_in,0.1640
encrypt_out,0.1724
decode_in,0.1738
decrypt_in,0.0831
decrypt_in,0.0838
encrypt_out,0.1870
decode_in,0.1886
encrypt_out,0.1969
decode_in,0.1976
fog_preprocessing,5.8593
fog_preprocessing,5.8624
decrypt_in,0.0847
decrypt_in,0.1095
encrypt_out,0.1551
decode_in,0.1565
encrypt_out,0.1631
decode_in,0.1639
decompress_in,0.6236
decompress_in,0.6574
encrypt_out,0.1565
decode_in,0.1579
encrypt_out,0.1548
decode_in,0.1558
encrypt_out,0.1617
decode_in,0.1628
encrypt_out,0.1657
decode_in,0.1671
encrypt_out,0.1557
decode_in,0.1571
verify_in,0.2870
encrypt_out,0.1603
decode_in,0.1617
verify_in,0.2755
decrypt_in,0.0780
decrypt_in,0.0845
decompress_in,0.6543
decompress_in,0.6647
encrypt_out,0.1655
decode_in,0.1665
encrypt_out,0.1647
decode_in,0.1659
encrypt_out,0.1632
decode_in,0.1642
encrypt_out,0.1516
decode_in,0.1530
encrypt_out,0.1688
decode_in,0.1697
encrypt_out,0.1574
decode_in,0.1588
verify_in,0.2819
decrypt_in,0.0903
verify_in,0.2883
decrypt_in,0.0824
verify_in,0.3017
decompress_in,0.6029
decompress_in,0.6591
verify_in,0.3103
decrypt_in,0.0818
decrypt_in,0.0807
decrypt_in,0.0842
decrypt_in,0.0837
decrypt_in,0.0836
decrypt_in,0.0832
decrypt_in,0.0865
decrypt_in,0.0824
decrypt_in,0.0842
decrypt_in,0.0838
decrypt_in,0.0834
decrypt_in,0.0821
decrypt_in,0.0846
decrypt_in,0.0842
decrypt_in,0.0825
decrypt_in,0.0827
decrypt_in,0.0836
decrypt_in,0.0828
decrypt_in,0.0830
decrypt_in,0.0836
decrypt_in,0.0835
decrypt_in,0.0835
decrypt_in,0.0824
decrypt_in,0.0833
decrypt_in,0.0830
decrypt_in,0.0874
decrypt_in,0.0828
decrypt_in,0.0821
decrypt_in,0.0820
decrypt_in,0.0883
decrypt_in,0.0830
decrypt_in,0.0862
decrypt_in,0.0866
decrypt_in,0.0900
decrypt_in,0.0830
decrypt_in,0.0825
decrypt_in,0.0917
decrypt_in,0.0934
decrypt_in,0.0902
decrypt_in,0.0919
decrypt_in,0.0887
decrypt_in,0.0887
decrypt_in,0.0833
decrypt_in,0.0850
decrypt_in,0.0837
decrypt_in,0.0842
decrypt_in,0.0831
decrypt_in,0.0869
decrypt_in,0.0838
decrypt_in,0.0827
compress_out,0.0203
decrypt_in,0.0210
compress_out,0.0151
decrypt_in,0.0159
decrypt_in,0.0824
decrypt_in,0.0823
decompress_in,0.6202
decompress_in,0.6346
decrypt_in,0.0841
decrypt_in,0.0853
decompress_in,0.6593
decompress_in,0.6008
decrypt_in,0.0855
decrypt_in,0.0855
decompress_in,0.6038
decompress_in,0.6443
decrypt_in,0.0826
integrity_out,0.0094
integrity_out,0.0093
decrypt_in,0.0865
decompress_in,0.5999
decompress_in,0.6622
decrypt_in,0.0856
decrypt_in,0.0782
verify_in,0.2778
verify_in,0.2794
decrypt_in,0.0785
decrypt_in,0.0835
decrypt_in,0.0847
decrypt_in,0.0845
decrypt_in,0.0838
decrypt_in,0.0854
fog_preprocessing,5.8866
fog_preprocessing,5.8656
decompress_in,0.6697
decompress_in,0.6608
verify_in,0.2833
verify_in,0.2881
decrypt_in,0.0786
decrypt_in,0.0855
decrypt_in,0.0821
decrypt_in,0.0841
decrypt_in,0.0817
decrypt_in,0.0843
decompress_in,0.6452
fog_preprocessing,5.9727
decompress_in,0.6193
fog_preprocessing,5.9495
verify_in,0.2823
verify_in,0.2739
fog_preprocessing,5.9242
decompress_in,0.6076
fog_preprocessing,5.9203
decompress_in,0.7017
decompress_in,0.6930
decompress_in,0.6569
decompress_in,0.6681
decompress_in,0.7096
decompress_in,0.7262
decompress_in,0.6091
decompress_in,0.7136
decompress_in,0.6347
decompress_in,0.5894
decompress_in,0.7363
decompress_in,0.6581
decompress_in,0.6250
decompress_in,0.6659
decompress_in,0.6359
decompress_in,0.6271
decompress_in,0.5874
decompress_in,0.6294
decompress_in,0.6518
decompress_in,0.7008
decompress_in,0.7624
decompress_in,0.8899
decompress_in,0.5765
decompress_in,0.7009
decompress_in,0.6089
decompress_in,0.6280
decompress_in,0.6555
decompress_in,0.6552
decompress_in,0.6231
decompress_in,0.5874
decompress_in,0.5968
decompress_in,0.6729
decompress_in,0.6425
decompress_in,0.6405
decompress_in,0.6033
decompress_in,0.7727
decompress_in,0.6996
decompress_in,0.6156
decompress_in,0.6103
decompress_in,0.6907
decompress_in,0.6600
decompress_in,0.6234
decompress_in,0.6847
decompress_in,0.6235
decompress_in,0.6507
decompress_in,0.5953
decompress_in,0.5927
decompress_in,0.6067
encrypt_out,0.0105
decode_in,0.0111
encrypt_out,0.0082
decode_in,0.0087
decompress_in,0.5927
decompress_in,0.6205
verify_in,0.3175
decompress_in,0.6407
verify_in,0.3191
decompress_in,0.7471
decompress_in,0.6152
verify_in,0.2974
verify_in,0.2840
decompress_in,0.5962
decompress_in,0.6483
verify_in,0.3006
verify_in,0.3185
compress_out,0.0165
decrypt_in,0.0171
compress_out,0.0140
decrypt_in,0.0145
decompress_in,0.6152
decompress_in,0.6550
verify_in,0.3106
verify_in,0.3040
decompress_in,0.6346
decompress_in,0.5992
fog_preprocessing,5.8899
fog_preprocessing,5.8880
decompress_in,0.6301
decompress_in,0.6393
decompress_in,0.6519
decompress_in,0.6268
decompress_in,0.5766
integrity_out,0.0093
integrity_out,0.0086
decompress_in,0.6610
verify_in,0.3175
verify_in,0.2899
fog_preprocessing,5.8821
fog_preprocessing,5.9598
decompress_in,0.6392
decompress_in,0.6133
decompress_in,0.5966
decompress_in,0.6009
decompress_in,0.6463
decompress_in,0.6183
integrity_out,0.0104
verify_in,0.3164
integrity_out,0.0082
verify_in,0.3010
fog_preprocessing,5.9487
integrity_out,0.0102
fog_preprocessing,5.9243
integrity_out,0.0086
verify_in,0.2721
verify_in,0.2688
verify_in,0.2700
verify_in,0.2733
verify_in,0.2708
verify_in,0.2719
verify_in,0.2689
verify_in,0.2747
verify_in,0.2753
verify_in,0.2740
verify_in,0.2740
verify_in,0.2810
verify_in,0.2813
verify_in,0.2773
verify_in,0.2802
verify_in,0.3185
verify_in,0.3166
verify_in,0.2838
verify_in,0.2816
verify_in,0.2739
verify_in,0.2735
verify_in,0.2768
verify_in,0.2754
verify_in,0.2715
verify_in,0.2722
verify_in,0.2704
verify_in,0.2696
verify_in,0.2759
verify_in,0.2763
verify_in,0.2740
verify_in,0.2763
verify_in,0.2701
verify_in,0.2705
verify_in,0.2723
verify_in,0.2707
verify_in,0.2855
verify_in,0.2860
verify_in,0.2791
verify_in,0.2787
verify_in,0.2690
verify_in,0.2692
verify_in,0.2707
verify_in,0.2886
verify_in,0.2859
verify_in,0.2732
verify_in,0.2726
verify_in,0.2734
verify_in,0.2799
verify_in,0.2821
encode_out,0.0240
encode_out,0.0367
encrypt_out,0.0413
decode_in,0.0421
encrypt_out,0.0476
decode_in,0.0483
decrypt_in,0.0264
decrypt_in,0.0228
decompress_in,0.0316
decompress_in,0.0272
verify_in,0.0096
verify_in,0.0083
verify_in,0.2842
verify_in,0.2818
verify_in,0.2792
fog_preprocessing,5.8901
verify_in,0.2722
fog_preprocessing,5.9067
verify_in,0.2823
cloud_inference,10.1073
cloud_inference,10.2299
fog_preprocessing,5.8994
fog_preprocessing,5.8593
verify_in,0.2727
verify_in,0.3154
fog_preprocessing,5.8974
encrypt_out,0.0122
decode_in,0.0128
encrypt_out,0.0087
decode_in,0.0093
fog_preprocessing,5.8789
verify_in,0.2719
verify_in,0.2825
fog_preprocessing,5.8649
fog_preprocessing,5.8293
verify_in,0.2774
integrity_out,0.0089
integrity_out,0.0083
verify_in,0.2768
verify_in,0.2748
verify_in,0.2758
verify_in,0.2720
verify_in,0.2830
compress_out,0.0159
decrypt_in,0.0164
compress_out,0.0144
decrypt_in,0.0151
verify_in,0.2732
verify_in,0.2719
fog_preprocessing,5.8756
integrity_out,0.0097
integrity_out,0.0087
fog_preprocessing,5.8387
verify_in,0.2756
verify_in,0.2715
verify_in,0.2674
verify_in,0.2709
verify_in,0.2839
compress_out,0.0186
decrypt_in,0.0193
verify_in,0.3017
compress_out,0.0205
decrypt_in,0.0213
fog_preprocessing,5.9031
integrity_out,0.0093
compress_out,0.0158
decrypt_in,0.0164
integrity_out,0.0083
compress_out,0.0176
decrypt_in,0.0182
fog_preprocessing,5.8439
fog_preprocessing,5.8447
fog_preprocessing,5.9888
fog_preprocessing,5.8614
fog_preprocessing,6.0490
fog_preprocessing,5.8208
fog_preprocessing,5.9384
fog_preprocessing,5.8473
fog_preprocessing,5.8915
fog_preprocessing,5.8282
fog_preprocessing,5.8879
fog_preprocessing,5.8696
fog_preprocessing,5.8612
fog_preprocessing,5.8607
fog_preprocessing,5.8732
fog_preprocessing,5.8315
fog_preprocessing,5.8311
fog_preprocessing,5.8250
fog_preprocessing,5.8539
fog_preprocessing,5.8124
fog_preprocessing,5.8471
fog_preprocessing,5.8444
fog_preprocessing,5.9781
fog_preprocessing,5.8410
fog_preprocessing,5.9705
fog_preprocessing,5.8318
fog_preprocessing,6.0173
fog_preprocessing,5.8567
fog_preprocessing,5.9337
fog_preprocessing,5.8243
fog_preprocessing,5.8792
fog_preprocessing,5.8543
fog_preprocessing,5.8698
fog_preprocessing,5.8468
fog_preprocessing,5.8896
fog_preprocessing,5.8508
fog_preprocessing,5.8328
fog_preprocessing,5.8384
fog_preprocessing,5.8555
fog_preprocessing,5.8099
fog_preprocessing,5.8244
fog_preprocessing,5.8121
fog_preprocessing,5.8312
fog_preprocessing,5.8444
fog_preprocessing,5.8693
fog_preprocessing,5.8226
fog_preprocessing,5.8247
fog_preprocessing,5.8419
fog_preprocessing,5.8638
fog_preprocessing,5.8518
fog_preprocessing,5.8369
fog_preprocessing,5.8332
integrity_out,0.0092
fog_preprocessing,5.8305
integrity_out,0.0093
fog_preprocessing,5.8314
integrity_out,0.0094
integrity_out,0.0091
fog_preprocessing,5.8268
fog_preprocessing,5.8525
integrity_out,0.0094
encode_out,0.0289
encode_out,0.0260
encrypt_out,0.0331
integrity_out,0.0106
decode_in,0.0340
decrypt_in,0.0124
encrypt_out,0.0287
decode_in,0.0292
decrypt_in,0.0107
decompress_in,0.0187
verify_in,0.0085
decompress_in,0.0217
verify_in,0.0080
fog_preprocessing,5.8963
fog_preprocessing,5.8518
integrity_out,0.0093
integrity_out,0.0086
cloud_inference,6.1384
cloud_inference,6.2467
fog_preprocessing,5.8533
compress_out,0.0164
decrypt_in,0.0171
compress_out,0.0146
decrypt_in,0.0152
fog_preprocessing,5.8535
fog_preprocessing,5.8465
fog_preprocessing,5.8742
fog_preprocessing,5.8535
fog_preprocessing,5.8485
encrypt_out,0.0110
decode_in,0.0116
encrypt_out,0.0086
decode_in,0.0091
fog_preprocessing,5.8578
fog_preprocessing,5.8724
integrity_out,0.0095
compress_out,0.0160
decrypt_in,0.0166
compress_out,0.0133
decrypt_in,0.0139
integrity_out,0.0081
fog_preprocessing,5.8614
fog_preprocessing,5.8430
fog_preprocessing,6.1538
fog_preprocessing,5.8745
fog_preprocessing,5.9671
encrypt_out,0.0107
decode_in,0.0113
fog_preprocessing,5.8926
encrypt_out,0.0103
decode_in,0.0109
integrity_out,0.0108
compress_out,0.0150
decrypt_in,0.0157
encrypt_out,0.0084
decode_in,0.0090
compress_out,0.0141
decrypt_in,0.0147
encrypt_out,0.0082
decode_in,0.0088
integrity_out,0.0090
integrity_out,0.0129
integrity_out,0.0128
integrity_out,0.0119
integrity_out,0.0086
integrity_out,0.0080
integrity_out,0.0085
integrity_out,0.0081
integrity_out,0.0080
integrity_out,0.0081
integrity_out,0.0081
integrity_out,0.0081
integrity_out,0.0083
integrity_out,0.0083
integrity_out,0.0080
integrity_out,0.0087
integrity_out,0.0082
integrity_out,0.0083
integrity_out,0.0081
integrity_out,0.0084
integrity_out,0.0079
integrity_out,0.0086
integrity_out,0.0084
integrity_out,0.0082
integrity_out,0.0081
integrity_out,0.0082
integrity_out,0.0084
integrity_out,0.0081
integrity_out,0.0080
integrity_out,0.0080
integrity_out,0.0080
integrity_out,0.0080
integrity_out,0.0080
integrity_out,0.0082
integrity_out,0.0081
integrity_out,0.0080
integrity_out,0.0079
integrity_out,0.0081
integrity_out,0.0080
integrity_out,0.0083
integrity_out,0.0084
integrity_out,0.0088
integrity_out,0.0082
integrity_out,0.0079
integrity_out,0.0081
integrity_out,0.0087
integrity_out,0.0079
integrity_out,0.0079
integrity_out,0.0082
integrity_out,0.0080
integrity_out,0.0083
integrity_out,0.0083
compress_out,0.0138
decrypt_in,0.0144
integrity_out,0.0084
compress_out,0.0136
decrypt_in,0.0142
integrity_out,0.0084
compress_out,0.0139
decrypt_in,0.0145
compress_out,0.0140
decrypt_in,0.0145
integrity_out,0.0079
integrity_out,0.0085
compress_out,0.0136
decrypt_in,0.0142
compress_out,0.0136
decrypt_in,0.0142
integrity_out,0.0083
integrity_out,0.0085
compress_out,0.0133
decrypt_in,0.0138
compress_out,0.0283
decrypt_in,0.0289
integrity_out,0.0081
encrypt_out,0.0078
decode_in,0.0084
encrypt_out,0.0080
decode_in,0.0086
integrity_out,0.0079
integrity_out,0.0082
integrity_out,0.0084
integrity_out,0.0081
integrity_out,0.0081
encode_out,0.0216
encode_out,0.0208
integrity_out,0.0089
encrypt_out,0.0369
decode_in,0.0379
integrity_out,0.0096
encrypt_out,0.0305
decode_in,0.0312
compress_out,0.0135
decrypt_in,0.0141
decrypt_in,0.0112
encrypt_out,0.0085
decode_in,0.0092
decrypt_in,0.0107
encrypt_out,0.0092
decode_in,0.0098
decompress_in,0.0201
compress_out,0.0139
decrypt_in,0.0145
decompress_in,0.0196
verify_in,0.0085
integrity_out,0.0087
verify_in,0.0072
integrity_out,0.0084
integrity_out,0.0080
integrity_out,0.0081
integrity_out,0.0320
encode_out,0.0222
integrity_out,0.0095
encode_out,0.0210
compress_out,0.0134
decrypt_in,0.0141
encrypt_out,0.0083
decode_in,0.0089
encode_out,0.0218
encrypt_out,0.0084
decode_in,0.0091
encode_out,0.0443
compress_out,0.0140
decrypt_in,0.0146
compress_out,0.0138
decrypt_in,0.0143
compress_out,0.0135
decrypt_in,0.0141
compress_out,0.0133
decrypt_in,0.0144
compress_out,0.0165
decrypt_in,0.0171
compress_out,0.0139
decrypt_in,0.0145
compress_out,0.0143
decrypt_in,0.0149
compress_out,0.0151
decrypt_in,0.0158
compress_out,0.0137
decrypt_in,0.0143
compress_out,0.0130
decrypt_in,0.0135
compress_out,0.0135
decrypt_in,0.0142
compress_out,0.0136
decrypt_in,0.0142
compress_out,0.0136
decrypt_in,0.0142
compress_out,0.0138
decrypt_in,0.0147
compress_out,0.0146
decrypt_in,0.0153
compress_out,0.0139
decrypt_in,0.0146
compress_out,0.0146
decrypt_in,0.0152
compress_out,0.0142
decrypt_in,0.0148
compress_out,0.0134
decrypt_in,0.0140
compress_out,0.0140
decrypt_in,0.0146
fog_preprocessing,6.0915
compress_out,0.0150
decrypt_in,0.0155
compress_out,0.0150
decrypt_in,0.0156
compress_out,0.0158
decrypt_in,0.0165
compress_out,0.0133
decrypt_in,0.0138
compress_out,0.0135
decrypt_in,0.0142
compress_out,0.0135
decrypt_in,0.0140
compress_out,0.0141
decrypt_in,0.0149
compress_out,0.0138
decrypt_in,0.0144
compress_out,0.0146
decrypt_in,0.0152
compress_out,0.0137
decrypt_in,0.0142
compress_out,0.0135
decrypt_in,0.0140
compress_out,0.0135
decrypt_in,0.0140
compress_out,0.0132
decrypt_in,0.0140
compress_out,0.0133
decrypt_in,0.0138
compress_out,0.0133
decrypt_in,0.0138
compress_out,0.0132
decrypt_in,0.0138
compress_out,0.0132
decrypt_in,0.0139
compress_out,0.0138
decrypt_in,0.0144
compress_out,0.0139
decrypt_in,0.0147
compress_out,0.0133
decrypt_in,0.0138
compress_out,0.0135
decrypt_in,0.0140
compress_out,0.0135
decrypt_in,0.0140
compress_out,0.0133
decrypt_in,0.0140
compress_out,0.0138
compress_out,0.0135
decrypt_in,0.0143
decrypt_in,0.0141
compress_out,0.0133
decrypt_in,0.0137
compress_out,0.0236
decrypt_in,0.0241
compress_out,0.0139
decrypt_in,0.0143
compress_out,0.0135
decrypt_in,0.0141
compress_out,0.0135
decrypt_in,0.0142
compress_out,0.0133
decrypt_in,0.0139
compress_out,0.0130
decrypt_in,0.0135
encrypt_out,0.0103
decode_in,0.0108
compress_out,0.0134
decrypt_in,0.0139
encrypt_out,0.0091
decode_in,0.0097
compress_out,0.0132
decrypt_in,0.0145
encrypt_out,0.0087
decode_in,0.0091
encrypt_out,0.0302
decode_in,0.0308
compress_out,0.0137
decrypt_in,0.0141
compress_out,0.0137
decrypt_in,0.0150
encrypt_out,0.0083
decode_in,0.0088
encrypt_out,0.0085
decode_in,0.0092
compress_out,0.0141
decrypt_in,0.0146
compress_out,0.0134
decrypt_in,0.0141
encrypt_out,0.0086
decode_in,0.0094
encrypt_out,0.0088
decode_in,0.0095
compress_out,0.0131
decrypt_in,0.0137
encode_out,0.0204
encode_out,0.0194
compress_out,0.0131
decrypt_in,0.0137
compress_out,0.0130
decrypt_in,0.0136
compress_out,0.0133
decrypt_in,0.0139
compress_out,0.0128
decrypt_in,0.0134
compress_out,0.0134
decrypt_in,0.0140
compress_out,0.0130
decrypt_in,0.0136
encrypt_out,0.0087
decode_in,0.0091
compress_out,0.0135
decrypt_in,0.0141
encode_out,0.0200
encode_out,0.0324
encrypt_out,0.0083
decode_in,0.0089
compress_out,0.0131
decrypt_in,0.0135
compress_out,0.0130
decrypt_in,0.0136
compress_out,0.0133
decrypt_in,0.0137
compress_out,0.0227
decrypt_in,0.0233
compress_out,0.0131
decrypt_in,0.0136
encrypt_out,0.0086
decode_in,0.0092
compress_out,0.0135
decrypt_in,0.0141
encode_out,0.0197
encode_out,0.0200
encrypt_out,0.0084
decode_in,0.0089
encrypt_out,0.0084
decode_in,0.0090
encrypt_out,0.0085
decode_in,0.0089
encrypt_out,0.0084
decode_in,0.0090
encrypt_out,0.0087
decode_in,0.0091
encrypt_out,0.0084
decode_in,0.0090
encrypt_out,0.0086
decode_in,0.0093
encrypt_out,0.0086
decode_in,0.0091
encrypt_out,0.0088
decode_in,0.0093
encrypt_out,0.0084
decode_in,0.0090
encrypt_out,0.0085
decode_in,0.0090
encrypt_out,0.0085
decode_in,0.0090
encrypt_out,0.0126
decode_in,0.0131
encrypt_out,0.0111
decode_in,0.0117
encrypt_out,0.0082
decode_in,0.0087
encrypt_out,0.0083
decode_in,0.0089
encrypt_out,0.0084
decode_in,0.0088
encrypt_out,0.0084
decode_in,0.0089
encrypt_out,0.0084
decode_in,0.0089
encrypt_out,0.0083
decode_in,0.0088
integrity_out,0.0091
encrypt_out,0.0084
decode_in,0.0090
encrypt_out,0.0083
decode_in,0.0089
encrypt_out,0.0084
decode_in,0.0089
encrypt_out,0.0083
decode_in,0.0088
encrypt_out,0.0220
decode_in,0.0224
encrypt_out,0.0083
decode_in,0.0089
encrypt_out,0.0086
decode_in,0.0091
encrypt_out,0.0085
decode_in,0.0091
encrypt_out,0.0094
encrypt_out,0.0086
decode_in,0.0098
decode_in,0.0094
encrypt_out,0.0086
decode_in,0.0090
encrypt_out,0.0085
decode_in,0.0093
encrypt_out,0.0086
decode_in,0.0091
encrypt_out,0.0086
decode_in,0.0092
encrypt_out,0.0086
decode_in,0.0090
encrypt_out,0.0086
decode_in,0.0092
encrypt_out,0.0084
decode_in,0.0088
encrypt_out,0.0086
decode_in,0.0090
encrypt_out,0.0085
decode_in,0.0090
encrypt_out,0.0085
decode_in,0.0090
encrypt_out,0.0086
decode_in,0.0090
encrypt_out,0.0085
decode_in,0.0089
encrypt_out,0.0088
decode_in,0.0092
encrypt_out,0.0087
decode_in,0.0093
encrypt_out,0.0082
decode_in,0.0087
encrypt_out,0.0084
decode_in,0.0095
encrypt_out,0.0103
decode_in,0.0108
encrypt_out,0.0087
encrypt_out,0.0190
decode_in,0.0092
decode_in,0.0195
encrypt_out,0.0098
decode_in,0.0103
encrypt_out,0.0109
decode_in,0.0115
encrypt_out,0.0094
decode_in,0.0102
encrypt_out,0.0083
encode_out,0.0207
decode_in,0.0087
encrypt_out,0.0084
decode_in,0.0090
encode_out,0.0190
encode_out,0.0187
encode_out,0.0182
encrypt_out,0.0083
decode_in,0.0088
encrypt_out,0.0085
decode_in,0.0090
encode_out,0.0194
encode_out,0.0193
encrypt_out,0.0088
decode_in,0.0096
encrypt_out,0.0085
decode_in,0.0090
encode_out,0.0200
encrypt_out,0.0087
decode_in,0.0092
encode_out,0.0282
encrypt_out,0.0083
decode_in,0.0089
encrypt_out,0.0088
decode_in,0.0094
encrypt_out,0.0083
decode_in,0.0089
encrypt_out,0.0087
decode_in,0.0093
encrypt_out,0.0086
decode_in,0.0091
encrypt_out,0.0087
decode_in,0.0092
encrypt_out,0.0087
decode_in,0.0092
encode_out,0.0205
encrypt_out,0.0086
decode_in,0.0091
encode_out,0.0196
encrypt_out,0.0084
decode_in,0.0089
encrypt_out,0.0089
decode_in,0.0095
encrypt_out,0.0085
decode_in,0.0090
encrypt_out,0.0088
decode_in,0.0094
encrypt_out,0.0086
decode_in,0.0091
encode_out,0.0201
encode_out,0.0195
encode_out,0.0191
encode_out,0.0194
encode_out,0.0193
encode_out,0.0195
encode_out,0.0189
encode_out,0.0192
encode_out,0.0189
encode_out,0.0193
encode_out,0.0190
encode_out,0.0194
encode_out,0.0189
encode_out,0.0197
encode_out,0.0193
encode_out,0.0194
encode_out,0.0238
encode_out,0.0190
encode_out,0.0369
encode_out,0.0188
encode_out,0.0196
compress_out,0.0148
decrypt_in,0.0153
encode_out,0.0197
encode_out,0.0199
encode_out,0.0191
encode_out,0.0277
encode_out,0.0189
encode_out,0.0189
encode_out,0.0189
encode_out,0.0192
encode_out,0.0345
encode_out,0.0192
encode_out,0.0194
encode_out,0.0194
encode_out,0.0193
encode_out,0.0202
encode_out,0.0202
encode_out,0.0207
encode_out,0.0190
encode_out,0.0292
encode_out,0.0195
encode_out,0.0190
encode_out,0.0187
encode_out,0.0357
encode_out,0.0198
encode_out,0.0292
encode_out,0.0189
encode_out,0.0188
encode_out,0.0188
encode_out,0.0187
encode_out,0.0206
encode_out,0.0190
encode_out,0.0203
encode_out,0.0249
encode_out,0.0340
encode_out,0.0195
encode_out,0.0191
encode_out,0.0189
encode_out,0.0384
encode_out,0.0191
encode_out,0.0204
encode_out,0.0194
encode_out,0.0186
encode_out,0.0244
encode_out,0.0189
encode_out,0.0179
encode_out,0.0181
encode_out,0.0182
encode_out,0.0182
encode_out,0.0178
encode_out,0.0186
encode_out,0.0188
encode_out,0.0197
encode_out,0.0197
encrypt_out,0.0086
decode_in,0.0091
encode_out,0.0299
cloud_inference,6.2116
encrypt_out,0.0366
decode_in,0.0378
cloud_inference,6.2759
encrypt_out,0.0285
decode_in,0.0292
encrypt_out,0.0286
decode_in,0.0293
encrypt_out,0.0330
decode_in,0.0339
encrypt_out,0.0315
decode_in,0.0322
encrypt_out,0.0264
decode_in,0.0271
encrypt_out,0.0242
decode_in,0.0248
encrypt_out,0.0256
decode_in,0.0263
encrypt_out,0.0350
decode_in,0.0357
encrypt_out,0.0249
decode_in,0.0254
encrypt_out,0.0268
decode_in,0.0273
encrypt_out,0.0248
decode_in,0.0253
encrypt_out,0.0234
decode_in,0.0239
encrypt_out,0.0242
decode_in,0.0247
encrypt_out,0.0238
decode_in,0.0244
encrypt_out,0.0274
decode_in,0.0281
encrypt_out,0.0245
decode_in,0.0250
encrypt_out,0.0233
decode_in,0.0239
encrypt_out,0.0254
decode_in,0.0259
encrypt_out,0.0241
decode_in,0.0247
encrypt_out,0.0234
decode_in,0.0239
encrypt_out,0.0234
decode_in,0.0240
encrypt_out,0.0238
decode_in,0.0243
encrypt_out,0.0248
decode_in,0.0254
encrypt_out,0.0229
decode_in,0.0234
encrypt_out,0.0231
decode_in,0.0237
encrypt_out,0.0237
decode_in,0.0242
encrypt_out,0.0247
decode_in,0.0254
encrypt_out,0.0245
decode_in,0.0251
encrypt_out,0.0261
decode_in,0.0268
encrypt_out,0.0226
decode_in,0.0231
encrypt_out,0.0240
decode_in,0.0247
encrypt_out,0.0237
decode_in,0.0242
encrypt_out,0.0253
decode_in,0.0260
encrypt_out,0.0255
decode_in,0.0260
encrypt_out,0.0219
decode_in,0.0225
encrypt_out,0.0243
decode_in,0.0248
encrypt_out,0.0247
decode_in,0.0253
encrypt_out,0.0238
decode_in,0.0244
encrypt_out,0.0244
decode_in,0.0251
encrypt_out,0.0229
decode_in,0.0236
encrypt_out,0.0248
decode_in,0.0254
encrypt_out,0.0232
decode_in,0.0237
encrypt_out,0.0246
decode_in,0.0253
encrypt_out,0.0225
decode_in,0.0231
encrypt_out,0.0260
decode_in,0.0267
encrypt_out,0.0253
decode_in,0.0259
encrypt_out,0.0248
decode_in,0.0256
encrypt_out,0.0253
decode_in,0.0259
encrypt_out,0.0234
decode_in,0.0242
encrypt_out,0.0283
decode_in,0.0289
encrypt_out,0.0251
decode_in,0.0260
encrypt_out,0.0247
decode_in,0.0256
encrypt_out,0.0230
decode_in,0.0236
encrypt_out,0.0258
decode_in,0.0263
encrypt_out,0.0244
decode_in,0.0250
encrypt_out,0.0247
decode_in,0.0252
encrypt_out,0.0238
decode_in,0.0244
encrypt_out,0.0240
decode_in,0.0246
encrypt_out,0.0234
decode_in,0.0239
encrypt_out,0.0236
decode_in,0.0241
encrypt_out,0.0237
decode_in,0.0242
encrypt_out,0.0227
decode_in,0.0233
encrypt_out,0.0236
decode_in,0.0241
encrypt_out,0.0237
decode_in,0.0243
encrypt_out,0.0239
decode_in,0.0244
encrypt_out,0.0264
decode_in,0.0270
encrypt_out,0.0218
decode_in,0.0224
encrypt_out,0.0233
decode_in,0.0239
encrypt_out,0.0246
decode_in,0.0252
encrypt_out,0.0231
decode_in,0.0237
encrypt_out,0.0231
decode_in,0.0237
encrypt_out,0.0280
decode_in,0.0288
encrypt_out,0.0272
decode_in,0.0278
encrypt_out,0.0250
decode_in,0.0257
encrypt_out,0.0255
decode_in,0.0261
encrypt_out,0.0255
decode_in,0.0261
encrypt_out,0.0257
decode_in,0.0263
encrypt_out,0.0237
decode_in,0.0243
encrypt_out,0.0246
decode_in,0.0252
encrypt_out,0.0238
decode_in,0.0243
encrypt_out,0.0237
decode_in,0.0243
encrypt_out,0.0244
decode_in,0.0250
encrypt_out,0.0220
decode_in,0.0225
encrypt_out,0.0239
decode_in,0.0245
encrypt_out,0.0241
decode_in,0.0246
encrypt_out,0.0223
decode_in,0.0229
encrypt_out,0.0238
decode_in,0.0243
encrypt_out,0.0217
decode_in,0.0222
encrypt_out,0.0233
decode_in,0.0239
encrypt_out,0.0231
decode_in,0.0236
encrypt_out,0.0247
decode_in,0.0252
encrypt_out,0.0226
decode_in,0.0232
decrypt_in,0.0098
encrypt_out,0.0247
decode_in,0.0254
decrypt_in,0.0088
decrypt_in,0.0100
decrypt_in,0.0086
decrypt_in,0.0088
decrypt_in,0.0096
decrypt_in,0.0092
decrypt_in,0.0086
decrypt_in,0.0092
decrypt_in,0.0087
decrypt_in,0.0091
decrypt_in,0.0088
decrypt_in,0.0095
decrypt_in,0.0090
decrypt_in,0.0087
decrypt_in,0.0090
decrypt_in,0.0088
decrypt_in,0.0089
decrypt_in,0.0088
decrypt_in,0.0089
decrypt_in,0.0089
decrypt_in,0.0094
decrypt_in,0.0087
decrypt_in,0.0088
decrypt_in,0.0088
decrypt_in,0.0088
decrypt_in,0.0090
decrypt_in,0.0088
decrypt_in,0.0089
decrypt_in,0.0090
decrypt_in,0.0089
decrypt_in,0.0087
decrypt_in,0.0089
decrypt_in,0.0089
decrypt_in,0.0088
decrypt_in,0.0087
decrypt_in,0.0089
decrypt_in,0.0088
decrypt_in,0.0089
decrypt_in,0.0087
decrypt_in,0.0088
decrypt_in,0.0087
decrypt_in,0.0088
decrypt_in,0.0088
decrypt_in,0.0089
decrypt_in,0.0088
decrypt_in,0.0089
decrypt_in,0.0088
decrypt_in,0.0088
decrypt_in,0.0089
decrypt_in,0.0090
decrypt_in,0.0088
decrypt_in,0.0088
decrypt_in,0.0092
decrypt_in,0.0088
decrypt_in,0.0088
decrypt_in,0.0089
decrypt_in,0.0089
decrypt_in,0.0088
decrypt_in,0.0090
decrypt_in,0.0089
decrypt_in,0.0089
decrypt_in,0.0088
decrypt_in,0.0088
decrypt_in,0.0089
decrypt_in,0.0089
decrypt_in,0.0087
decrypt_in,0.0088
decrypt_in,0.0091
decrypt_in,0.0092
decrypt_in,0.0088
decrypt_in,0.0117
decrypt_in,0.0089
decrypt_in,0.0101
decrypt_in,0.0091
decrypt_in,0.0270
decrypt_in,0.0093
decrypt_in,0.0096
decrypt_in,0.0088
decrypt_in,0.0104
decrypt_in,0.0088
decrypt_in,0.0092
decrypt_in,0.0090
decrypt_in,0.0092
decrypt_in,0.0094
decrypt_in,0.0090
decrypt_in,0.0091
decrypt_in,0.0090
decrypt_in,0.0090
decrypt_in,0.0093
decrypt_in,0.0095
decrypt_in,0.0093
decrypt_in,0.0093
decrypt_in,0.0089
decompress_in,0.0230
decompress_in,0.0220
decompress_in,0.0190
decompress_in,0.0193
decompress_in,0.0169
decompress_in,0.0175
decompress_in,0.0173
decompress_in,0.0168
decompress_in,0.0175
decompress_in,0.0168
decompress_in,0.0172
decompress_in,0.0179
decompress_in,0.0169
decompress_in,0.0184
decompress_in,0.0165
decompress_in,0.0167
decompress_in,0.0160
decompress_in,0.0167
decompress_in,0.0159
decompress_in,0.0165
decompress_in,0.0164
decompress_in,0.0163
decompress_in,0.0164
decompress_in,0.0163
decompress_in,0.0179
decompress_in,0.0188
decompress_in,0.0378
decompress_in,0.0169
decompress_in,0.0201
decompress_in,0.0166
decompress_in,0.0166
decompress_in,0.0165
decompress_in,0.0161
decompress_in,0.0173
decompress_in,0.0164
decompress_in,0.0178
decompress_in,0.0164
decompress_in,0.0179
decompress_in,0.0169
decompress_in,0.0173
decompress_in,0.0160
decompress_in,0.0163
decompress_in,0.0164
decompress_in,0.0158
decompress_in,0.0160
decompress_in,0.0160
decompress_in,0.0161
decompress_in,0.0159
decompress_in,0.0163
decompress_in,0.0167
decompress_in,0.0164
decompress_in,0.0162
decompress_in,0.0168
decompress_in,0.0161
decompress_in,0.0165
decompress_in,0.0159
decompress_in,0.0302
decompress_in,0.0159
decompress_in,0.0160
decompress_in,0.0165
decompress_in,0.0164
decompress_in,0.0162
decompress_in,0.0161
decompress_in,0.0163
decompress_in,0.0161
decompress_in,0.0164
decompress_in,0.0163
decompress_in,0.0161
decompress_in,0.0296
decompress_in,0.0165
decompress_in,0.0173
decompress_in,0.0173
decompress_in,0.0168
decompress_in,0.0166
decompress_in,0.0169
decompress_in,0.0168
decompress_in,0.0171
decompress_in,0.0171
decompress_in,0.0171
decompress_in,0.0170
decompress_in,0.0172
decompress_in,0.0170
decompress_in,0.0171
decompress_in,0.0172
decompress_in,0.0183
decompress_in,0.0199
decompress_in,0.0163
decompress_in,0.0191
decompress_in,0.0185
decompress_in,0.0306
decompress_in,0.0175
decompress_in,0.0171
decompress_in,0.0181
decompress_in,0.0252
verify_in,0.0092
verify_in,0.0090
verify_in,0.0085
verify_in,0.0089
verify_in,0.0084
verify_in,0.0088
verify_in,0.0088
verify_in,0.0086
verify_in,0.0090
verify_in,0.0085
verify_in,0.0085
verify_in,0.0085
verify_in,0.0085
verify_in,0.0086
verify_in,0.0085
verify_in,0.0087
verify_in,0.0076
verify_in,0.0078
verify_in,0.0076
verify_in,0.0074
verify_in,0.0076
verify_in,0.0076
verify_in,0.0074
verify_in,0.0073
verify_in,0.0075
verify_in,0.0083
verify_in,0.0080
verify_in,0.0078
verify_in,0.0075
verify_in,0.0076
verify_in,0.0077
verify_in,0.0074
verify_in,0.0075
verify_in,0.0077
verify_in,0.0075
verify_in,0.0073
verify_in,0.0076
verify_in,0.0076
verify_in,0.0075
verify_in,0.0073
verify_in,0.0075
verify_in,0.0074
verify_in,0.0075
verify_in,0.0074
verify_in,0.0075
verify_in,0.0074
verify_in,0.0076
verify_in,0.0075
verify_in,0.0075
verify_in,0.0075
verify_in,0.0077
verify_in,0.0077
verify_in,0.0075
verify_in,0.0074
verify_in,0.0076
verify_in,0.0075
verify_in,0.0075
verify_in,0.0074
verify_in,0.0076
verify_in,0.0075
verify_in,0.0078
verify_in,0.0078
verify_in,0.0075
verify_in,0.0074
verify_in,0.0081
verify_in,0.0081
verify_in,0.0083
verify_in,0.0075
verify_in,0.0076
verify_in,0.0075
verify_in,0.0076
verify_in,0.0080
verify_in,0.0076
verify_in,0.0074
verify_in,0.0076
verify_in,0.0074
verify_in,0.0075
verify_in,0.0075
verify_in,0.0075
verify_in,0.0074
verify_in,0.0075
verify_in,0.0074
verify_in,0.0075
verify_in,0.0074
verify_in,0.0075
verify_in,0.0075
verify_in,0.0075
verify_in,0.0075
verify_in,0.0075
verify_in,0.0076
verify_in,0.0075
verify_in,0.0076
verify_in,0.0074
verify_in,0.0114
cloud_inference,6.1873
cloud_inference,6.2744
cloud_inference,6.3935
cloud_inference,6.4924
cloud_inference,6.0889
cloud_inference,6.2756
cloud_inference,6.1804
cloud_inference,5.8029
cloud_inference,6.1205
cloud_inference,6.2121
cloud_inference,6.2513
cloud_inference,6.4758
cloud_inference,6.0722
cloud_inference,6.3170
cloud_inference,5.5473
cloud_inference,6.1880
cloud_inference,5.1980
cloud_inference,5.6340
cloud_inference,4.7730
cloud_inference,5.5156
cloud_inference,4.8044
cloud_inference,5.2154
cloud_inference,4.9601
cloud_inference,5.0902
cloud_inference,5.0906
cloud_inference,5.0812
cloud_inference,5.0680
cloud_inference,4.9994
cloud_inference,4.9260
cloud_inference,4.9426
cloud_inference,4.8644
cloud_inference,4.8209
cloud_inference,5.0592
cloud_inference,5.1600
cloud_inference,5.1198
cloud_inference,5.0400
cloud_inference,4.9611
cloud_inference,4.9792
cloud_inference,5.4236
cloud_inference,5.2392
cloud_inference,5.4628
cloud_inference,5.1962
cloud_inference,5.0044
cloud_inference,5.2355
cloud_inference,5.0087
cloud_inference,5.1546
cloud_inference,5.1208
cloud_inference,4.9487
cloud_inference,4.5283
cloud_inference,4.9555
cloud_inference,5.0490
cloud_inference,5.0020
cloud_inference,5.3844
cloud_inference,5.2557
cloud_inference,5.4104
cloud_inference,5.2530
cloud_inference,5.2530
cloud_inference,5.2943
cloud_inference,5.1202
cloud_inference,5.1718
cloud_inference,5.0772
cloud_inference,5.1258
cloud_inference,5.0406
cloud_inference,4.6368
cloud_inference,4.6442
cloud_inference,4.9123
cloud_inference,5.0433
cloud_inference,5.2634
cloud_inference,5.3407
cloud_inference,5.0992
cloud_inference,5.4438
cloud_inference,5.4888
cloud_inference,5.3113
cloud_inference,5.2197
cloud_inference,5.0442
cloud_inference,5.2131
cloud_inference,5.1915
cloud_inference,5.1168
cloud_inference,5.1024
cloud_inference,5.0634
cloud_inference,4.9970
cloud_inference,4.9089
cloud_inference,5.2730
cloud_inference,5.3128
cloud_inference,5.3653
cloud_inference,5.4317
cloud_inference,5.3291
cloud_inference,5.2252
cloud_inference,4.9866
cloud_inference,5.0557
cloud_inference,5.3993
cloud_inference,4.9386
cloud_inference,4.8331
cloud_inference,4.3198
